Component: ARM Compiler 5.06 update 6 (build 750) Tool: armlink [4d35ed]

==============================================================================

Section Cross References

    startup_stm32f103xe.o(STACK) refers (Special) to heapauxi.o(.text) for __use_two_region_memory
    startup_stm32f103xe.o(HEAP) refers (Special) to heapauxi.o(.text) for __use_two_region_memory
    startup_stm32f103xe.o(RESET) refers (Special) to heapauxi.o(.text) for __use_two_region_memory
    startup_stm32f103xe.o(RESET) refers to startup_stm32f103xe.o(STACK) for __initial_sp
    startup_stm32f103xe.o(RESET) refers to startup_stm32f103xe.o(.text) for Reset_Handler
    startup_stm32f103xe.o(RESET) refers to stm32f1xx_it.o(i.NMI_Handler) for NMI_Handler
    startup_stm32f103xe.o(RESET) refers to stm32f1xx_it.o(i.HardFault_Handler) for HardFault_Handler
    startup_stm32f103xe.o(RESET) refers to stm32f1xx_it.o(i.MemManage_Handler) for MemManage_Handler
    startup_stm32f103xe.o(RESET) refers to stm32f1xx_it.o(i.BusFault_Handler) for BusFault_Handler
    startup_stm32f103xe.o(RESET) refers to stm32f1xx_it.o(i.UsageFault_Handler) for UsageFault_Handler
    startup_stm32f103xe.o(RESET) refers to stm32f1xx_it.o(i.SVC_Handler) for SVC_Handler
    startup_stm32f103xe.o(RESET) refers to stm32f1xx_it.o(i.DebugMon_Handler) for DebugMon_Handler
    startup_stm32f103xe.o(RESET) refers to stm32f1xx_it.o(i.PendSV_Handler) for PendSV_Handler
    startup_stm32f103xe.o(RESET) refers to bsp_systick.o(i.SysTick_Handler) for SysTick_Handler
    startup_stm32f103xe.o(RESET) refers to bsp_exti.o(i.EXTI0_IRQHandler) for EXTI0_IRQHandler
    startup_stm32f103xe.o(RESET) refers to bsp_exti.o(i.EXTI1_IRQHandler) for EXTI1_IRQHandler
    startup_stm32f103xe.o(RESET) refers to bsp_exti.o(i.EXTI2_IRQHandler) for EXTI2_IRQHandler
    startup_stm32f103xe.o(RESET) refers to bsp_exti.o(i.EXTI3_IRQHandler) for EXTI3_IRQHandler
    startup_stm32f103xe.o(RESET) refers to bsp_exti.o(i.EXTI4_IRQHandler) for EXTI4_IRQHandler
    startup_stm32f103xe.o(RESET) refers to bsp_dma.o(i.DMA1_Channel1_IRQHandler) for DMA1_Channel1_IRQHandler
    startup_stm32f103xe.o(RESET) refers to bsp_dma.o(i.DMA1_Channel2_IRQHandler) for DMA1_Channel2_IRQHandler
    startup_stm32f103xe.o(RESET) refers to bsp_dma.o(i.DMA1_Channel3_IRQHandler) for DMA1_Channel3_IRQHandler
    startup_stm32f103xe.o(RESET) refers to bsp_dma.o(i.DMA1_Channel4_IRQHandler) for DMA1_Channel4_IRQHandler
    startup_stm32f103xe.o(RESET) refers to bsp_dma.o(i.DMA1_Channel5_IRQHandler) for DMA1_Channel5_IRQHandler
    startup_stm32f103xe.o(RESET) refers to bsp_dma.o(i.DMA1_Channel6_IRQHandler) for DMA1_Channel6_IRQHandler
    startup_stm32f103xe.o(RESET) refers to bsp_dma.o(i.DMA1_Channel7_IRQHandler) for DMA1_Channel7_IRQHandler
    startup_stm32f103xe.o(RESET) refers to bsp_timer.o(i.TIM2_IRQHandler) for TIM2_IRQHandler
    startup_stm32f103xe.o(RESET) refers to bsp_timer.o(i.TIM3_IRQHandler) for TIM3_IRQHandler
    startup_stm32f103xe.o(RESET) refers to bsp_uart.o(i.USART1_IRQHandler) for USART1_IRQHandler
    startup_stm32f103xe.o(RESET) refers to bsp_uart.o(i.USART2_IRQHandler) for USART2_IRQHandler
    startup_stm32f103xe.o(RESET) refers to bsp_exti.o(i.EXTI15_10_IRQHandler) for EXTI15_10_IRQHandler
    startup_stm32f103xe.o(.text) refers (Special) to heapauxi.o(.text) for __use_two_region_memory
    startup_stm32f103xe.o(.text) refers to system_stm32f1xx.o(i.SystemInit) for SystemInit
    startup_stm32f103xe.o(.text) refers to __main.o(!!!main) for __main
    startup_stm32f103xe.o(.text) refers to startup_stm32f103xe.o(HEAP) for Heap_Mem
    startup_stm32f103xe.o(.text) refers to startup_stm32f103xe.o(STACK) for Stack_Mem
    stm32f1xx_hal.o(i.HAL_DeInit) refers to stm32f1xx_hal_msp.o(i.HAL_MspDeInit) for HAL_MspDeInit
    stm32f1xx_hal.o(i.HAL_Delay) refers to stm32f1xx_hal.o(i.HAL_GetTick) for HAL_GetTick
    stm32f1xx_hal.o(i.HAL_Delay) refers to stm32f1xx_hal.o(.data) for .data
    stm32f1xx_hal.o(i.HAL_GetTick) refers to stm32f1xx_hal.o(.data) for .data
    stm32f1xx_hal.o(i.HAL_GetTickFreq) refers to stm32f1xx_hal.o(.data) for .data
    stm32f1xx_hal.o(i.HAL_GetTickPrio) refers to stm32f1xx_hal.o(.data) for .data
    stm32f1xx_hal.o(i.HAL_IncTick) refers to stm32f1xx_hal.o(.data) for .data
    stm32f1xx_hal.o(i.HAL_Init) refers to stm32f1xx_hal_cortex.o(i.HAL_NVIC_SetPriorityGrouping) for HAL_NVIC_SetPriorityGrouping
    stm32f1xx_hal.o(i.HAL_Init) refers to stm32f1xx_hal_msp.o(i.HAL_MspInit) for HAL_MspInit
    stm32f1xx_hal.o(i.HAL_InitTick) refers to stm32f1xx_hal_cortex.o(i.HAL_SYSTICK_Config) for HAL_SYSTICK_Config
    stm32f1xx_hal.o(i.HAL_InitTick) refers to stm32f1xx_hal_cortex.o(i.HAL_NVIC_SetPriority) for HAL_NVIC_SetPriority
    stm32f1xx_hal.o(i.HAL_InitTick) refers to stm32f1xx_hal.o(.data) for .data
    stm32f1xx_hal.o(i.HAL_InitTick) refers to system_stm32f1xx.o(.data) for SystemCoreClock
[...]
    SPI_WaitFlagStateUntilTimeout            0x08003381   Thumb Code   146  stm32f1xx_hal_spi.o(i.SPI_WaitFlagStateUntilTimeout)
    i.SVC_Handler                            0x08003412   Section        0  stm32f1xx_it.o(i.SVC_Handler)
    i.SysTick_Handler                        0x08003414   Section        0  bsp_systick.o(i.SysTick_Handler)
    i.SystemInit                             0x0800342c   Section        0  system_stm32f1xx.o(i.SystemInit)
    i.TIM2_IRQHandler                        0x08003474   Section        0  bsp_timer.o(i.TIM2_IRQHandler)
    i.TIM3_IRQHandler                        0x080034c0   Section        0  bsp_timer.o(i.TIM3_IRQHandler)
    i.TIM_Base_SetConfig                     0x080034fc   Section        0  stm32f1xx_hal_tim.o(i.TIM_Base_SetConfig)
    i.UART_SetConfig                         0x08003568   Section        0  stm32f1xx_hal_uart.o(i.UART_SetConfig)
    UART_SetConfig                           0x08003569   Thumb Code   272  stm32f1xx_hal_uart.o(i.UART_SetConfig)
    i.USART1_IRQHandler                      0x0800367c   Section        0  bsp_uart.o(i.USART1_IRQHandler)
    i.USART2_IRQHandler                      0x080036fc   Section        0  bsp_uart.o(i.USART2_IRQHandler)
    i.UsageFault_Handler                     0x080037c4   Section        0  stm32f1xx_it.o(i.UsageFault_Handler)
    i.__NVIC_SetPriority                     0x080037c6   Section        0  stm32f1xx_hal_cortex.o(i.__NVIC_SetPriority)
    __NVIC_SetPriority                       0x080037c7   Thumb Code    32  stm32f1xx_hal_cortex.o(i.__NVIC_SetPriority)
    i.beep_off                               0x080037e8   Section        0  func_beep.o(i.beep_off)
    beep_off                                 0x080037e9   Thumb Code     8  func_beep.o(i.beep_off)
    i.beep_on                                0x080037f4   Section        0  func_beep.o(i.beep_on)
    beep_on                                  0x080037f5   Thumb Code     8  func_beep.o(i.beep_on)
    i.bsp_oled_delay                         0x08003800   Section        0  bsp_hard_oled.o(i.bsp_oled_delay)
    bsp_oled_delay                           0x08003801   Thumb Code    10  bsp_hard_oled.o(i.bsp_oled_delay)
    i.bsp_oled_io_config                     0x0800380c   Section        0  bsp_hard_oled.o(i.bsp_oled_io_config)
    bsp_oled_io_config                       0x0800380d   Thumb Code    70  bsp_hard_oled.o(i.bsp_oled_io_config)
    i.bsp_oled_wr_byte                       0x08003860   Section        0  bsp_hard_oled.o(i.bsp_oled_wr_byte)
    bsp_oled_wr_byte                         0x08003861   Thumb Code    32  bsp_hard_oled.o(i.bsp_oled_wr_byte)
    i.bsp_spi_send_byte                      0x08003884   Section        0  bsp_hard_oled.o(i.bsp_spi_send_byte)
    bsp_spi_send_byte                        0x08003885   Thumb Code    12  bsp_hard_oled.o(i.bsp_spi_send_byte)
    i.bsp_spi_send_bytes                     0x08003894   Section        0  bsp_hard_oled.o(i.bsp_spi_send_bytes)
    bsp_spi_send_bytes                       0x08003895   Thumb Code     4  bsp_hard_oled.o(i.bsp_spi_send_bytes)
    i.func_dht11_get_temp_humi               0x08003898   Section        0  func_dht11.o(i.func_dht11_get_temp_humi)
    i.get_interface_fa_state                 0x08003a30   Section        0  func_pc_interface_com.o(i.get_interface_fa_state)
    get_interface_fa_state                   0x08003a31   Thumb Code    14  func_pc_interface_com.o(i.get_interface_fa_state)
    i.get_time_tick                          0x08003a3e   Section        0  func_ir_decode.o(i.get_time_tick)
    get_time_tick                            0x08003a3f   Thumb Code     4  func_ir_decode.o(i.get_time_tick)
    i.interface_fa_buf                       0x08003a42   Section        0  func_pc_interface_com.o(i.interface_fa_buf)
    interface_fa_buf                         0x08003a43   Thumb Code    18  func_pc_interface_com.o(i.interface_fa_buf)
    i.main                                   0x08003a54   Section        0  main.o(i.main)
    i.ringbuf_get_len                        0x08003c78   Section        0  bsp_uart.o(i.ringbuf_get_len)
    ringbuf_get_len                          0x08003c79   Thumb Code     4  bsp_uart.o(i.ringbuf_get_len)
    i.ringbuf_init                           0x08003c7c   Section        0  bsp_uart.o(i.ringbuf_init)
    ringbuf_init                             0x08003c7d   Thumb Code    32  bsp_uart.o(i.ringbuf_init)
    i.ringbuf_read                           0x08003c9c   Section        0  bsp_uart.o(i.ringbuf_read)
    ringbuf_read                             0x08003c9d   Thumb Code    48  bsp_uart.o(i.ringbuf_read)
    i.ringbuf_write                          0x08003ccc   Section        0  bsp_uart.o(i.ringbuf_write)
    ringbuf_write                            0x08003ccd   Thumb Code    68  bsp_uart.o(i.ringbuf_write)
    i.set_time_tick                          0x08003d10   Section        0  func_ir_decode.o(i.set_time_tick)
    set_time_tick                            0x08003d11   Thumb Code     4  func_ir_decode.o(i.set_time_tick)
    i.show_debug_picture_value               0x08003d14   Section        0  app_oled_display.o(i.show_debug_picture_value)
    i.show_idle_picture_value                0x08003d18   Section        0  app_oled_display.o(i.show_idle_picture_value)
    x$fpl$ffltu                              0x08003e08   Section       38  fflt_clz.o(x$fpl$ffltu)
    .constdata                               0x08003e2e   Section       16  system_stm32f1xx.o(.constdata)
    x$fpl$usenofp                            0x08003e2e   Section        0  usenofp.o(x$fpl$usenofp)
    .constdata                               0x08003e3e   Section        8  system_stm32f1xx.o(.constdata)
    .constdata                               0x08003e46   Section     1024  func_s_crc16.o(.constdata)
    .constdata                               0x08004246   Section        3  func_alone_key.o(.constdata)
    .constdata                               0x08004249   Section     6080  func_oled.o(.constdata)
    .constdata                               0x08005a09   Section       20  func_ir_nec_key.o(.constdata)
    .data                                    0x20000000   Section       12  stm32f1xx_hal.o(.data)
    .data                                    0x2000000c   Section        4  bsp_systick.o(.data)
    .data                                    0x20000010   Section       28  bsp_timer.o(.data)
    j                                        0x20000010   Data           2  bsp_timer.o(.data)
    j                                        0x20000012   Data           2  bsp_timer.o(.data)
    .data                                    0x2000002c   Section        1  bsp_spi.o(.data)
    .data                                    0x2000002d   Section        2  bsp_hard_oled.o(.data)
    d                                        0x2000002d   Data           1  bsp_hard_oled.o(.data)
    refresh_state                            0x2000002e   Data           1  bsp_hard_oled.o(.data)
    .data                                    0x20000030   Section        4  system_stm32f1xx.o(.data)
    .data                                    0x20000034   Section        4  func_s_delay.o(.data)
    .data                                    0x20000038   Section       22  func_time_mark.o(.data)
    _50_ms_count                             0x20000040   Data           2  func_time_mark.o(.data)
    _100_ms_count                            0x20000042   Data           2  func_time_mark.o(.data)
    _500_ms_count                            0x20000044   Data           2  func_time_mark.o(.data)
    _1000_ms_count                           0x20000046   Data           2  func_time_mark.o(.data)
    _5000_ms_count                           0x20000048   Data           2  func_time_mark.o(.data)
    _500_ms_fb_count                         0x2000004a   Data           2  func_time_mark.o(.data)
    _1000_ms_fb_count                        0x2000004c   Data           2  func_time_mark.o(.data)
    .data                                    0x2000004e   Section        6  func_beep.o(.data)
    beep_n                                   0x2000004f   Data           1  func_beep.o(.data)
    beep_t                                   0x20000050   Data           2  func_beep.o(.data)
    beep_timer_t                             0x20000052   Data           2  func_beep.o(.data)
    .data                                    0x20000054   Section       14  func_alone_key.o(.data)
    beep_mark                                0x20000055   Data           1  func_alone_key.o(.data)
    key_ynum                                 0x2000005c   Data           6  func_alone_key.o(.data)
    .data                                    0x20000062   Section       18  func_ir_decode.o(.data)
    bus_idle_mark                            0x20000062   Data           1  func_ir_decode.o(.data)
    bus_idle_count                           0x20000063   Data           1  func_ir_decode.o(.data)
    nec_data_end_mark                        0x20000064   Data           1  func_ir_decode.o(.data)
    nec_data_end_count                       0x20000065   Data           1  func_ir_decode.o(.data)
    nec_ecode_state                          0x20000066   Data           1  func_ir_decode.o(.data)
    nec_ecode_get_cmd_mark                   0x20000067   Data           1  func_ir_decode.o(.data)
    nec_add_bit_count                        0x20000068   Data           1  func_ir_decode.o(.data)
    nec_add                                  0x20000069   Data           1  func_ir_decode.o(.data)
    nec_add_f                                0x2000006a   Data           1  func_ir_decode.o(.data)
    nec_cmd_bit_count                        0x2000006b   Data           1  func_ir_decode.o(.data)
    nec_cmd                                  0x2000006c   Data           1  func_ir_decode.o(.data)
    nec_cmd_f                                0x2000006d   Data           1  func_ir_decode.o(.data)
    .data                                    0x20000074   Section        2  func_ir_nec_key.o(.data)
    beep_mark                                0x20000074   Data           1  func_ir_nec_key.o(.data)
    get_key_en                               0x20000075   Data           1  func_ir_nec_key.o(.data)
    .data                                    0x20000076   Section       12  func_pc_interface_com.o(.data)
    .data                                    0x20000082   Section        3  app_oled_display.o(.data)
    arg_picture_id_last                      0x20000083   Data           1  app_oled_display.o(.data)
    static_pic_refresh_mark                  0x20000084   Data           1  app_oled_display.o(.data)
    .data                                    0x20000085   Section        6  main.o(.data)
    .bss                                     0x2000008c   Section      884  bsp_dma.o(.bss)
    .bss                                     0x20000400   Section      192  bsp_timer.o(.bss)
    .bss                                     0x200004c0   Section      624  bsp_uart.o(.bss)
    .bss                                     0x20000730   Section       88  bsp_spi.o(.bss)
    .bss                                     0x20000788   Section       84  func_s_version_con.o(.bss)
    .bss                                     0x200007dc   Section     1024  func_oled.o(.bss)
    .bss                                     0x20000bdc   Section       20  func_ir_nec_key.o(.bss)
    .bss                                     0x20000bf0   Section       44  func_dht11.o(.bss)
    .bss                                     0x20000c1c   Section      912  func_pc_interface_com.o(.bss)
    .bss                                     0x20000fac   Section       12  main.o(.bss)
    main_nb_delay_ms1                        0x20000fac   Data          12  main.o(.bss)
    .bss                                     0x20000fb8   Section       96  libspace.o(.bss)
    HEAP                                     0x20001018   Section      512  startup_stm32f103xe.o(HEAP)
    Heap_Mem                                 0x20001018   Data         512  startup_stm32f103xe.o(HEAP)
    STACK                                    0x20001218   Section     2048  startup_stm32f103xe.o(STACK)
    Stack_Mem                                0x20001218   Data        2048  startup_stm32f103xe.o(STACK)
    __initial_sp                             0x20001a18   Data           0  startup_stm32f103xe.o(STACK)

    Global Symbols

    Symbol Name                              Value     Ov Type        Size  Object(Section)

    BuildAttributes$$THM_ISAv4$P$D$K$B$S$PE$A:L22UL41UL21$X:L11$S22US41US21$IEEE1$IW$USESV6$~STKCKD$USESV7$~SHL$OSPACE$ROPI$EBA8$UX$STANDARDLIB$REQ8$PRES8$EABIv2 0x00000000   Number         0  anon$$obj.o ABSOLUTE
    __ARM_use_no_argv                        0x00000000   Number         0  main.o ABSOLUTE
    __ARM_exceptions_init                     - Undefined Weak Reference
    __alloca_initialize                       - Undefined Weak Reference
    __arm_preinit_                            - Undefined Weak Reference
    __cpp_initialize__aeabi_                  - Undefined Weak Reference
    __cxa_finalize                            - Undefined Weak Reference
    __rt_locale                               - Undefined Weak Reference
    __sigvec_lookup                           - Undefined Weak Reference
    _atexit_init                              - Undefined Weak Reference
    _call_atexit_fns                          - Undefined Weak Reference
    _clock_init                               - Undefined Weak Reference
    _fp_trap_init                             - Undefined Weak Reference
    _fp_trap_shutdown                         - Undefined Weak Reference
    _get_lc_collate                           - Undefined Weak Reference
    _get_lc_ctype                             - Undefined Weak Reference
    _get_lc_monetary                          - Undefined Weak Reference
    _get_lc_numeric                           - Undefined Weak Reference
    _get_lc_time                              - Undefined Weak Reference
    _getenv_init                              - Undefined Weak Reference
    _handle_redirection                       - Undefined Weak Reference
    _init_alloc                               - Undefined Weak Reference
    _init_user_alloc                          - Undefined Weak Reference
    _initio                                   - Undefined Weak Reference
    _printf_post_padding                      - Undefined Weak Reference
    _printf_pre_padding                       - Undefined Weak Reference
    _printf_truncate_signed                   - Undefined Weak Reference
    _printf_truncate_unsigned                 - Undefined Weak Reference
    _rand_init                                - Undefined Weak Reference
    _signal_finish                            - Undefined Weak Reference
    _signal_init                              - Undefined Weak Reference
    _terminate_alloc                          - Undefined Weak Reference
    _terminate_user_alloc                     - Undefined Weak Reference
    _terminateio                              - Undefined Weak Reference
    __Vectors_Size                           0x00000130   Number         0  startup_stm32f103xe.o ABSOLUTE
    __Vectors                                0x08000000   Data           4  startup_stm32f103xe.o(RESET)
    __Vectors_End                            0x08000130   Data           0  startup_stm32f103xe.o(RESET)
    __main                                   0x08000131   Thumb Code     8  __main.o(!!!main)
    __scatterload                            0x08000139   Thumb Code     0  __scatter.o(!!!scatter)
    __scatterload_rt2                        0x08000139   Thumb Code    44  __scatter.o(!!!scatter)
    __scatterload_rt2_thumb_only             0x08000139   Thumb Code     0  __scatter.o(!!!scatter)
    __scatterload_null                       0x08000147   Thumb Code     0  __scatter.o(!!!scatter)
    __scatterload_copy                       0x0800016d   Thumb Code    26  __scatter_copy.o(!!handler_copy)
    __scatterload_zeroinit                   0x08000189   Thumb Code    28  __scatter_zi.o(!!handler_zi)
    _printf_d                                0x080001a5   Thumb Code     0  _printf_d.o(.ARM.Collect$$_printf_percent$$00000009)
    _printf_percent                          0x080001a5   Thumb Code     0  _printf_percent.o(.ARM.Collect$$_printf_percent$$00000000)
    _printf_percent_end                      0x080001ab   Thumb Code     0  _printf_percent_end.o(.ARM.Collect$$_printf_percent$$00000017)
    __rt_lib_init                            0x080001af   Thumb Code     0  libinit.o(.ARM.Collect$$libinit$$00000000)
    __rt_lib_init_alloca_1                   0x080001b1   Thumb Code     0  libinit2.o(.ARM.Collect$$libinit$$0000002E)
    __rt_lib_init_argv_1                     0x080001b1   Thumb Code     0  libinit2.o(.ARM.Collect$$libinit$$0000002C)
    __rt_lib_init_atexit_1                   0x080001b1   Thumb Code     0  libinit2.o(.ARM.Collect$$libinit$$0000001B)
    __rt_lib_init_clock_1                    0x080001b1   Thumb Code     0  libinit2.o(.ARM.Collect$$libinit$$00000021)
    __rt_lib_init_cpp_1                      0x080001b1   Thumb Code     0  libinit2.o(.ARM.Collect$$libinit$$00000032)
    __rt_lib_init_exceptions_1               0x080001b1   Thumb Code     0  libinit2.o(.ARM.Collect$$libinit$$00000030)
    __rt_lib_init_fp_1                       0x080001b1   Thumb Code     0  libinit2.o(.ARM.Collect$$libinit$$00000002)
    __rt_lib_init_fp_trap_1                  0x080001b1   Thumb Code     0  libinit2.o(.ARM.Collect$$libinit$$0000001F)
    __rt_lib_init_getenv_1                   0x080001b1   Thumb Code     0  libinit2.o(.ARM.Collect$$libinit$$00000023)
    __rt_lib_init_heap_1                     0x080001b1   Thumb Code     0  libinit2.o(.ARM.Collect$$libinit$$0000000A)
    __rt_lib_init_lc_collate_1               0x080001b1   Thumb Code     0  libinit2.o(.ARM.Collect$$libinit$$00000011)
    __rt_lib_init_lc_ctype_1                 0x080001b1   Thumb Code     0  libinit2.o(.ARM.Collect$$libinit$$00000013)
    __rt_lib_init_lc_monetary_1              0x080001b1   Thumb Code     0  libinit2.o(.ARM.Collect$$libinit$$00000015)
    __rt_lib_init_lc_numeric_1               0x080001b1   Thumb Code     0  libinit2.o(.ARM.Collect$$libinit$$00000017)
    __rt_lib_init_lc_time_1                  0x080001b1   Thumb Code     0  libinit2.o(.ARM.Collect$$libinit$$00000019)
    __rt_lib_init_preinit_1                  0x080001b1   Thumb Code     0  libinit2.o(.ARM.Collect$$libinit$$00000004)
    __rt_lib_init_rand_1                     0x080001b1   Thumb Code     0  libinit2.o(.ARM.Collect$$libinit$$0000000E)
    __rt_lib_init_return                     0x080001b1   Thumb Code     0  libinit2.o(.ARM.Collect$$libinit$$00000033)
    __rt_lib_init_signal_1                   0x080001b1   Thumb Code     0  libinit2.o(.ARM.Collect$$libinit$$0000001D)
    __rt_lib_init_stdio_1                    0x080001b1   Thumb Code     0  libinit2.o(.ARM.Collect$$libinit$$00000025)
    __rt_lib_init_user_alloc_1               0x080001b1   Thumb Code     0  libinit2.o(.ARM.Collect$$libinit$$0000000C)
    __rt_lib_shutdown                        0x080001b3   Thumb Code     0  libshutdown.o(.ARM.Collect$$libshutdown$$00000000)
    __rt_lib_shutdown_cpp_1                  0x080001b5   Thumb Code     0  libshutdown2.o(.ARM.Collect$$libshutdown$$00000002)
    __rt_lib_shutdown_fp_trap_1              0x080001b5   Thumb Code     0  libshutdown2.o(.ARM.Collect$$libshutdown$$00000007)
    __rt_lib_shutdown_heap_1                 0x080001b5   Thumb Code     0  libshutdown2.o(.ARM.Collect$$libshutdown$$0000000F)
    __rt_lib_shutdown_return                 0x080001b5   Thumb Code     0  libshutdown2.o(.ARM.Collect$$libshutdown$$00000010)
    __rt_lib_shutdown_signal_1               0x080001b5   Thumb Code     0  libshutdown2.o(.ARM.Collect$$libshutdown$$0000000A)
    __rt_lib_shutdown_stdio_1                0x080001b5   Thumb Code     0  libshutdown2.o(.ARM.Collect$$libshutdown$$00000004)
    __rt_lib_shutdown_user_alloc_1           0x080001b5   Thumb Code     0  libshutdown2.o(.ARM.Collect$$libshutdown$$0000000C)
    __rt_entry                               0x080001b7   Thumb Code     0  __rtentry.o(.ARM.Collect$$rtentry$$00000000)
    __rt_entry_presh_1                       0x080001b7   Thumb Code     0  __rtentry2.o(.ARM.Collect$$rtentry$$00000002)
    __rt_entry_sh                            0x080001b7   Thumb Code     0  __rtentry4.o(.ARM.Collect$$rtentry$$00000004)
    __rt_entry_li                            0x080001bd   Thumb Code     0  __rtentry2.o(.ARM.Collect$$rtentry$$0000000A)
    __rt_entry_postsh_1                      0x080001bd   Thumb Code     0  __rtentry2.o(.ARM.Collect$$rtentry$$00000009)
    __rt_entry_main                          0x080001c1   Thumb Code     0  __rtentry2.o(.ARM.Collect$$rtentry$$0000000D)
    __rt_entry_postli_1                      0x080001c1   Thumb Code     0  __rtentry2.o(.ARM.Collect$$rtentry$$0000000C)
    __rt_exit                                0x080001c9   Thumb Code     0  rtexit.o(.ARM.Collect$$rtexit$$00000000)
    __rt_exit_ls                             0x080001cb   Thumb Code     0  rtexit2.o(.ARM.Collect$$rtexit$$00000003)
    __rt_exit_prels_1                        0x080001cb   Thumb Code     0  rtexit2.o(.ARM.Collect$$rtexit$$00000002)
    __rt_exit_exit                           0x080001cf   Thumb Code     0  rtexit2.o(.ARM.Collect$$rtexit$$00000004)
    Reset_Handler                            0x080001d5   Thumb Code     8  startup_stm32f103xe.o(.text)
    ADC1_2_IRQHandler                        0x080001ef   Thumb Code     0  startup_stm32f103xe.o(.text)
    ADC3_IRQHandler                          0x080001ef   Thumb Code     0  startup_stm32f103xe.o(.text)
    CAN1_RX1_IRQHandler                      0x080001ef   Thumb Code     0  startup_stm32f103xe.o(.text)
    CAN1_SCE_IRQHandler                      0x080001ef   Thumb Code     0  startup_stm32f103xe.o(.text)
    DMA2_Channel1_IRQHandler                 0x080001ef   Thumb Code     0  startup_stm32f103xe.o(.text)
    DMA2_Channel2_IRQHandler                 0x080001ef   Thumb Code     0  startup_stm32f103xe.o(.text)
    DMA2_Channel3_IRQHandler                 0x080001ef   Thumb Code     0  startup_stm32f103xe.o(.text)
    DMA2_Channel4_5_IRQHandler               0x080001ef   Thumb Code     0  startup_stm32f103xe.o(.text)
    EXTI9_5_IRQHandler                       0x080001ef   Thumb Code     0  startup_stm32f103xe.o(.text)
    FLASH_IRQHandler                         0x080001ef   Thumb Code     0  startup_stm32f103xe.o(.text)
    FSMC_IRQHandler                          0x080001ef   Thumb Code     0  startup_stm32f103xe.o(.text)
    I2C1_ER_IRQHandler                       0x080001ef   Thumb Code     0  startup_stm32f103xe.o(.text)
    I2C1_EV_IRQHandler                       0x080001ef   Thumb Code     0  startup_stm32f103xe.o(.text)
    I2C2_ER_IRQHandler                       0x080001ef   Thumb Code     0  startup_stm32f103xe.o(.text)
    I2C2_EV_IRQHandler                       0x080001ef   Thumb Code     0  startup_stm32f103xe.o(.text)
    PVD_IRQHandler                           0x080001ef   Thumb Code     0  startup_stm32f103xe.o(.text)
    RCC_IRQHandler                           0x080001ef   Thumb Code     0  startup_stm32f103xe.o(.text)
    RTC_Alarm_IRQHandler                     0x080001ef   Thumb Code     0  startup_stm32f103xe.o(.text)
    RTC_IRQHandler                           0x080001ef   Thumb Code     0  startup_stm32f103xe.o(.text)
    SDIO_IRQHandler                          0x080001ef   Thumb Code     0  startup_stm32f103xe.o(.text)
    SPI1_IRQHandler                          0x080001ef   Thumb Code     0  startup_stm32f103xe.o(.text)
    SPI2_IRQHandler                          0x080001ef   Thumb Code     0  startup_stm32f103xe.o(.text)
    SPI3_IRQHandler                          0x080001ef   Thumb Code     0  startup_stm32f103xe.o(.text)
    TAMPER_IRQHandler                        0x080001ef   Thumb Code     0  startup_stm32f103xe.o(.text)
    TIM1_BRK_IRQHandler                      0x080001ef   Thumb Code     0  startup_stm32f103xe.o(.text)
    TIM1_CC_IRQHandler                       0x080001ef   Thumb Code     0  startup_stm32f103xe.o(.text)
    TIM1_TRG_COM_IRQHandler                  0x080001ef   Thumb Code     0  startup_stm32f103xe.o(.text)
    TIM1_UP_IRQHandler                       0x080001ef   Thumb Code     0  startup_stm32f103xe.o(.text)
    TIM4_IRQHandler                          0x080001ef   Thumb Code     0  startup_stm32f103xe.o(.text)
    TIM5_IRQHandler                          0x080001ef   Thumb Code     0  startup_stm32f103xe.o(.text)
    TIM6_IRQHandler                          0x080001ef   Thumb Code     0  startup_stm32f103xe.o(.text)
    TIM7_IRQHandler                          0x080001ef   Thumb Code     0  startup_stm32f103xe.o(.text)
    TIM8_BRK_IRQHandler                      0x080001ef   Thumb Code     0  startup_stm32f103xe.o(.text)
    TIM8_CC_IRQHandler                       0x080001ef   Thumb Code     0  startup_stm32f103xe.o(.text)
    TIM8_TRG_COM_IRQHandler                  0x080001ef   Thumb Code     0  startup_stm32f103xe.o(.text)
    TIM8_UP_IRQHandler                       0x080001ef   Thumb Code     0  startup_stm32f103xe.o(.text)
    UART4_IRQHandler                         0x080001ef   Thumb Code     0  startup_stm32f103xe.o(.text)
    UART5_IRQHandler                         0x080001ef   Thumb Code     0  startup_stm32f103xe.o(.text)
    USART3_IRQHandler                        0x080001ef   Thumb Code     0  startup_stm32f103xe.o(.text)
    USBWakeUp_IRQHandler                     0x080001ef   Thumb Code     0  startup_stm32f103xe.o(.text)
    USB_HP_CAN1_TX_IRQHandler                0x080001ef   Thumb Code     0  startup_stm32f103xe.o(.text)
    USB_LP_CAN1_RX0_IRQHandler               0x080001ef   Thumb Code     0  startup_stm32f103xe.o(.text)
    WWDG_IRQHandler                          0x080001ef   Thumb Code     0  startup_stm32f103xe.o(.text)
    __user_initial_stackheap                 0x080001f1   Thumb Code     0  startup_stm32f103xe.o(.text)
    __2sprintf                               0x08000215   Thumb Code    34  noretval__2sprintf.o(.text)
    __printf                                 0x0800023d   Thumb Code   104  __printf.o(.text)
    _printf_int_dec                          0x080002a5   Thumb Code   104  _printf_dec.o(.text)
    __aeabi_memcpy4                          0x0800031d   Thumb Code     0  rt_memcpy_w.o(.text)
    __aeabi_memcpy8                          0x0800031d   Thumb Code     0  rt_memcpy_w.o(.text)
    __rt_memcpy_w                            0x0800031d   Thumb Code   100  rt_memcpy_w.o(.text)
    _memcpy_lastbytes_aligned                0x08000365   Thumb Code     0  rt_memcpy_w.o(.text)
    __aeabi_memclr4                          0x08000381   Thumb Code     0  rt_memclr_w.o(.text)
    __aeabi_memclr8                          0x08000381   Thumb Code     0  rt_memclr_w.o(.text)
    __rt_memclr_w                            0x08000381   Thumb Code    78  rt_memclr_w.o(.text)
    _memset_w                                0x08000385   Thumb Code     0  rt_memclr_w.o(.text)
    __use_two_region_memory                  0x080003cf   Thumb Code     2  heapauxi.o(.text)
    __rt_heap_escrow$2region                 0x080003d1   Thumb Code     2  heapauxi.o(.text)
    __rt_heap_expand$2region                 0x080003d3   Thumb Code     2  heapauxi.o(.text)
    _printf_int_common                       0x080003d5   Thumb Code   178  _printf_intcommon.o(.text)
    _printf_char_common                      0x08000493   Thumb Code    32  _printf_char_common.o(.text)
    _sputc                                   0x080004b9   Thumb Code    10  _sputc.o(.text)
    __user_setup_stackheap                   0x080004c3   Thumb Code    74  sys_stackheap_outer.o(.text)
    exit                                     0x0800050d   Thumb Code    18  exit.o(.text)
    __user_libspace                          0x08000521   Thumb Code     8  libspace.o(.text)
    __user_perproc_libspace                  0x08000521   Thumb Code     0  libspace.o(.text)
    __user_perthread_libspace                0x08000521   Thumb Code     0  libspace.o(.text)
    _sys_exit                                0x08000529   Thumb Code     8  sys_exit.o(.text)
    __I$use$semihosting                      0x08000535   Thumb Code     0  use_no_semi.o(.text)
    __use_no_semihosting_swi                 0x08000535   Thumb Code     2  use_no_semi.o(.text)
    __semihosting_library_function           0x08000537   Thumb Code     0  indicate_semi.o(.text)
    APP_OLED_DISPLAY_PICTURE                 0x08000539   Thumb Code   210  app_oled_display.o(i.APP_OLED_DISPLAY_PICTURE)
    BSP_BEEP_INIT                            0x08000631   Thumb Code    50  bsp_beep.o(i.BSP_BEEP_INIT)
    BSP_DHT11_IO_1_INIT                      0x0800066d   Thumb Code    26  bsp_dht11_io.o(i.BSP_DHT11_IO_1_INIT)
    BSP_DHT11_IO_1_MODE_IN                   0x0800068d   Thumb Code    24  bsp_dht11_io.o(i.BSP_DHT11_IO_1_MODE_IN)
    BSP_DHT11_IO_1_MODE_OUT                  0x080006a9   Thumb Code    24  bsp_dht11_io.o(i.BSP_DHT11_IO_1_MODE_OUT)
    BSP_DHT11_IO_D_READ                      0x080006c5   Thumb Code    16  bsp_dht11_io.o(i.BSP_DHT11_IO_D_READ)
    BSP_DHT11_IO_D_WRITE                     0x080006d9   Thumb Code    10  bsp_dht11_io.o(i.BSP_DHT11_IO_D_WRITE)
    BSP_DHT11_IO_INIT                        0x080006e9   Thumb Code    10  bsp_dht11_io.o(i.BSP_DHT11_IO_INIT)
    BSP_DHT11_IO_MODE_IN                     0x080006f3   Thumb Code    10  bsp_dht11_io.o(i.BSP_DHT11_IO_MODE_IN)
    BSP_DHT11_IO_MODE_OUT                    0x080006fd   Thumb Code    10  bsp_dht11_io.o(i.BSP_DHT11_IO_MODE_OUT)
    BSP_DMA_SPI2_RX_INIT                     0x08000709   Thumb Code    86  bsp_dma.o(i.BSP_DMA_SPI2_RX_INIT)
    BSP_DMA_SPI2_TX_INIT                     0x0800076d   Thumb Code    86  bsp_dma.o(i.BSP_DMA_SPI2_TX_INIT)
    BSP_DMA_UART2_RX_INIT                    0x080007d1   Thumb Code    86  bsp_dma.o(i.BSP_DMA_UART2_RX_INIT)
    BSP_EXTI_INIT                            0x08000835   Thumb Code    62  bsp_exti.o(i.BSP_EXTI_INIT)
    BSP_HARD_OLED_INIT                       0x08000881   Thumb Code   300  bsp_hard_oled.o(i.BSP_HARD_OLED_INIT)
    BSP_HARD_OLED_REFRESH_GRAM               0x080009b1   Thumb Code   102  bsp_hard_oled.o(i.BSP_HARD_OLED_REFRESH_GRAM)
    BSP_HARD_OLED_RST                        0x08000a2d   Thumb Code    28  bsp_hard_oled.o(i.BSP_HARD_OLED_RST)
    BSP_KEY_INIT                             0x08000a4d   Thumb Code   120  bsp_key.o(i.BSP_KEY_INIT)
    BSP_LED_INIT                             0x08000ad5   Thumb Code    84  bsp_led.o(i.BSP_LED_INIT)
    BSP_SPI2_INIT                            0x08000b39   Thumb Code    46  bsp_spi.o(i.BSP_SPI2_INIT)
    BSP_SPI2_WRITE_BYTES                     0x08000b71   Thumb Code    24  bsp_spi.o(i.BSP_SPI2_WRITE_BYTES)
    BSP_SPI2_WRITE_BYTES_DMA                 0x08000b8d   Thumb Code    32  bsp_spi.o(i.BSP_SPI2_WRITE_BYTES_DMA)
    BSP_SPI2_WRITE_READ_GET_DMA_TRANS_STATE  0x08000bb1   Thumb Code     6  bsp_spi.o(i.BSP_SPI2_WRITE_READ_GET_DMA_TRANS_STATE)
    BSP_SYSCLOCK_INIT                        0x08000bbd   Thumb Code    68  bsp_sysclock_config.o(i.BSP_SYSCLOCK_INIT)
    BSP_SYSTICK_DELAY_MS                     0x08000c01   Thumb Code    26  bsp_systick.o(i.BSP_SYSTICK_DELAY_MS)
    BSP_SYSTICK_DELAY_US                     0x08000c1b   Thumb Code    50  bsp_systick.o(i.BSP_SYSTICK_DELAY_US)
    BSP_SYSTICK_INIT                         0x08000c4d   Thumb Code    48  bsp_systick.o(i.BSP_SYSTICK_INIT)
    BSP_TIM2_GET_EXT_TICK                    0x08000c81   Thumb Code   128  bsp_timer.o(i.BSP_TIM2_GET_EXT_TICK)
    BSP_TIM2_INIT                            0x08000d09   Thumb Code    70  bsp_timer.o(i.BSP_TIM2_INIT)
    BSP_TIM2_SET_EXT_TICK                    0x08000d59   Thumb Code    64  bsp_timer.o(i.BSP_TIM2_SET_EXT_TICK)
    BSP_TIM3_INIT                            0x08000da1   Thumb Code    68  bsp_timer.o(i.BSP_TIM3_INIT)
    BSP_UART1_INIT                           0x08000df1   Thumb Code   100  bsp_uart.o(i.BSP_UART1_INIT)
    BSP_USART1_RX_RINGBUF_PROCESS_TASK       0x08000e5d   Thumb Code    52  bsp_uart.o(i.BSP_USART1_RX_RINGBUF_PROCESS_TASK)
    BSP_USART1_RX_USR_CALL                   0x08000e95   Thumb Code     8  bsp_uart.o(i.BSP_USART1_RX_USR_CALL)
    BSP_USART1_SEND_BUF                      0x08000ea1   Thumb Code    74  bsp_uart.o(i.BSP_USART1_SEND_BUF)
    BusFault_Handler                         0x08000ef5   Thumb Code     2  stm32f1xx_it.o(i.BusFault_Handler)
    DMA1_Channel1_IRQHandler                 0x08000ef7   Thumb Code     2  bsp_dma.o(i.DMA1_Channel1_IRQHandler)
    DMA1_Channel2_IRQHandler                 0x08000ef9   Thumb Code     6  bsp_dma.o(i.DMA1_Channel2_IRQHandler)
    DMA1_Channel3_IRQHandler                 0x08000f05   Thumb Code     6  bsp_dma.o(i.DMA1_Channel3_IRQHandler)
    DMA1_Channel4_IRQHandler                 0x08000f11   Thumb Code     6  bsp_dma.o(i.DMA1_Channel4_IRQHandler)
    DMA1_Channel5_IRQHandler                 0x08000f1d   Thumb Code     6  bsp_dma.o(i.DMA1_Channel5_IRQHandler)
    DMA1_Channel6_IRQHandler                 0x08000f29   Thumb Code     6  bsp_dma.o(i.DMA1_Channel6_IRQHandler)
    DMA1_Channel7_IRQHandler                 0x08000f35   Thumb Code     6  bsp_dma.o(i.DMA1_Channel7_IRQHandler)
    DebugMon_Handler                         0x08000f6d   Thumb Code     2  stm32f1xx_it.o(i.DebugMon_Handler)
    EXTI0_IRQHandler                         0x08000f71   Thumb Code    14  bsp_exti.o(i.EXTI0_IRQHandler)
    EXTI15_10_IRQHandler                     0x08000f85   Thumb Code    74  bsp_exti.o(i.EXTI15_10_IRQHandler)
    EXTI1_IRQHandler                         0x08000fd5   Thumb Code    18  bsp_exti.o(i.EXTI1_IRQHandler)
    EXTI2_IRQHandler                         0x08000fed   Thumb Code    14  bsp_exti.o(i.EXTI2_IRQHandler)
    EXTI3_IRQHandler                         0x08001001   Thumb Code    14  bsp_exti.o(i.EXTI3_IRQHandler)
    EXTI4_IRQHandler                         0x08001015   Thumb Code    14  bsp_exti.o(i.EXTI4_IRQHandler)
    FUNC_ALONE_KEY_INIT                      0x08001029   Thumb Code    36  func_alone_key.o(i.FUNC_ALONE_KEY_INIT)
    FUNC_ALONE_KEY_SCAN                      0x08001051   Thumb Code   362  func_alone_key.o(i.FUNC_ALONE_KEY_SCAN)
    FUNC_BEEP_CONTROL                        0x080011c9   Thumb Code    30  func_beep.o(i.FUNC_BEEP_CONTROL)
    FUNC_BEEP_CONTROL_TIMER                  0x080011ed   Thumb Code    60  func_beep.o(i.FUNC_BEEP_CONTROL_TIMER)
    FUNC_BEEP_INIT                           0x0800122d   Thumb Code    14  func_beep.o(i.FUNC_BEEP_INIT)
    FUNC_DHT11_GET_TEMP_HUMI                 0x08001241   Thumb Code    50  func_dht11.o(i.FUNC_DHT11_GET_TEMP_HUMI)
    FUNC_DHT11_INIT                          0x08001279   Thumb Code    26  func_dht11.o(i.FUNC_DHT11_INIT)
    FUNC_DHT11_MODULE_DATA_INIT              0x08001299   Thumb Code    42  func_dht11.o(i.FUNC_DHT11_MODULE_DATA_INIT)
    FUNC_DHT11_REFRESH_MAIN                  0x080012c9   Thumb Code     6  func_dht11.o(i.FUNC_DHT11_REFRESH_MAIN)
    FUNC_IR_DECODE_INIT                      0x080012d5   Thumb Code    42  func_ir_decode.o(i.FUNC_IR_DECODE_INIT)
    FUNC_IR_DECODE_WORK_EXTI                 0x08001305   Thumb Code   336  func_ir_decode.o(i.FUNC_IR_DECODE_WORK_EXTI)
    FUNC_IR_DECODE_WORK_TIMER                0x08001459   Thumb Code   114  func_ir_decode.o(i.FUNC_IR_DECODE_WORK_TIMER)
    FUNC_IR_NEC_KEY_GET                      0x080014d1   Thumb Code   274  func_ir_nec_key.o(i.FUNC_IR_NEC_KEY_GET)
    FUNC_IR_NEC_KEY_INIT                     0x080015f1   Thumb Code    24  func_ir_nec_key.o(i.FUNC_IR_NEC_KEY_INIT)
    FUNC_OLED_DRAWPOINT                      0x0800160d   Thumb Code    50  func_oled.o(i.FUNC_OLED_DRAWPOINT)
    FUNC_OLED_GRAM_ALL_CLEAR                 0x08001645   Thumb Code    22  func_oled.o(i.FUNC_OLED_GRAM_ALL_CLEAR)
    FUNC_OLED_GRAM_ALL_SET                   0x08001661   Thumb Code    22  func_oled.o(i.FUNC_OLED_GRAM_ALL_SET)
    FUNC_OLED_GRAM_INIT                      0x0800167d   Thumb Code     4  func_oled.o(i.FUNC_OLED_GRAM_INIT)
    FUNC_OLED_GRAM_REFRESH                   0x08001681   Thumb Code     4  func_oled.o(i.FUNC_OLED_GRAM_REFRESH)
    FUNC_OLED_INIT                           0x08001685   Thumb Code    18  func_oled.o(i.FUNC_OLED_INIT)
    FUNC_OLED_Show_ASCII_Mat                 0x08001699   Thumb Code   190  func_oled.o(i.FUNC_OLED_Show_ASCII_Mat)
    FUNC_OLED_Show_Str                       0x08001765   Thumb Code   206  func_oled.o(i.FUNC_OLED_Show_Str)
    FUNC_PC_INTERFACE_COM_IC_DATA_INIT       0x08001833   Thumb Code   100  func_pc_interface_com.o(i.FUNC_PC_INTERFACE_COM_IC_DATA_INIT)
    FUNC_PC_INTERFACE_COM_INIT               0x08001899   Thumb Code    40  func_pc_interface_com.o(i.FUNC_PC_INTERFACE_COM_INIT)
    FUNC_PC_INTERFACE_COM_PSCOM_RX_RESPOND_TASK 0x080018c9   Thumb Code  1080  func_pc_interface_com.o(i.FUNC_PC_INTERFACE_COM_PSCOM_RX_RESPOND_TASK)
    FUNC_PC_INTERFACE_COM_PSCOM_RX_RINGBUF_PROCESS_TASK 0x08001d05   Thumb Code   240  func_pc_interface_com.o(i.FUNC_PC_INTERFACE_COM_PSCOM_RX_RINGBUF_PROCESS_TASK)
    FUNC_PC_INTERFACE_COM_UART_RX_ISR        0x08001df9   Thumb Code    24  func_pc_interface_com.o(i.FUNC_PC_INTERFACE_COM_UART_RX_ISR)
    FUNC_PC_INTERFACE_COM_WORK_MAIN          0x08001e11   Thumb Code    22  func_pc_interface_com.o(i.FUNC_PC_INTERFACE_COM_WORK_MAIN)
    FUNC_SDF_FIND_FORMAT5_DATA_FROM_FLOW_INIT 0x08001e2d   Thumb Code    42  func_s_data_flow_process.o(i.FUNC_SDF_FIND_FORMAT5_DATA_FROM_FLOW_INIT)
    FUNC_SDF_FIND_FORMAT5_DATA_FROM_FLOW_ON  0x08001e57   Thumb Code   150  func_s_data_flow_process.o(i.FUNC_SDF_FIND_FORMAT5_DATA_FROM_FLOW_ON)
    FUNC_SDF_FIND_FORMAT5_DATA_FROM_FLOW_RESET 0x08001eed   Thumb Code    30  func_s_data_flow_process.o(i.FUNC_SDF_FIND_FORMAT5_DATA_FROM_FLOW_RESET)
    FUNC_S_CRC16_MODBUS_CAL                  0x08001f0d   Thumb Code    38  func_s_crc16.o(i.FUNC_S_CRC16_MODBUS_CAL)
    FUNC_S_CRC16_MODBUS_CHECK                0x08001f39   Thumb Code    38  func_s_crc16.o(i.FUNC_S_CRC16_MODBUS_CHECK)
    FUNC_S_DELAY_MS_TICK_INC                 0x08001f65   Thumb Code    10  func_s_delay.o(i.FUNC_S_DELAY_MS_TICK_INC)
    FUNC_S_NB_DELAY_MS_START                 0x08001f75   Thumb Code    34  func_s_delay.o(i.FUNC_S_NB_DELAY_MS_START)
    FUNC_S_NB_DELAY_MS_STATE                 0x08001f9d   Thumb Code    38  func_s_delay.o(i.FUNC_S_NB_DELAY_MS_STATE)
    FUNC_S_RING_QUEUE8_GET_LEN               0x08001fc9   Thumb Code     4  func_s_ring_queue.o(i.FUNC_S_RING_QUEUE8_GET_LEN)
    FUNC_S_RING_QUEUE8_INIT                  0x08001fcd   Thumb Code    34  func_s_ring_queue.o(i.FUNC_S_RING_QUEUE8_INIT)
    FUNC_S_RING_QUEUE8_READ                  0x08001fef   Thumb Code    44  func_s_ring_queue.o(i.FUNC_S_RING_QUEUE8_READ)
    FUNC_S_RING_QUEUE8_WRITE                 0x0800201b   Thumb Code    68  func_s_ring_queue.o(i.FUNC_S_RING_QUEUE8_WRITE)
    FUNC_S_STATE_MACHINE1_INIT               0x0800205f   Thumb Code    18  func_s_state_machine.o(i.FUNC_S_STATE_MACHINE1_INIT)
    FUNC_S_STATE_MACHINE1_SCHANGE            0x08002071   Thumb Code    14  func_s_state_machine.o(i.FUNC_S_STATE_MACHINE1_SCHANGE)
    FUNC_TIME_MARK_TIMER                     0x08002081   Thumb Code   146  func_time_mark.o(i.FUNC_TIME_MARK_TIMER)
    GET_OLED_DATA                            0x08002119   Thumb Code     2  app_oled_display.o(i.GET_OLED_DATA)
    HAL_DMA_DeInit                           0x0800211d   Thumb Code    86  stm32f1xx_hal_dma.o(i.HAL_DMA_DeInit)
    HAL_DMA_IRQHandler                       0x0800217d   Thumb Code   336  stm32f1xx_hal_dma.o(i.HAL_DMA_IRQHandler)
    HAL_DMA_Init                             0x080022e5   Thumb Code    90  stm32f1xx_hal_dma.o(i.HAL_DMA_Init)
    HAL_DMA_Start_IT                         0x08002349   Thumb Code   116  stm32f1xx_hal_dma.o(i.HAL_DMA_Start_IT)
    HAL_GPIO_Init                            0x080023bd   Thumb Code   464  stm32f1xx_hal_gpio.o(i.HAL_GPIO_Init)
    HAL_GPIO_WritePin                        0x080025ad   Thumb Code    14  stm32f1xx_hal_gpio.o(i.HAL_GPIO_WritePin)
    HAL_GetTick                              0x080025bd   Thumb Code     6  stm32f1xx_hal.o(i.HAL_GetTick)
    HAL_IncTick                              0x080025c9   Thumb Code    12  stm32f1xx_hal.o(i.HAL_IncTick)
    HAL_Init                                 0x080025d9   Thumb Code    26  stm32f1xx_hal.o(i.HAL_Init)
    HAL_InitTick                             0x080025f9   Thumb Code    58  stm32f1xx_hal.o(i.HAL_InitTick)
    HAL_MspInit                              0x0800263d   Thumb Code     2  stm32f1xx_hal_msp.o(i.HAL_MspInit)
    HAL_NVIC_EnableIRQ                       0x0800263f   Thumb Code    26  stm32f1xx_hal_cortex.o(i.HAL_NVIC_EnableIRQ)
    HAL_NVIC_SetPriority                     0x08002659   Thumb Code    60  stm32f1xx_hal_cortex.o(i.HAL_NVIC_SetPriority)
    HAL_NVIC_SetPriorityGrouping             0x08002699   Thumb Code    26  stm32f1xx_hal_cortex.o(i.HAL_NVIC_SetPriorityGrouping)
    HAL_RCC_ClockConfig                      0x080026bd   Thumb Code   318  stm32f1xx_hal_rcc.o(i.HAL_RCC_ClockConfig)
    HAL_RCC_GetHCLKFreq                      0x08002811   Thumb Code     6  stm32f1xx_hal_rcc.o(i.HAL_RCC_GetHCLKFreq)
    HAL_RCC_GetPCLK1Freq                     0x0800281d   Thumb Code    22  stm32f1xx_hal_rcc.o(i.HAL_RCC_GetPCLK1Freq)
    HAL_RCC_GetPCLK2Freq                     0x0800283d   Thumb Code    22  stm32f1xx_hal_rcc.o(i.HAL_RCC_GetPCLK2Freq)
    HAL_RCC_GetSysClockFreq                  0x0800285d   Thumb Code    82  stm32f1xx_hal_rcc.o(i.HAL_RCC_GetSysClockFreq)
    HAL_RCC_OscConfig                        0x080028d1   Thumb Code   882  stm32f1xx_hal_rcc.o(i.HAL_RCC_OscConfig)
    HAL_SPI_ErrorCallback                    0x08002c55   Thumb Code     2  bsp_spi.o(i.HAL_SPI_ErrorCallback)
    HAL_SPI_Init                             0x08002c57   Thumb Code   140  stm32f1xx_hal_spi.o(i.HAL_SPI_Init)
    HAL_SPI_MspInit                          0x08002ce5   Thumb Code   130  bsp_spi.o(i.HAL_SPI_MspInit)
    HAL_SPI_Transmit                         0x08002d79   Thumb Code   430  stm32f1xx_hal_spi.o(i.HAL_SPI_Transmit)
    HAL_SPI_Transmit_DMA                     0x08002f29   Thumb Code   220  stm32f1xx_hal_spi.o(i.HAL_SPI_Transmit_DMA)
    HAL_SPI_TxCpltCallback                   0x08003011   Thumb Code    22  bsp_spi.o(i.HAL_SPI_TxCpltCallback)
    HAL_SPI_TxHalfCpltCallback               0x08003035   Thumb Code    16  bsp_spi.o(i.HAL_SPI_TxHalfCpltCallback)
    HAL_SYSTICK_Config                       0x0800304d   Thumb Code    40  stm32f1xx_hal_cortex.o(i.HAL_SYSTICK_Config)
    HAL_TIM_Base_Init                        0x08003075   Thumb Code    56  stm32f1xx_hal_tim.o(i.HAL_TIM_Base_Init)
    HAL_TIM_Base_MspInit                     0x080030ad   Thumb Code     2  stm32f1xx_hal_tim.o(i.HAL_TIM_Base_MspInit)
    HAL_TIM_Base_Start_IT                    0x080030af   Thumb Code    34  stm32f1xx_hal_tim.o(i.HAL_TIM_Base_Start_IT)
    HAL_UART_Init                            0x080030d1   Thumb Code   100  stm32f1xx_hal_uart.o(i.HAL_UART_Init)
    HAL_UART_MspInit                         0x08003135   Thumb Code   226  bsp_uart.o(i.HAL_UART_MspInit)
    HardFault_Handler                        0x0800322d   Thumb Code     2  stm32f1xx_it.o(i.HardFault_Handler)
    MemManage_Handler                        0x0800322f   Thumb Code     2  stm32f1xx_it.o(i.MemManage_Handler)
    NMI_Handler                              0x08003231   Thumb Code     2  stm32f1xx_it.o(i.NMI_Handler)
    PendSV_Handler                           0x08003233   Thumb Code     2  stm32f1xx_it.o(i.PendSV_Handler)
    SVC_Handler                              0x08003413   Thumb Code     2  stm32f1xx_it.o(i.SVC_Handler)
    SysTick_Handler                          0x08003415   Thumb Code    20  bsp_systick.o(i.SysTick_Handler)
    SystemInit                               0x0800342d   Thumb Code    56  system_stm32f1xx.o(i.SystemInit)
    TIM2_IRQHandler                          0x08003475   Thumb Code    68  bsp_timer.o(i.TIM2_IRQHandler)
    TIM3_IRQHandler                          0x080034c1   Thumb Code    50  bsp_timer.o(i.TIM3_IRQHandler)
    TIM_Base_SetConfig                       0x080034fd   Thumb Code    94  stm32f1xx_hal_tim.o(i.TIM_Base_SetConfig)
    USART1_IRQHandler                        0x0800367d   Thumb Code   114  bsp_uart.o(i.USART1_IRQHandler)
    USART2_IRQHandler                        0x080036fd   Thumb Code   188  bsp_uart.o(i.USART2_IRQHandler)
    UsageFault_Handler                       0x080037c5   Thumb Code     2  stm32f1xx_it.o(i.UsageFault_Handler)
    func_dht11_get_temp_humi                 0x08003899   Thumb Code   398  func_dht11.o(i.func_dht11_get_temp_humi)
    main                                     0x08003a55   Thumb Code   524  main.o(i.main)
    show_debug_picture_value                 0x08003d15   Thumb Code     2  app_oled_display.o(i.show_debug_picture_value)
    show_idle_picture_value                  0x08003d19   Thumb Code   178  app_oled_display.o(i.show_idle_picture_value)
    __aeabi_ui2f                             0x08003e09   Thumb Code     0  fflt_clz.o(x$fpl$ffltu)
    _ffltu                                   0x08003e09   Thumb Code    38  fflt_clz.o(x$fpl$ffltu)
    AHBPrescTable                            0x08003e2e   Data          16  system_stm32f1xx.o(.constdata)
    __I$use$fp                               0x08003e2e   Number         0  usenofp.o(x$fpl$usenofp)
    APBPrescTable                            0x08003e3e   Data           8  system_stm32f1xx.o(.constdata)
    crc16_h_table_8005                       0x08003e46   Data         256  func_s_crc16.o(.constdata)
    crc16_l_table_8005                       0x08003f46   Data         256  func_s_crc16.o(.constdata)
    crc16_h_table_1021                       0x08004046   Data         256  func_s_crc16.o(.constdata)
    crc16_l_table_1021                       0x08004146   Data         256  func_s_crc16.o(.constdata)
    FUNC_ALONE_KEY_ON                        0x08004246   Data           3  func_alone_key.o(.constdata)
    asc2_1206                                0x08004249   Data        1140  func_oled.o(.constdata)
    asc2_1608                                0x080046bd   Data        1520  func_oled.o(.constdata)
    asc2_2412                                0x08004cad   Data        3420  func_oled.o(.constdata)
    ir_nec_key_nec_cmd                       0x08005a09   Data          20  func_ir_nec_key.o(.constdata)
    Region$$Table$$Base                      0x08005a20   Number         0  anon$$obj.o(Region$$Table)
    Region$$Table$$Limit                     0x08005a40   Number         0  anon$$obj.o(Region$$Table)
    uwTickFreq                               0x20000000   Data           1  stm32f1xx_hal.o(.data)
    uwTickPrio                               0x20000004   Data           4  stm32f1xx_hal.o(.data)
    uwTick                                   0x20000008   Data           4  stm32f1xx_hal.o(.data)
    bsp_systick_count                        0x2000000c   Data           4  bsp_systick.o(.data)
    bsp_tim2_ext_tick                        0x20000014   Data           4  bsp_timer.o(.data)
    bsp_tim2_ext_tick_set_mark               0x20000018   Data           4  bsp_timer.o(.data)
    BSP_TIM2_EXT_TICK_UP_CNT                 0x2000001c   Data           4  bsp_timer.o(.data)
    bsp_tim3_ext_tick                        0x20000020   Data           4  bsp_timer.o(.data)
    bsp_tim3_ext_tick_set_mark               0x20000024   Data           4  bsp_timer.o(.data)
    BSP_TIM3_EXT_TICK_UP_CNT                 0x20000028   Data           4  bsp_timer.o(.data)
    BSP_SPI2_TRX_DMA_MARK                    0x2000002c   Data           1  bsp_spi.o(.data)
    SystemCoreClock                          0x20000030   Data           4  system_stm32f1xx.o(.data)
    func_s_delay_time_tick                   0x20000034   Data           4  func_s_delay.o(.data)
    time_mark_50ms_mark1                     0x20000038   Data           1  func_time_mark.o(.data)
    time_mark_100ms_mark1                    0x20000039   Data           1  func_time_mark.o(.data)
    time_mark_500ms_mark1                    0x2000003a   Data           1  func_time_mark.o(.data)
    time_mark_500ms_mark2                    0x2000003b   Data           1  func_time_mark.o(.data)
    time_mark_1000ms_mark                    0x2000003c   Data           1  func_time_mark.o(.data)
    time_mark_5000ms_mark                    0x2000003d   Data           1  func_time_mark.o(.data)
    time_mark_500ms_fb_mark                  0x2000003e   Data           1  func_time_mark.o(.data)
    time_mark_1000ms_fb_mark                 0x2000003f   Data           1  func_time_mark.o(.data)
    BEEP_ON_ALLOW                            0x2000004e   Data           1  func_beep.o(.data)
    FUNC_ALONE_KEY_PD_NUM                    0x20000054   Data           1  func_alone_key.o(.data)
    FUNC_ALONE_KEY_STATE                     0x20000056   Data           3  func_alone_key.o(.data)
    FUNC_ALONE_KEY_STATE_1                   0x20000059   Data           3  func_alone_key.o(.data)
    FUNC_IR_DECODE_NEC_CCMD                  0x2000006e   Data           6  func_ir_decode.o(.data)
    FUNC_PC_INTERFACE_COM1_SYS_DEV_CON_CMD   0x20000076   Data           1  func_pc_interface_com.o(.data)
    FUNC_PC_INTERFACE_COM1_SWITCH1_CON_CMD   0x20000077   Data           1  func_pc_interface_com.o(.data)
    FUNC_PC_INTERFACE_COM1_SWITCH2_CON_CMD   0x20000078   Data           1  func_pc_interface_com.o(.data)
    FUNC_PC_INTERFACE_COM1_FLOW_FAN_CON_CMD  0x20000079   Data           1  func_pc_interface_com.o(.data)
    FUNC_PC_INTERFACE_COM1_SENSOR1_GET_CMD_MARK 0x2000007a   Data           1  func_pc_interface_com.o(.data)
    FUNC_PC_INTERFACE_COM1_SENSOR2_GET_CMD_MARK 0x2000007b   Data           1  func_pc_interface_com.o(.data)
    FUNC_PC_INTERFACE_COM1_SENSOR1_UPDATA_CMD 0x2000007c   Data           2  func_pc_interface_com.o(.data)
    FUNC_PC_INTERFACE_COM1_SENSOR2_UPDATA_CMD 0x2000007e   Data           2  func_pc_interface_com.o(.data)
    FUNC_PC_INTERFACE_COM1_FLOW_FAN_SPEED_CMD 0x20000080   Data           2  func_pc_interface_com.o(.data)
    APP_OLED_REFRESH_OLED_RAM_MARK           0x20000082   Data           1  app_oled_display.o(.data)
    MAIN_CON_SM                              0x20000085   Data           6  main.o(.data)
    hdma_adc1                                0x2000008c   Data          68  bsp_dma.o(.bss)
    hdma_tim1_ch1                            0x200000d0   Data          68  bsp_dma.o(.bss)
    hdma_tim1_ch2                            0x20000114   Data          68  bsp_dma.o(.bss)
    hdma_uart1tx                             0x20000158   Data          68  bsp_dma.o(.bss)
    hdma_uart1rx                             0x2000019c   Data          68  bsp_dma.o(.bss)
    hdma_uart2tx                             0x200001e0   Data          68  bsp_dma.o(.bss)
    hdma_uart2rx                             0x20000224   Data          68  bsp_dma.o(.bss)
    hdma_uart3tx                             0x20000268   Data          68  bsp_dma.o(.bss)
    hdma_uart3rx                             0x200002ac   Data          68  bsp_dma.o(.bss)
    hdma_spi1tx                              0x200002f0   Data          68  bsp_dma.o(.bss)
    hdma_spi1rx                              0x20000334   Data          68  bsp_dma.o(.bss)
    hdma_spi2tx                              0x20000378   Data          68  bsp_dma.o(.bss)
    hdma_spi2rx                              0x200003bc   Data          68  bsp_dma.o(.bss)
    TIM2_Handler                             0x20000400   Data          64  bsp_timer.o(.bss)
    TIM3_Handler                             0x20000440   Data          64  bsp_timer.o(.bss)
    TIM4_Handler                             0x20000480   Data          64  bsp_timer.o(.bss)
    UART1_Handler                            0x200004c0   Data          64  bsp_uart.o(.bss)
    BSP_UART1_RX_BUF                         0x20000500   Data         200  bsp_uart.o(.bss)
    BSP_UART1_RX                             0x200005c8   Data          16  bsp_uart.o(.bss)
    UART2_Handler                            0x200005d8   Data          64  bsp_uart.o(.bss)
    BSP_UART2_DMA_RX_BUF                     0x20000618   Data          50  bsp_uart.o(.bss)
    BSP_UART2_DMA_RX                         0x2000064c   Data          12  bsp_uart.o(.bss)
    BSP_UART2_RX_BUF                         0x20000658   Data         200  bsp_uart.o(.bss)
    BSP_UART2_RX                             0x20000720   Data          16  bsp_uart.o(.bss)
    SPI2_Handler                             0x20000730   Data          88  bsp_spi.o(.bss)
    FUNC_S_VERSION_CON                       0x20000788   Data          84  func_s_version_con.o(.bss)
    FUNC_OLED_GRAM                           0x200007dc   Data        1024  func_oled.o(.bss)
    FUNC_IR_NEC_KEY_STATE                    0x20000bdc   Data          10  func_ir_nec_key.o(.bss)
    FUNC_IR_NEC_KEY_STATE_1                  0x20000be6   Data          10  func_ir_nec_key.o(.bss)
    FUNC_DHT11_1_INF                         0x20000bf0   Data          44  func_dht11.o(.bss)
    FUNC_PC_INTERFACE_COM1                   0x20000c1c   Data         912  func_pc_interface_com.o(.bss)
    __libspace_start                         0x20000fb8   Data          96  libspace.o(.bss)
    __temporary_stack_top$libspace           0x20001018   Data           0  libspace.o(.bss)



==============================================================================

Memory Map of the image

  Image Entry point : 0x08000131

  Load Region LR_IROM1 (Base: 0x08000000, Size: 0x00005acc, Max: 0x00040000, ABSOLUTE)

    Execution Region ER_IROM1 (Exec base: 0x08000000, Load base: 0x08000000, Size: 0x00005a40, Max: 0x00040000, ABSOLUTE)

    Exec Addr    Load Addr    Size         Type   Attr      Idx    E Section Name        Object

    0x08000000   0x08000000   0x00000130   Data   RO            3    RESET               startup_stm32f103xe.o
    0x08000130   0x08000130   0x00000008   Code   RO         8307  * !!!main             c_w.l(__main.o)
    0x08000138   0x08000138   0x00000034   Code   RO         8480    !!!scatter          c_w.l(__scatter.o)
    0x0800016c   0x0800016c   0x0000001a   Code   RO         8482    !!handler_copy      c_w.l(__scatter_copy.o)
    0x08000186   0x08000186   0x00000002   PAD
    0x08000188   0x08000188   0x0000001c   Code   RO         8484    !!handler_zi        c_w.l(__scatter_zi.o)
    0x080001a4   0x080001a4   0x00000000   Code   RO         8300    .ARM.Collect$$_printf_percent$$00000000  c_w.l(_printf_percent.o)
    0x080001a4   0x080001a4   0x00000006   Code   RO         8299    .ARM.Collect$$_printf_percent$$00000009  c_w.l(_printf_d.o)
    0x080001aa   0x080001aa   0x00000004   Code   RO         8322    .ARM.Collect$$_printf_percent$$00000017  c_w.l(_printf_percent_end.o)
    0x080001ae   0x080001ae   0x00000002   Code   RO         8350    .ARM.Collect$$libinit$$00000000  c_w.l(libinit.o)
    0x080001b0   0x080001b0   0x00000000   Code   RO         8357    .ARM.Collect$$libinit$$00000002  c_w.l(libinit2.o)
    0x080001b0   0x080001b0   0x00000000   Code   RO         8359    .ARM.Collect$$libinit$$00000004  c_w.l(libinit2.o)
    0x080001b0   0x080001b0   0x00000000   Code   RO         8362    .ARM.Collect$$libinit$$0000000A  c_w.l(libinit2.o)
    0x080001b0   0x080001b0   0x00000000   Code   RO         8364    .ARM.Collect$$libinit$$0000000C  c_w.l(libinit2.o)
    0x080001b0   0x080001b0   0x00000000   Code   RO         8366    .ARM.Collect$$libinit$$0000000E  c_w.l(libinit2.o)
    0x080001b0   0x080001b0   0x00000000   Code   RO         8369    .ARM.Collect$$libinit$$00000011  c_w.l(libinit2.o)
    0x080001b0   0x080001b0   0x00000000   Code   RO         8371    .ARM.Collect$$libinit$$00000013  c_w.l(libinit2.o)
    0x080001b0   0x080001b0   0x00000000   Code   RO         8373    .ARM.Collect$$libinit$$00000015  c_w.l(libinit2.o)
    0x080001b0   0x080001b0   0x00000000   Code   RO         8375    .ARM.Collect$$libinit$$00000017  c_w.l(libinit2.o)
    0x080001b0   0x080001b0   0x00000000   Code   RO         8377    .ARM.Collect$$libinit$$00000019  c_w.l(libinit2.o)
    0x080001b0   0x080001b0   0x00000000   Code   RO         8379    .ARM.Collect$$libinit$$0000001B  c_w.l(libinit2.o)
    0x080001b0   0x080001b0   0x00000000   Code   RO         8381    .ARM.Collect$$libinit$$0000001D  c_w.l(libinit2.o)
    0x080001b0   0x080001b0   0x00000000   Code   RO         8383    .ARM.Collect$$libinit$$0000001F  c_w.l(libinit2.o)
    0x080001b0   0x080001b0   0x00000000   Code   RO         8385    .ARM.Collect$$libinit$$00000021  c_w.l(libinit2.o)
    0x080001b0   0x080001b0   0x00000000   Code   RO         8387    .ARM.Collect$$libinit$$00000023  c_w.l(libinit2.o)
    0x080001b0   0x080001b0   0x00000000   Code   RO         8389    .ARM.Collect$$libinit$$00000025  c_w.l(libinit2.o)
    0x080001b0   0x080001b0   0x00000000   Code   RO         8393    .ARM.Collect$$libinit$$0000002C  c_w.l(libinit2.o)
    0x080001b0   0x080001b0   0x00000000   Code   RO         8395    .ARM.Collect$$libinit$$0000002E  c_w.l(libinit2.o)
    0x080001b0   0x080001b0   0x00000000   Code   RO         8397    .ARM.Collect$$libinit$$00000030  c_w.l(libinit2.o)
    0x080001b0   0x080001b0   0x00000000   Code   RO         8399    .ARM.Collect$$libinit$$00000032  c_w.l(libinit2.o)
    0x080001b0   0x080001b0   0x00000002   Code   RO         8400    .ARM.Collect$$libinit$$00000033  c_w.l(libinit2.o)
    0x080001b2   0x080001b2   0x00000002   Code   RO         8420    .ARM.Collect$$libshutdown$$00000000  c_w.l(libshutdown.o)
    0x080001b4   0x080001b4   0x00000000   Code   RO         8433    .ARM.Collect$$libshutdown$$00000002  c_w.l(libshutdown2.o)
    0x080001b4   0x080001b4   0x00000000   Code   RO         8435    .ARM.Collect$$libshutdown$$00000004  c_w.l(libshutdown2.o)
    0x080001b4   0x080001b4   0x00000000   Code   RO         8438    .ARM.Collect$$libshutdown$$00000007  c_w.l(libshutdown2.o)
    0x080001b4   0x080001b4   0x00000000   Code   RO         8441    .ARM.Collect$$libshutdown$$0000000A  c_w.l(libshutdown2.o)
    0x080001b4   0x080001b4   0x00000000   Code   RO         8443    .ARM.Collect$$libshutdown$$0000000C  c_w.l(libshutdown2.o)
    0x080001b4   0x080001b4   0x00000000   Code   RO         8446    .ARM.Collect$$libshutdown$$0000000F  c_w.l(libshutdown2.o)
    0x080001b4   0x080001b4   0x00000002   Code   RO         8447    .ARM.Collect$$libshutdown$$00000010  c_w.l(libshutdown2.o)
    0x080001b6   0x080001b6   0x00000000   Code   RO         8315    .ARM.Collect$$rtentry$$00000000  c_w.l(__rtentry.o)
    0x080001b6   0x080001b6   0x00000000   Code   RO         8325    .ARM.Collect$$rtentry$$00000002  c_w.l(__rtentry2.o)
    0x080001b6   0x080001b6   0x00000006   Code   RO         8337    .ARM.Collect$$rtentry$$00000004  c_w.l(__rtentry4.o)
    0x080001bc   0x080001bc   0x00000000   Code   RO         8327    .ARM.Collect$$rtentry$$00000009  c_w.l(__rtentry2.o)
    0x080001bc   0x080001bc   0x00000004   Code   RO         8328    .ARM.Collect$$rtentry$$0000000A  c_w.l(__rtentry2.o)
    0x080001c0   0x080001c0   0x00000000   Code   RO         8330    .ARM.Collect$$rtentry$$0000000C  c_w.l(__rtentry2.o)
    0x080001c0   0x080001c0   0x00000008   Code   RO         8331    .ARM.Collect$$rtentry$$0000000D  c_w.l(__rtentry2.o)
    0x080001c8   0x080001c8   0x00000002   Code   RO         8354    .ARM.Collect$$rtexit$$00000000  c_w.l(rtexit.o)
    0x080001ca   0x080001ca   0x00000000   Code   RO         8402    .ARM.Collect$$rtexit$$00000002  c_w.l(rtexit2.o)
    0x080001ca   0x080001ca   0x00000004   Code   RO         8403    .ARM.Collect$$rtexit$$00000003  c_w.l(rtexit2.o)
    0x080001ce   0x080001ce   0x00000006   Code   RO         8404    .ARM.Collect$$rtexit$$00000004  c_w.l(rtexit2.o)
    0x080001d4   0x080001d4   0x00000040   Code   RO            4    .text               startup_stm32f103xe.o
    0x08000214   0x08000214   0x00000028   Code   RO         8273    .text               c_w.l(noretval__2sprintf.o)
    0x0800023c   0x0800023c   0x00000068   Code   RO         8275    .text               c_w.l(__printf.o)
    0x080002a4   0x080002a4   0x00000078   Code   RO         8277    .text               c_w.l(_printf_dec.o)
    0x0800031c   0x0800031c   0x00000064   Code   RO         8301    .text               c_w.l(rt_memcpy_w.o)
    0x08000380   0x08000380   0x0000004e   Code   RO         8303    .text               c_w.l(rt_memclr_w.o)
    0x080003ce   0x080003ce   0x00000006   Code   RO         8305    .text               c_w.l(heapauxi.o)
    0x080003d4   0x080003d4   0x000000b2   Code   RO         8316    .text               c_w.l(_printf_intcommon.o)
    0x08000486   0x08000486   0x00000002   PAD
    0x08000488   0x08000488   0x00000030   Code   RO         8318    .text               c_w.l(_printf_char_common.o)
    0x080004b8   0x080004b8   0x0000000a   Code   RO         8320    .text               c_w.l(_sputc.o)
    0x080004c2   0x080004c2   0x0000004a   Code   RO         8341    .text               c_w.l(sys_stackheap_outer.o)
    0x0800050c   0x0800050c   0x00000012   Code   RO         8343    .text               c_w.l(exit.o)
    0x0800051e   0x0800051e   0x00000002   PAD
    0x08000520   0x08000520   0x00000008   Code   RO         8351    .text               c_w.l(libspace.o)
    0x08000528   0x08000528   0x0000000c   Code   RO         8412    .text               c_w.l(sys_exit.o)
    0x08000534   0x08000534   0x00000002   Code   RO         8423    .text               c_w.l(use_no_semi.o)
    0x08000536   0x08000536   0x00000000   Code   RO         8425    .text               c_w.l(indicate_semi.o)
    0x08000536   0x08000536   0x00000002   PAD
    0x08000538   0x08000538   0x000000f8   Code   RO         8175    i.APP_OLED_DISPLAY_PICTURE  app_oled_display.o
    0x08000630   0x08000630   0x0000003c   Code   RO         6784    i.BSP_BEEP_INIT     bsp_beep.o
    0x0800066c   0x0800066c   0x00000020   Code   RO         7030    i.BSP_DHT11_IO_1_INIT  bsp_dht11_io.o
    0x0800068c   0x0800068c   0x0000001c   Code   RO         7031    i.BSP_DHT11_IO_1_MODE_IN  bsp_dht11_io.o
    0x080006a8   0x080006a8   0x0000001c   Code   RO         7032    i.BSP_DHT11_IO_1_MODE_OUT  bsp_dht11_io.o
    0x080006c4   0x080006c4   0x00000014   Code   RO         7033    i.BSP_DHT11_IO_D_READ  bsp_dht11_io.o
    0x080006d8   0x080006d8   0x00000010   Code   RO         7034    i.BSP_DHT11_IO_D_WRITE  bsp_dht11_io.o
    0x080006e8   0x080006e8   0x0000000a   Code   RO         7035    i.BSP_DHT11_IO_INIT  bsp_dht11_io.o
    0x080006f2   0x080006f2   0x0000000a   Code   RO         7036    i.BSP_DHT11_IO_MODE_IN  bsp_dht11_io.o
    0x080006fc   0x080006fc   0x0000000a   Code   RO         7037    i.BSP_DHT11_IO_MODE_OUT  bsp_dht11_io.o
    0x08000706   0x08000706   0x00000002   PAD
    0x08000708   0x08000708   0x00000064   Code   RO         6079    i.BSP_DMA_SPI2_RX_INIT  bsp_dma.o
    0x0800076c   0x0800076c   0x00000064   Code   RO         6080    i.BSP_DMA_SPI2_TX_INIT  bsp_dma.o
    0x080007d0   0x080007d0   0x00000064   Code   RO         6084    i.BSP_DMA_UART2_RX_INIT  bsp_dma.o
    0x08000834   0x08000834   0x0000004c   Code   RO         6217    i.BSP_EXTI_INIT     bsp_exti.o
    0x08000880   0x08000880   0x00000130   Code   RO         6850    i.BSP_HARD_OLED_INIT  bsp_hard_oled.o
    0x080009b0   0x080009b0   0x0000007c   Code   RO         6851    i.BSP_HARD_OLED_REFRESH_GRAM  bsp_hard_oled.o
    0x08000a2c   0x08000a2c   0x00000020   Code   RO         6852    i.BSP_HARD_OLED_RST  bsp_hard_oled.o
    0x08000a4c   0x08000a4c   0x00000088   Code   RO         6815    i.BSP_KEY_INIT      bsp_key.o
    0x08000ad4   0x08000ad4   0x00000064   Code   RO         6483    i.BSP_LED_INIT      bsp_led.o
    0x08000b38   0x08000b38   0x00000038   Code   RO         6683    i.BSP_SPI2_INIT     bsp_spi.o
    0x08000b70   0x08000b70   0x0000001c   Code   RO         6684    i.BSP_SPI2_WRITE_BYTES  bsp_spi.o
    0x08000b8c   0x08000b8c   0x00000024   Code   RO         6685    i.BSP_SPI2_WRITE_BYTES_DMA  bsp_spi.o
    0x08000bb0   0x08000bb0   0x0000000c   Code   RO         6688    i.BSP_SPI2_WRITE_READ_GET_DMA_TRANS_STATE  bsp_spi.o
    0x08000bbc   0x08000bbc   0x00000044   Code   RO         5861    i.BSP_SYSCLOCK_INIT  bsp_sysclock_config.o
    0x08000c00   0x08000c00   0x0000001a   Code   RO         5970    i.BSP_SYSTICK_DELAY_MS  bsp_systick.o
    0x08000c1a   0x08000c1a   0x00000032   Code   RO         5971    i.BSP_SYSTICK_DELAY_US  bsp_systick.o
    0x08000c4c   0x08000c4c   0x00000034   Code   RO         5972    i.BSP_SYSTICK_INIT  bsp_systick.o
    0x08000c80   0x08000c80   0x00000088   Code   RO         6353    i.BSP_TIM2_GET_EXT_TICK  bsp_timer.o
    0x08000d08   0x08000d08   0x00000050   Code   RO         6355    i.BSP_TIM2_INIT     bsp_timer.o
    0x08000d58   0x08000d58   0x00000048   Code   RO         6356    i.BSP_TIM2_SET_EXT_TICK  bsp_timer.o
    0x08000da0   0x08000da0   0x00000050   Code   RO         6360    i.BSP_TIM3_INIT     bsp_timer.o
    0x08000df0   0x08000df0   0x0000006c   Code   RO         6511    i.BSP_UART1_INIT    bsp_uart.o
    0x08000e5c   0x08000e5c   0x00000038   Code   RO         6514    i.BSP_USART1_RX_RINGBUF_PROCESS_TASK  bsp_uart.o
    0x08000e94   0x08000e94   0x0000000c   Code   RO         6515    i.BSP_USART1_RX_USR_CALL  bsp_uart.o
    0x08000ea0   0x08000ea0   0x00000054   Code   RO         6516    i.BSP_USART1_SEND_BUF  bsp_uart.o
    0x08000ef4   0x08000ef4   0x00000002   Code   RO         7144    i.BusFault_Handler  stm32f1xx_it.o
    0x08000ef6   0x08000ef6   0x00000002   Code   RO         6088    i.DMA1_Channel1_IRQHandler  bsp_dma.o
    0x08000ef8   0x08000ef8   0x0000000c   Code   RO         6089    i.DMA1_Channel2_IRQHandler  bsp_dma.o
    0x08000f04   0x08000f04   0x0000000c   Code   RO         6090    i.DMA1_Channel3_IRQHandler  bsp_dma.o
    0x08000f10   0x08000f10   0x0000000c   Code   RO         6091    i.DMA1_Channel4_IRQHandler  bsp_dma.o
    0x08000f1c   0x08000f1c   0x0000000c   Code   RO         6092    i.DMA1_Channel5_IRQHandler  bsp_dma.o
    0x08000f28   0x08000f28   0x0000000c   Code   RO         6093    i.DMA1_Channel6_IRQHandler  bsp_dma.o
    0x08000f34   0x08000f34   0x0000000c   Code   RO         6094    i.DMA1_Channel7_IRQHandler  bsp_dma.o
    0x08000f40   0x08000f40   0x0000002c   Code   RO         1088    i.DMA_SetConfig     stm32f1xx_hal_dma.o
    0x08000f6c   0x08000f6c   0x00000002   Code   RO         7145    i.DebugMon_Handler  stm32f1xx_it.o
    0x08000f6e   0x08000f6e   0x00000002   PAD
    0x08000f70   0x08000f70   0x00000014   Code   RO         6218    i.EXTI0_IRQHandler  bsp_exti.o
    0x08000f84   0x08000f84   0x00000050   Code   RO         6219    i.EXTI15_10_IRQHandler  bsp_exti.o
    0x08000fd4   0x08000fd4   0x00000018   Code   RO         6220    i.EXTI1_IRQHandler  bsp_exti.o
    0x08000fec   0x08000fec   0x00000014   Code   RO         6221    i.EXTI2_IRQHandler  bsp_exti.o
    0x08001000   0x08001000   0x00000014   Code   RO         6222    i.EXTI3_IRQHandler  bsp_exti.o
    0x08001014   0x08001014   0x00000014   Code   RO         6223    i.EXTI4_IRQHandler  bsp_exti.o
    0x08001028   0x08001028   0x00000028   Code   RO         7762    i.FUNC_ALONE_KEY_INIT  func_alone_key.o
    0x08001050   0x08001050   0x00000178   Code   RO         7763    i.FUNC_ALONE_KEY_SCAN  func_alone_key.o
    0x080011c8   0x080011c8   0x00000024   Code   RO         7706    i.FUNC_BEEP_CONTROL  func_beep.o
    0x080011ec   0x080011ec   0x00000040   Code   RO         7707    i.FUNC_BEEP_CONTROL_TIMER  func_beep.o
    0x0800122c   0x0800122c   0x00000014   Code   RO         7708    i.FUNC_BEEP_INIT    func_beep.o
    0x08001240   0x08001240   0x00000038   Code   RO         8033    i.FUNC_DHT11_GET_TEMP_HUMI  func_dht11.o
    0x08001278   0x08001278   0x00000020   Code   RO         8034    i.FUNC_DHT11_INIT   func_dht11.o
    0x08001298   0x08001298   0x00000030   Code   RO         8035    i.FUNC_DHT11_MODULE_DATA_INIT  func_dht11.o
    0x080012c8   0x080012c8   0x0000000c   Code   RO         8036    i.FUNC_DHT11_REFRESH_MAIN  func_dht11.o
    0x080012d4   0x080012d4   0x00000030   Code   RO         7931    i.FUNC_IR_DECODE_INIT  func_ir_decode.o
    0x08001304   0x08001304   0x00000154   Code   RO         7932    i.FUNC_IR_DECODE_WORK_EXTI  func_ir_decode.o
    0x08001458   0x08001458   0x00000078   Code   RO         7933    i.FUNC_IR_DECODE_WORK_TIMER  func_ir_decode.o
    0x080014d0   0x080014d0   0x00000120   Code   RO         7991    i.FUNC_IR_NEC_KEY_GET  func_ir_nec_key.o
    0x080015f0   0x080015f0   0x0000001c   Code   RO         7992    i.FUNC_IR_NEC_KEY_INIT  func_ir_nec_key.o
    0x0800160c   0x0800160c   0x00000038   Code   RO         7803    i.FUNC_OLED_DRAWPOINT  func_oled.o
    0x08001644   0x08001644   0x0000001c   Code   RO         7808    i.FUNC_OLED_GRAM_ALL_CLEAR  func_oled.o
    0x08001660   0x08001660   0x0000001c   Code   RO         7809    i.FUNC_OLED_GRAM_ALL_SET  func_oled.o
    0x0800167c   0x0800167c   0x00000004   Code   RO         7810    i.FUNC_OLED_GRAM_INIT  func_oled.o
    0x08001680   0x08001680   0x00000004   Code   RO         7811    i.FUNC_OLED_GRAM_REFRESH  func_oled.o
    0x08001684   0x08001684   0x00000012   Code   RO         7812    i.FUNC_OLED_INIT    func_oled.o
    0x08001696   0x08001696   0x00000002   PAD
    0x08001698   0x08001698   0x000000cc   Code   RO         7813    i.FUNC_OLED_Show_ASCII_Mat  func_oled.o
    0x08001764   0x08001764   0x000000ce   Code   RO         7814    i.FUNC_OLED_Show_Str  func_oled.o
    0x08001832   0x08001832   0x00000064   Code   RO         8096    i.FUNC_PC_INTERFACE_COM_IC_DATA_INIT  func_pc_interface_com.o
    0x08001896   0x08001896   0x00000002   PAD
    0x08001898   0x08001898   0x00000030   Code   RO         8097    i.FUNC_PC_INTERFACE_COM_INIT  func_pc_interface_com.o
    0x080018c8   0x080018c8   0x0000043c   Code   RO         8098    i.FUNC_PC_INTERFACE_COM_PSCOM_RX_RESPOND_TASK  func_pc_interface_com.o
    0x08001d04   0x08001d04   0x000000f4   Code   RO         8099    i.FUNC_PC_INTERFACE_COM_PSCOM_RX_RINGBUF_PROCESS_TASK  func_pc_interface_com.o
    0x08001df8   0x08001df8   0x00000018   Code   RO         8100    i.FUNC_PC_INTERFACE_COM_UART_RX_ISR  func_pc_interface_com.o
    0x08001e10   0x08001e10   0x0000001c   Code   RO         8101    i.FUNC_PC_INTERFACE_COM_WORK_MAIN  func_pc_interface_com.o
    0x08001e2c   0x08001e2c   0x0000002a   Code   RO         7395    i.FUNC_SDF_FIND_FORMAT5_DATA_FROM_FLOW_INIT  func_s_data_flow_process.o
    0x08001e56   0x08001e56   0x00000096   Code   RO         7396    i.FUNC_SDF_FIND_FORMAT5_DATA_FROM_FLOW_ON  func_s_data_flow_process.o
    0x08001eec   0x08001eec   0x0000001e   Code   RO         7397    i.FUNC_SDF_FIND_FORMAT5_DATA_FROM_FLOW_RESET  func_s_data_flow_process.o
    0x08001f0a   0x08001f0a   0x00000002   PAD
    0x08001f0c   0x08001f0c   0x0000002c   Code   RO         7550    i.FUNC_S_CRC16_MODBUS_CAL  func_s_crc16.o
    0x08001f38   0x08001f38   0x0000002c   Code   RO         7551    i.FUNC_S_CRC16_MODBUS_CHECK  func_s_crc16.o
    0x08001f64   0x08001f64   0x00000010   Code   RO         7637    i.FUNC_S_DELAY_MS_TICK_INC  func_s_delay.o
    0x08001f74   0x08001f74   0x00000028   Code   RO         7638    i.FUNC_S_NB_DELAY_MS_START  func_s_delay.o
    0x08001f9c   0x08001f9c   0x0000002c   Code   RO         7639    i.FUNC_S_NB_DELAY_MS_STATE  func_s_delay.o
    0x08001fc8   0x08001fc8   0x00000004   Code   RO         7274    i.FUNC_S_RING_QUEUE8_GET_LEN  func_s_ring_queue.o
    0x08001fcc   0x08001fcc   0x00000022   Code   RO         7275    i.FUNC_S_RING_QUEUE8_INIT  func_s_ring_queue.o
    0x08001fee   0x08001fee   0x0000002c   Code   RO         7276    i.FUNC_S_RING_QUEUE8_READ  func_s_ring_queue.o
    0x0800201a   0x0800201a   0x00000044   Code   RO         7278    i.FUNC_S_RING_QUEUE8_WRITE  func_s_ring_queue.o
    0x0800205e   0x0800205e   0x00000012   Code   RO         7252    i.FUNC_S_STATE_MACHINE1_INIT  func_s_state_machine.o
    0x08002070   0x08002070   0x0000000e   Code   RO         7253    i.FUNC_S_STATE_MACHINE1_SCHANGE  func_s_state_machine.o
    0x0800207e   0x0800207e   0x00000002   PAD
    0x08002080   0x08002080   0x00000098   Code   RO         7672    i.FUNC_TIME_MARK_TIMER  func_time_mark.o
    0x08002118   0x08002118   0x00000002   Code   RO         8176    i.GET_OLED_DATA     app_oled_display.o
    0x0800211a   0x0800211a   0x00000002   PAD
    0x0800211c   0x0800211c   0x00000060   Code   RO         1091    i.HAL_DMA_DeInit    stm32f1xx_hal_dma.o
    0x0800217c   0x0800217c   0x00000168   Code   RO         1094    i.HAL_DMA_IRQHandler  stm32f1xx_hal_dma.o
    0x080022e4   0x080022e4   0x00000064   Code   RO         1095    i.HAL_DMA_Init      stm32f1xx_hal_dma.o
    0x08002348   0x08002348   0x00000074   Code   RO         1099    i.HAL_DMA_Start_IT  stm32f1xx_hal_dma.o
    0x080023bc   0x080023bc   0x000001f0   Code   RO         1485    i.HAL_GPIO_Init     stm32f1xx_hal_gpio.o
    0x080025ac   0x080025ac   0x0000000e   Code   RO         1489    i.HAL_GPIO_WritePin  stm32f1xx_hal_gpio.o
    0x080025ba   0x080025ba   0x00000002   PAD
    0x080025bc   0x080025bc   0x0000000c   Code   RO           24    i.HAL_GetTick       stm32f1xx_hal.o
    0x080025c8   0x080025c8   0x00000010   Code   RO           30    i.HAL_IncTick       stm32f1xx_hal.o
    0x080025d8   0x080025d8   0x00000020   Code   RO           31    i.HAL_Init          stm32f1xx_hal.o
    0x080025f8   0x080025f8   0x00000044   Code   RO           32    i.HAL_InitTick      stm32f1xx_hal.o
    0x0800263c   0x0800263c   0x00000002   Code   RO         7104    i.HAL_MspInit       stm32f1xx_hal_msp.o
    0x0800263e   0x0800263e   0x0000001a   Code   RO          877    i.HAL_NVIC_EnableIRQ  stm32f1xx_hal_cortex.o
    0x08002658   0x08002658   0x00000040   Code   RO          883    i.HAL_NVIC_SetPriority  stm32f1xx_hal_cortex.o
    0x08002698   0x08002698   0x00000024   Code   RO          884    i.HAL_NVIC_SetPriorityGrouping  stm32f1xx_hal_cortex.o
    0x080026bc   0x080026bc   0x00000154   Code   RO         2850    i.HAL_RCC_ClockConfig  stm32f1xx_hal_rcc.o
    0x08002810   0x08002810   0x0000000c   Code   RO         2855    i.HAL_RCC_GetHCLKFreq  stm32f1xx_hal_rcc.o
    0x0800281c   0x0800281c   0x00000020   Code   RO         2857    i.HAL_RCC_GetPCLK1Freq  stm32f1xx_hal_rcc.o
    0x0800283c   0x0800283c   0x00000020   Code   RO         2858    i.HAL_RCC_GetPCLK2Freq  stm32f1xx_hal_rcc.o
    0x0800285c   0x0800285c   0x00000074   Code   RO         2859    i.HAL_RCC_GetSysClockFreq  stm32f1xx_hal_rcc.o
    0x080028d0   0x080028d0   0x00000384   Code   RO         2862    i.HAL_RCC_OscConfig  stm32f1xx_hal_rcc.o
    0x08002c54   0x08002c54   0x00000002   Code   RO         6689    i.HAL_SPI_ErrorCallback  bsp_spi.o
    0x08002c56   0x08002c56   0x0000008c   Code   RO         3541    i.HAL_SPI_Init      stm32f1xx_hal_spi.o
    0x08002ce2   0x08002ce2   0x00000002   PAD
    0x08002ce4   0x08002ce4   0x00000094   Code   RO         6690    i.HAL_SPI_MspInit   bsp_spi.o
    0x08002d78   0x08002d78   0x000001ae   Code   RO         3549    i.HAL_SPI_Transmit  stm32f1xx_hal_spi.o
    0x08002f26   0x08002f26   0x00000002   PAD
    0x08002f28   0x08002f28   0x000000e8   Code   RO         3553    i.HAL_SPI_Transmit_DMA  stm32f1xx_hal_spi.o
    0x08003010   0x08003010   0x00000024   Code   RO         6693    i.HAL_SPI_TxCpltCallback  bsp_spi.o
    0x08003034   0x08003034   0x00000018   Code   RO         6694    i.HAL_SPI_TxHalfCpltCallback  bsp_spi.o
    0x0800304c   0x0800304c   0x00000028   Code   RO          888    i.HAL_SYSTICK_Config  stm32f1xx_hal_cortex.o
    0x08003074   0x08003074   0x00000038   Code   RO         3898    i.HAL_TIM_Base_Init  stm32f1xx_hal_tim.o
    0x080030ac   0x080030ac   0x00000002   Code   RO         3900    i.HAL_TIM_Base_MspInit  stm32f1xx_hal_tim.o
    0x080030ae   0x080030ae   0x00000022   Code   RO         3903    i.HAL_TIM_Base_Start_IT  stm32f1xx_hal_tim.o
    0x080030d0   0x080030d0   0x00000064   Code   RO         4860    i.HAL_UART_Init     stm32f1xx_hal_uart.o
    0x08003134   0x08003134   0x000000f8   Code   RO         6522    i.HAL_UART_MspInit  bsp_uart.o
    0x0800322c   0x0800322c   0x00000002   Code   RO         7146    i.HardFault_Handler  stm32f1xx_it.o
    0x0800322e   0x0800322e   0x00000002   Code   RO         7147    i.MemManage_Handler  stm32f1xx_it.o
    0x08003230   0x08003230   0x00000002   Code   RO         7148    i.NMI_Handler       stm32f1xx_it.o
    0x08003232   0x08003232   0x00000002   Code   RO         7149    i.PendSV_Handler    stm32f1xx_it.o
    0x08003234   0x08003234   0x00000024   Code   RO         2863    i.RCC_Delay         stm32f1xx_hal_rcc.o
    0x08003258   0x08003258   0x00000074   Code   RO         8037    i.Read_Byte         func_dht11.o
    0x080032cc   0x080032cc   0x00000022   Code   RO         3571    i.SPI_DMAError      stm32f1xx_hal_spi.o
    0x080032ee   0x080032ee   0x0000000a   Code   RO         3573    i.SPI_DMAHalfTransmitCplt  stm32f1xx_hal_spi.o
    0x080032f8   0x080032f8   0x00000064   Code   RO         3577    i.SPI_DMATransmitCplt  stm32f1xx_hal_spi.o
    0x0800335c   0x0800335c   0x00000024   Code   RO         3581    i.SPI_EndRxTxTransaction  stm32f1xx_hal_spi.o
    0x08003380   0x08003380   0x00000092   Code   RO         3589    i.SPI_WaitFlagStateUntilTimeout  stm32f1xx_hal_spi.o
    0x08003412   0x08003412   0x00000002   Code   RO         7150    i.SVC_Handler       stm32f1xx_it.o
    0x08003414   0x08003414   0x00000018   Code   RO         5973    i.SysTick_Handler   bsp_systick.o
    0x0800342c   0x0800342c   0x00000048   Code   RO         7218    i.SystemInit        system_stm32f1xx.o
    0x08003474   0x08003474   0x0000004c   Code   RO         6366    i.TIM2_IRQHandler   bsp_timer.o
    0x080034c0   0x080034c0   0x0000003c   Code   RO         6367    i.TIM3_IRQHandler   bsp_timer.o
    0x080034fc   0x080034fc   0x0000006c   Code   RO         3986    i.TIM_Base_SetConfig  stm32f1xx_hal_tim.o
    0x08003568   0x08003568   0x00000114   Code   RO         4887    i.UART_SetConfig    stm32f1xx_hal_uart.o
    0x0800367c   0x0800367c   0x00000080   Code   RO         6527    i.USART1_IRQHandler  bsp_uart.o
    0x080036fc   0x080036fc   0x000000c8   Code   RO         6528    i.USART2_IRQHandler  bsp_uart.o
    0x080037c4   0x080037c4   0x00000002   Code   RO         7151    i.UsageFault_Handler  stm32f1xx_it.o
    0x080037c6   0x080037c6   0x00000020   Code   RO          890    i.__NVIC_SetPriority  stm32f1xx_hal_cortex.o
    0x080037e6   0x080037e6   0x00000002   PAD
    0x080037e8   0x080037e8   0x0000000c   Code   RO         7709    i.beep_off          func_beep.o
    0x080037f4   0x080037f4   0x0000000c   Code   RO         7710    i.beep_on           func_beep.o
    0x08003800   0x08003800   0x0000000a   Code   RO         6853    i.bsp_oled_delay    bsp_hard_oled.o
    0x0800380a   0x0800380a   0x00000002   PAD
    0x0800380c   0x0800380c   0x00000054   Code   RO         6854    i.bsp_oled_io_config  bsp_hard_oled.o
    0x08003860   0x08003860   0x00000024   Code   RO         6855    i.bsp_oled_wr_byte  bsp_hard_oled.o
    0x08003884   0x08003884   0x00000010   Code   RO         6856    i.bsp_spi_send_byte  bsp_hard_oled.o
    0x08003894   0x08003894   0x00000004   Code   RO         6857    i.bsp_spi_send_bytes  bsp_hard_oled.o
    0x08003898   0x08003898   0x00000198   Code   RO         8038    i.func_dht11_get_temp_humi  func_dht11.o
    0x08003a30   0x08003a30   0x0000000e   Code   RO         8102    i.get_interface_fa_state  func_pc_interface_com.o
    0x08003a3e   0x08003a3e   0x00000004   Code   RO         7934    i.get_time_tick     func_ir_decode.o
    0x08003a42   0x08003a42   0x00000012   Code   RO         8103    i.interface_fa_buf  func_pc_interface_com.o
    0x08003a54   0x08003a54   0x00000224   Code   RO         8227    i.main              main.o
    0x08003c78   0x08003c78   0x00000004   Code   RO         6530    i.ringbuf_get_len   bsp_uart.o
    0x08003c7c   0x08003c7c   0x00000020   Code   RO         6531    i.ringbuf_init      bsp_uart.o
    0x08003c9c   0x08003c9c   0x00000030   Code   RO         6532    i.ringbuf_read      bsp_uart.o
    0x08003ccc   0x08003ccc   0x00000044   Code   RO         6533    i.ringbuf_write     bsp_uart.o
    0x08003d10   0x08003d10   0x00000004   Code   RO         7935    i.set_time_tick     func_ir_decode.o
    0x08003d14   0x08003d14   0x00000002   Code   RO         8177    i.show_debug_picture_value  app_oled_display.o
    0x08003d16   0x08003d16   0x00000002   PAD
    0x08003d18   0x08003d18   0x000000f0   Code   RO         8178    i.show_idle_picture_value  app_oled_display.o
    0x08003e08   0x08003e08   0x00000026   Code   RO         8309    x$fpl$ffltu         fz_ws.l(fflt_clz.o)
    0x08003e2e   0x08003e2e   0x00000000   Code   RO         8323    x$fpl$usenofp       fz_ws.l(usenofp.o)
    0x08003e2e   0x08003e2e   0x00000010   Data   RO         7219    .constdata          system_stm32f1xx.o
    0x08003e3e   0x08003e3e   0x00000008   Data   RO         7220    .constdata          system_stm32f1xx.o
    0x08003e46   0x08003e46   0x00000400   Data   RO         7557    .constdata          func_s_crc16.o
    0x08004246   0x08004246   0x00000003   Data   RO         7764    .constdata          func_alone_key.o
    0x08004249   0x08004249   0x000017c0   Data   RO         7820    .constdata          func_oled.o
    0x08005a09   0x08005a09   0x00000014   Data   RO         7994    .constdata          func_ir_nec_key.o
    0x08005a1d   0x08005a1d   0x00000003   PAD
    0x08005a20   0x08005a20   0x00000020   Data   RO         8478    Region$$Table       anon$$obj.o


    Execution Region RW_IRAM1 (Exec base: 0x20000000, Load base: 0x08005a40, Size: 0x00001a18, Max: 0x0000c000, ABSOLUTE)

    Exec Addr    Load Addr    Size         Type   Attr      Idx    E Section Name        Object

    0x20000000   0x08005a40   0x0000000c   Data   RW           38    .data               stm32f1xx_hal.o
    0x2000000c   0x08005a4c   0x00000004   Data   RW         5974    .data               bsp_systick.o
    0x20000010   0x08005a50   0x0000001c   Data   RW         6369    .data               bsp_timer.o
    0x2000002c   0x08005a6c   0x00000001   Data   RW         6696    .data               bsp_spi.o
    0x2000002d   0x08005a6d   0x00000002   Data   RW         6858    .data               bsp_hard_oled.o
    0x2000002f   0x08005a6f   0x00000001   PAD
    0x20000030   0x08005a70   0x00000004   Data   RW         7221    .data               system_stm32f1xx.o
    0x20000034   0x08005a74   0x00000004   Data   RW         7640    .data               func_s_delay.o
    0x20000038   0x08005a78   0x00000016   Data   RW         7673    .data               func_time_mark.o
    0x2000004e   0x08005a8e   0x00000006   Data   RW         7711    .data               func_beep.o
    0x20000054   0x08005a94   0x0000000e   Data   RW         7765    .data               func_alone_key.o
    0x20000062   0x08005aa2   0x00000012   Data   RW         7936    .data               func_ir_decode.o
    0x20000074   0x08005ab4   0x00000002   Data   RW         7995    .data               func_ir_nec_key.o
    0x20000076   0x08005ab6   0x0000000c   Data   RW         8105    .data               func_pc_interface_com.o
    0x20000082   0x08005ac2   0x00000003   Data   RW         8179    .data               app_oled_display.o
    0x20000085   0x08005ac5   0x00000006   Data   RW         8229    .data               main.o
    0x2000008b   0x08005acb   0x00000001   PAD
    0x2000008c        -       0x00000374   Zero   RW         6095    .bss                bsp_dma.o
    0x20000400        -       0x000000c0   Zero   RW         6368    .bss                bsp_timer.o
    0x200004c0        -       0x00000270   Zero   RW         6534    .bss                bsp_uart.o
    0x20000730        -       0x00000058   Zero   RW         6695    .bss                bsp_spi.o
    0x20000788        -       0x00000054   Zero   RW         7520    .bss                func_s_version_con.o
    0x200007dc        -       0x00000400   Zero   RW         7819    .bss                func_oled.o
    0x20000bdc        -       0x00000014   Zero   RW         7993    .bss                func_ir_nec_key.o
    0x20000bf0        -       0x0000002c   Zero   RW         8039    .bss                func_dht11.o
    0x20000c1c        -       0x00000390   Zero   RW         8104    .bss                func_pc_interface_com.o
    0x20000fac        -       0x0000000c   Zero   RW         8228    .bss                main.o
    0x20000fb8        -       0x00000060   Zero   RW         8352    .bss                c_w.l(libspace.o)
    0x20001018        -       0x00000200   Zero   RW            2    HEAP                startup_stm32f103xe.o
    0x20001218        -       0x00000800   Zero   RW            1    STACK               startup_stm32f103xe.o


==============================================================================

Image component sizes


      Code (inc. data)   RO Data    RW Data    ZI Data      Debug   Object Name

       492        106          0          3          0       2605   app_oled_display.o
        60         10          0          0          0        916   bsp_beep.o
       154         24          0          0          0       4377   bsp_dht11_io.o
       374         78          0          0        884       6811   bsp_dma.o
       260         50          0          0          0       4088   bsp_exti.o
       610         52          0          2          0       4950   bsp_hard_oled.o
       136         16          0          0          0       1011   bsp_key.o
       100         16          0          0          0        963   bsp_led.o
       342         64          0          1         88       5089   bsp_spi.o
        68          0          0          0          0      10812   bsp_sysclock_config.o
       152          8          0          4          0       2659   bsp_systick.o
       504         56          0         28        192       4577   bsp_timer.o
       988         74          0          0        624      10316   bsp_uart.o
       416         18          3         14          0       3826   func_alone_key.o
       144         24          0          6          0       2447   func_beep.o
       672         34          0          0         44       5095   func_dht11.o
       516         22          0         18          0       3935   func_ir_decode.o
       316         18         20          2         20       3688   func_ir_nec_key.o
       548         32       6080          0       1024       6257   func_oled.o
      1560         22          0         12        912       8740   func_pc_interface_com.o
        88         12       1024          0          0       2248   func_s_crc16.o
       222          0          0          0          0       2723   func_s_data_flow_process.o
       100         18          0          4          0       2294   func_s_delay.o
       150          0          0          0          0       2972   func_s_ring_queue.o
        32          0          0          0          0       1469   func_s_state_machine.o
         0          0          0          0         84       1125   func_s_version_con.o
       152          6          0         22          0       1437   func_time_mark.o
       548         24          0          6         12       2241   main.o
        64         26        304          0       2560        816   startup_stm32f103xe.o
       128         26          0         12          0     445765   stm32f1xx_hal.o
       198         14          0          0          0      28627   stm32f1xx_hal_cortex.o
       716         44          0          0          0       4084   stm32f1xx_hal_dma.o
       510         32          0          0          0       2716   stm32f1xx_hal_gpio.o
         2          0          0          0          0        906   stm32f1xx_hal_msp.o
      1468        106          0          0          0       6260   stm32f1xx_hal_rcc.o
      1128         12          0          0          0       6405   stm32f1xx_hal_spi.o
       200         14          0          0          0       2856   stm32f1xx_hal_tim.o
       376          4          0          0          0       1716   stm32f1xx_hal_uart.o
        16          0          0          0          0       3264   stm32f1xx_it.o
        72         16         24          4          0       1195   system_stm32f1xx.o

    ----------------------------------------------------------------------
     14608       1078       7490        140       6444     614281   Object Totals
         0          0         32          0          0          0   (incl. Generated)
        26          0          3          2          0          0   (incl. Padding)

    ----------------------------------------------------------------------

      Code (inc. data)   RO Data    RW Data    ZI Data      Debug   Library Member Name

         8          0          0          0          0         68   __main.o
       104          0          0          0          0         84   __printf.o
         0          0          0          0          0          0   __rtentry.o
        12          0          0          0          0          0   __rtentry2.o
         6          0          0          0          0          0   __rtentry4.o
        52          8          0          0          0          0   __scatter.o
        26          0          0          0          0          0   __scatter_copy.o
        28          0          0          0          0          0   __scatter_zi.o
        48          6          0          0          0         96   _printf_char_common.o
         6          0          0          0          0          0   _printf_d.o
       120         16          0          0          0         92   _printf_dec.o
       178          0          0          0          0         88   _printf_intcommon.o
         0          0          0          0          0          0   _printf_percent.o
         4          0          0          0          0          0   _printf_percent_end.o
        10          0          0          0          0         68   _sputc.o
        18          0          0          0          0         80   exit.o
         6          0          0          0          0        152   heapauxi.o
         0          0          0          0          0          0   indicate_semi.o
         2          0          0          0          0          0   libinit.o
         2          0          0          0          0          0   libinit2.o
         2          0          0          0          0          0   libshutdown.o
         2          0          0          0          0          0   libshutdown2.o
         8          4          0          0         96         68   libspace.o
        40          6          0          0          0         84   noretval__2sprintf.o
        78          0          0          0          0         80   rt_memclr_w.o
       100          0          0          0          0         80   rt_memcpy_w.o
         2          0          0          0          0          0   rtexit.o
        10          0          0          0          0          0   rtexit2.o
        12          4          0          0          0         68   sys_exit.o
        74          0          0          0          0         80   sys_stackheap_outer.o
         2          0          0          0          0         68   use_no_semi.o
        38          0          0          0          0         68   fflt_clz.o
         0          0          0          0          0          0   usenofp.o

    ----------------------------------------------------------------------
      1006         44          0          0         96       1324   Library Totals
         8          0          0          0          0          0   (incl. Padding)

    ----------------------------------------------------------------------

      Code (inc. data)   RO Data    RW Data    ZI Data      Debug   Library Name

       960         44          0          0         96       1256   c_w.l
        38          0          0          0          0         68   fz_ws.l

    ----------------------------------------------------------------------
      1006         44          0          0         96       1324   Library Totals

    ----------------------------------------------------------------------

==============================================================================


      Code (inc. data)   RO Data    RW Data    ZI Data      Debug   

     15614       1122       7490        140       6540     606449   Grand Totals
     15614       1122       7490        140       6540     606449   ELF Image Totals
     15614       1122       7490        140          0          0   ROM Totals

==============================================================================

    Total RO  Size (Code + RO Data)                23104 (  22.56kB)
    Total RW  Size (RW Data + ZI Data)              6680 (   6.52kB)
    Total ROM Size (Code + RO Data + RW Data)      23244 (  22.70kB)

==============================================================================

