Component: ARM Compiler 5.06 update 6 (build 750) Tool: armlink [4d35ed]

==============================================================================

Section Cross References

    startup_stm32f103xe.o(STACK) refers (Special) to heapauxi.o(.text) for __use_two_region_memory
    startup_stm32f103xe.o(HEAP) refers (Special) to heapauxi.o(.text) for __use_two_region_memory
    startup_stm32f103xe.o(RESET) refers (Special) to heapauxi.o(.text) for __use_two_region_memory
    startup_stm32f103xe.o(RESET) refers to startup_stm32f103xe.o(STACK) for __initial_sp
    startup_stm32f103xe.o(RESET) refers to startup_stm32f103xe.o(.text) for Reset_Handler
    startup_stm32f103xe.o(RESET) refers to stm32f1xx_it.o(i.NMI_Handler) for NMI_Handler
    startup_stm32f103xe.o(RESET) refers to stm32f1xx_it.o(i.HardFault_Handler) for HardFault_Handler
    startup_stm32f103xe.o(RESET) refers to stm32f1xx_it.o(i.MemManage_Handler) for MemManage_Handler
    startup_stm32f103xe.o(RESET) refers to stm32f1xx_it.o(i.BusFault_Handler) for BusFault_Handler
    startup_stm32f103xe.o(RESET) refers to stm32f1xx_it.o(i.UsageFault_Handler) for UsageFault_Handler
    startup_stm32f103xe.o(RESET) refers to stm32f1xx_it.o(i.SVC_Handler) for SVC_Handler
    startup_stm32f103xe.o(RESET) refers to stm32f1xx_it.o(i.DebugMon_Handler) for DebugMon_Handler
    startup_stm32f103xe.o(RESET) refers to stm32f1xx_it.o(i.PendSV_Handler) for PendSV_Handler
    startup_stm32f103xe.o(RESET) refers to bsp_systick.o(i.SysTick_Handler) for SysTick_Handler
    startup_stm32f103xe.o(RESET) refers to bsp_dma.o(i.DMA1_Channel1_IRQHandler) for DMA1_Channel1_IRQHandler
    startup_stm32f103xe.o(RESET) refers to bsp_dma.o(i.DMA1_Channel2_IRQHandler) for DMA1_Channel2_IRQHandler
    startup_stm32f103xe.o(RESET) refers to bsp_dma.o(i.DMA1_Channel3_IRQHandler) for DMA1_Channel3_IRQHandler
    startup_stm32f103xe.o(RESET) refers to bsp_dma.o(i.DMA1_Channel4_IRQHandler) for DMA1_Channel4_IRQHandler
    startup_stm32f103xe.o(RESET) refers to bsp_dma.o(i.DMA1_Channel5_IRQHandler) for DMA1_Channel5_IRQHandler
    startup_stm32f103xe.o(RESET) refers to bsp_dma.o(i.DMA1_Channel6_IRQHandler) for DMA1_Channel6_IRQHandler
    startup_stm32f103xe.o(RESET) refers to bsp_dma.o(i.DMA1_Channel7_IRQHandler) for DMA1_Channel7_IRQHandler
    startup_stm32f103xe.o(RESET) refers to bsp_uart.o(i.USART1_IRQHandler) for USART1_IRQHandler
    startup_stm32f103xe.o(RESET) refers to bsp_uart.o(i.USART2_IRQHandler) for USART2_IRQHandler
    startup_stm32f103xe.o(RESET) refers to bsp_uart.o(i.USART3_IRQHandler) for USART3_IRQHandler
    startup_stm32f103xe.o(.text) refers (Special) to heapauxi.o(.text) for __use_two_region_memory
    startup_stm32f103xe.o(.text) refers to system_stm32f1xx.o(i.SystemInit) for SystemInit
    startup_stm32f103xe.o(.text) refers to __main.o(!!!main) for __main
    startup_stm32f103xe.o(.text) refers to startup_stm32f103xe.o(HEAP) for Heap_Mem
    startup_stm32f103xe.o(.text) refers to startup_stm32f103xe.o(STACK) for Stack_Mem
    stm32f1xx_hal.o(i.HAL_DeInit) refers to stm32f1xx_hal_msp.o(i.HAL_MspDeInit) for HAL_MspDeInit
    stm32f1xx_hal.o(i.HAL_Delay) refers to stm32f1xx_hal.o(i.HAL_GetTick) for HAL_GetTick
    stm32f1xx_hal.o(i.HAL_Delay) refers to stm32f1xx_hal.o(.data) for .data
    stm32f1xx_hal.o(i.HAL_GetTick) refers to stm32f1xx_hal.o(.data) for .data
    stm32f1xx_hal.o(i.HAL_GetTickFreq) refers to stm32f1xx_hal.o(.data) for .data
    stm32f1xx_hal.o(i.HAL_GetTickPrio) refers to stm32f1xx_hal.o(.data) for .data
    stm32f1xx_hal.o(i.HAL_IncTick) refers to stm32f1xx_hal.o(.data) for .data
    stm32f1xx_hal.o(i.HAL_Init) refers to stm32f1xx_hal_cortex.o(i.HAL_NVIC_SetPriorityGrouping) for HAL_NVIC_SetPriorityGrouping
    stm32f1xx_hal.o(i.HAL_Init) refers to stm32f1xx_hal_msp.o(i.HAL_MspInit) for HAL_MspInit
    stm32f1xx_hal.o(i.HAL_InitTick) refers to stm32f1xx_hal_cortex.o(i.HAL_SYSTICK_Config) for HAL_SYSTICK_Config
    stm32f1xx_hal.o(i.HAL_InitTick) refers to stm32f1xx_hal_cortex.o(i.HAL_NVIC_SetPriority) for HAL_NVIC_SetPriority
    stm32f1xx_hal.o(i.HAL_InitTick) refers to stm32f1xx_hal.o(.data) for .data
    stm32f1xx_hal.o(i.HAL_InitTick) refers to system_stm32f1xx.o(.data) for SystemCoreClock
    stm32f1xx_hal.o(i.HAL_SetTickFreq) refers to stm32f1xx_hal.o(i.HAL_InitTick) for HAL_InitTick
    stm32f1xx_hal.o(i.HAL_SetTickFreq) refers to stm32f1xx_hal.o(.data) for .data
    stm32f1xx_hal_adc.o(i.ADC_ConversionStop_Disable) refers to stm32f1xx_hal.o(i.HAL_GetTick) for HAL_GetTick
    stm32f1xx_hal_adc.o(i.ADC_DMAConvCplt) refers to stm32f1xx_hal_adc.o(i.HAL_ADC_ConvCpltCallback) for HAL_ADC_ConvCpltCallback
    stm32f1xx_hal_adc.o(i.ADC_DMAError) refers to stm32f1xx_hal_adc.o(i.HAL_ADC_ErrorCallback) for HAL_ADC_ErrorCallback
    stm32f1xx_hal_adc.o(i.ADC_DMAHalfConvCplt) refers to stm32f1xx_hal_adc.o(i.HAL_ADC_ConvHalfCpltCallback) for HAL_ADC_ConvHalfCpltCallback
[...]
    Removing bsp_beep.o(.rev16_text), (4 bytes).
    Removing bsp_beep.o(.revsh_text), (4 bytes).
    Removing bsp_beep.o(.rrx_text), (6 bytes).
    Removing bsp_beep.o(i.BSP_BEEP_INIT), (60 bytes).
    Removing bsp_key.o(.rev16_text), (4 bytes).
    Removing bsp_key.o(.revsh_text), (4 bytes).
    Removing bsp_key.o(.rrx_text), (6 bytes).
    Removing bsp_key.o(i.BSP_KEY_INIT), (96 bytes).
    Removing bsp_oled_operation.o(.rev16_text), (4 bytes).
    Removing bsp_oled_operation.o(.revsh_text), (4 bytes).
    Removing bsp_oled_operation.o(.rrx_text), (6 bytes).
    Removing bsp_oled_operation.o(i.BSP_OLED_COLORTURN), (34 bytes).
    Removing bsp_oled_operation.o(i.BSP_OLED_DISPLAYTURN), (50 bytes).
    Removing bsp_oled_operation.o(i.BSP_OLED_DISPLAY_OFF), (30 bytes).
    Removing bsp_oled_operation.o(i.BSP_OLED_DISPLAY_ON), (30 bytes).
    Removing bsp_oled_operation.o(i.bsp_oled_delay), (10 bytes).
    Removing stm32f1xx_hal_msp.o(.rev16_text), (4 bytes).
    Removing stm32f1xx_hal_msp.o(.revsh_text), (4 bytes).
    Removing stm32f1xx_hal_msp.o(.rrx_text), (6 bytes).
    Removing stm32f1xx_hal_msp.o(i.HAL_MspDeInit), (2 bytes).
    Removing stm32f1xx_it.o(.rev16_text), (4 bytes).
    Removing stm32f1xx_it.o(.revsh_text), (4 bytes).
    Removing stm32f1xx_it.o(.rrx_text), (6 bytes).
    Removing system_stm32f1xx.o(.rev16_text), (4 bytes).
    Removing system_stm32f1xx.o(.revsh_text), (4 bytes).
    Removing system_stm32f1xx.o(.rrx_text), (6 bytes).
    Removing system_stm32f1xx.o(i.SystemCoreClockUpdate), (124 bytes).
    Removing system_stm32f1xx.o(.constdata), (8 bytes).
    Removing func_s_ring_queue.o(.rev16_text), (4 bytes).
    Removing func_s_ring_queue.o(.revsh_text), (4 bytes).
    Removing func_s_ring_queue.o(.rrx_text), (6 bytes).
    Removing func_s_ring_queue.o(i.FUNC_S_RING_QUEUE8_GET_DATA), (130 bytes).
    Removing func_s_ring_queue.o(i.FUNC_S_RING_QUEUE8_GET_LEN), (4 bytes).
    Removing func_s_ring_queue.o(i.FUNC_S_RING_QUEUE8_INIT), (34 bytes).
    Removing func_s_ring_queue.o(i.FUNC_S_RING_QUEUE8_READ), (44 bytes).
    Removing func_s_ring_queue.o(i.FUNC_S_RING_QUEUE8_RESET), (30 bytes).
    Removing func_s_ring_queue.o(i.FUNC_S_RING_QUEUE8_WRITE), (68 bytes).
    Removing func_s_string_process.o(.rev16_text), (4 bytes).
    Removing func_s_string_process.o(.revsh_text), (4 bytes).
    Removing func_s_string_process.o(.rrx_text), (6 bytes).
    Removing func_s_string_process.o(i.FUNC_S_SP_COMPAR_STR1_STR2), (106 bytes).
    Removing func_s_string_process.o(i.FUNC_S_SP_COPY_STR), (42 bytes).
    Removing func_s_string_process.o(i.FUNC_S_SP_CUT_OUT_STR), (52 bytes).
    Removing func_s_string_process.o(i.FUNC_S_SP_GET_MATCH_POS), (32 bytes).
    Removing func_s_data_flow_process.o(.rev16_text), (4 bytes).
    Removing func_s_data_flow_process.o(.revsh_text), (4 bytes).
    Removing func_s_data_flow_process.o(.rrx_text), (6 bytes).
    Removing func_s_data_flow_process.o(i.FUNC_SDF_FIND_DATA_FROM_FLOW_INIT), (22 bytes).
    Removing func_s_data_flow_process.o(i.FUNC_SDF_FIND_DATA_FROM_FLOW_ON), (108 bytes).
    Removing func_s_data_flow_process.o(i.FUNC_SDF_FIND_DATA_FROM_FLOW_RESET), (14 bytes).
    Removing func_s_data_flow_process.o(i.FUNC_SDF_FIND_FORMAT1_DATA_FROM_FLOW_INIT), (42 bytes).
    Removing func_s_data_flow_process.o(i.FUNC_SDF_FIND_FORMAT1_DATA_FROM_FLOW_ON), (170 bytes).
    Removing func_s_data_flow_process.o(i.FUNC_SDF_FIND_FORMAT1_DATA_FROM_FLOW_RESET), (30 bytes).
    Removing func_s_data_flow_process.o(i.FUNC_SDF_FIND_FORMAT2_DATA_FROM_FLOW_INIT), (52 bytes).
    Removing func_s_data_flow_process.o(i.FUNC_SDF_FIND_FORMAT2_DATA_FROM_FLOW_ON), (176 bytes).
    Removing func_s_data_flow_process.o(i.FUNC_SDF_FIND_FORMAT2_DATA_FROM_FLOW_RESET), (26 bytes).
    Removing func_s_data_flow_process.o(i.FUNC_SDF_FIND_FORMAT3_DATA_FROM_FLOW_INIT), (42 bytes).
    Removing func_s_data_flow_process.o(i.FUNC_SDF_FIND_FORMAT3_DATA_FROM_FLOW_ON), (172 bytes).
    Removing func_s_data_flow_process.o(i.FUNC_SDF_FIND_FORMAT3_DATA_FROM_FLOW_RESET), (30 bytes).
    Removing func_s_data_flow_process.o(i.FUNC_SDF_FIND_FORMAT4_DATA_FROM_FLOW_INIT), (38 bytes).
    Removing func_s_data_flow_process.o(i.FUNC_SDF_FIND_FORMAT4_DATA_FROM_FLOW_ON), (198 bytes).
    Removing func_s_data_flow_process.o(i.FUNC_SDF_FIND_FORMAT4_DATA_FROM_FLOW_RESET), (30 bytes).
    Removing func_s_crc16.o(i.FUNC_S_CRC16_MODBUS_CAL), (44 bytes).
    Removing func_s_crc16.o(i.FUNC_S_CRC16_MODBUS_CHECK), (44 bytes).
    Removing func_s_crc16.o(i.FUNC_S_CRC16_XMODEM_CAL), (44 bytes).
    Removing func_s_crc16.o(i.FUNC_S_CRC16_XMODEM_CHECK), (44 bytes).
    Removing func_s_crc16.o(i.func_s_crc16_test1), (40 bytes).
    Removing func_s_crc16.o(i.func_s_crc16_test2), (12 bytes).
    Removing func_s_crc16.o(.bss), (512 bytes).
    Removing func_s_crc16.o(.constdata), (1024 bytes).
    Removing func_s_crc16.o(.data), (10 bytes).
    Removing func_s_crc8.o(i.FUNC_S_CRC8_CAL), (32 bytes).
    Removing func_s_crc8.o(i.FUNC_S_CRC8_CHECK), (32 bytes).
    Removing func_s_crc8.o(.constdata), (256 bytes).
    Removing func_s_xorc8.o(i.FUNC_S_XORC8_CAL), (26 bytes).
    Removing func_s_xorc8.o(i.FUNC_S_XORC8_CHECK), (38 bytes).
    Removing func_s_delay.o(i.FUNC_S_DELAY_MS), (16 bytes).
    Removing func_time_mark.o(.rev16_text), (4 bytes).
    Removing func_time_mark.o(.revsh_text), (4 bytes).
    Removing func_time_mark.o(.rrx_text), (6 bytes).
    Removing func_time_mark.o(i.FUNC_TIME_MARK_TIMER), (152 bytes).
    Removing func_time_mark.o(.data), (22 bytes).
    Removing func_delay.o(.rev16_text), (4 bytes).
    Removing func_delay.o(.revsh_text), (4 bytes).
    Removing func_delay.o(.rrx_text), (6 bytes).
    Removing func_beep.o(.rev16_text), (4 bytes).
    Removing func_beep.o(.revsh_text), (4 bytes).
    Removing func_beep.o(.rrx_text), (6 bytes).
    Removing func_beep.o(i.BEEP_CONTROL), (36 bytes).
    Removing func_beep.o(i.Beep_Init), (20 bytes).
    Removing func_beep.o(i.TIMER_BEEP_CONTROL), (64 bytes).
    Removing func_beep.o(i.beep_off), (12 bytes).
    Removing func_beep.o(i.beep_on), (12 bytes).
    Removing func_beep.o(.data), (6 bytes).
    Removing func_key_dg.o(.rev16_text), (4 bytes).
    Removing func_key_dg.o(.revsh_text), (4 bytes).
    Removing func_key_dg.o(.rrx_text), (6 bytes).
    Removing func_key_dg.o(i.KEY_DG_PD), (244 bytes).
    Removing func_key_dg.o(i.KEY_DG_PD_INIT), (36 bytes).
    Removing func_key_dg.o(i.TIM_KEY_DG_PD), (2 bytes).
    Removing func_key_dg.o(.data), (14 bytes).
    Removing func_oled.o(.rev16_text), (4 bytes).
    Removing func_oled.o(.revsh_text), (4 bytes).
    Removing func_oled.o(.rrx_text), (6 bytes).
    Removing func_oled.o(i.FUNC_OLED_DrawLine), (154 bytes).
    Removing func_oled.o(i.FUNC_OLED_DrawLine_f), (154 bytes).
    Removing func_oled.o(i.FUNC_OLED_DrawRectangle), (62 bytes).
    Removing func_oled.o(i.FUNC_OLED_Draw_Circle), (196 bytes).
    Removing func_oled.o(i.FUNC_OLED_Show_Str_gundon), (280 bytes).
    Removing func_oled.o(i.FUNC_OLED_Show_time), (176 bytes).
    Removing func_oled.o(i.FUNC_OLED_clearRectangle), (44 bytes).
    Removing func_oled.o(i.FUNC_OLED_fillRectangle), (44 bytes).
    Removing app_oled_display.o(.rev16_text), (4 bytes).
    Removing app_oled_display.o(.revsh_text), (4 bytes).
    Removing app_oled_display.o(.rrx_text), (6 bytes).
    Removing main.o(.rev16_text), (4 bytes).
    Removing main.o(.revsh_text), (4 bytes).
    Removing main.o(.rrx_text), (6 bytes).

1143 unused section(s) (total 79138 bytes) removed from the image.

==============================================================================

Image Symbol Table

    Local Symbols

    Symbol Name                              Value     Ov Type        Size  Object(Section)

    ../clib/angel/boardlib.s                 0x00000000   Number         0  boardinit2.o ABSOLUTE
    ../clib/angel/boardlib.s                 0x00000000   Number         0  boardshut.o ABSOLUTE
    ../clib/angel/boardlib.s                 0x00000000   Number         0  boardinit1.o ABSOLUTE
    ../clib/angel/boardlib.s                 0x00000000   Number         0  boardinit3.o ABSOLUTE
    ../clib/angel/handlers.s                 0x00000000   Number         0  __scatter_copy.o ABSOLUTE
    ../clib/angel/handlers.s                 0x00000000   Number         0  __scatter_zi.o ABSOLUTE
    ../clib/angel/kernel.s                   0x00000000   Number         0  rtexit.o ABSOLUTE
    ../clib/angel/kernel.s                   0x00000000   Number         0  rtexit2.o ABSOLUTE
    ../clib/angel/kernel.s                   0x00000000   Number         0  __rtentry.o ABSOLUTE
    ../clib/angel/kernel.s                   0x00000000   Number         0  __rtentry2.o ABSOLUTE
    ../clib/angel/kernel.s                   0x00000000   Number         0  __rtentry4.o ABSOLUTE
    ../clib/angel/rt.s                       0x00000000   Number         0  rt_raise.o ABSOLUTE
    ../clib/angel/scatter.s                  0x00000000   Number         0  __scatter.o ABSOLUTE
    ../clib/angel/startup.s                  0x00000000   Number         0  __main.o ABSOLUTE
    ../clib/angel/sys.s                      0x00000000   Number         0  sys_stackheap_outer.o ABSOLUTE
    ../clib/angel/sys.s                      0x00000000   Number         0  libspace.o ABSOLUTE
    ../clib/angel/sys.s                      0x00000000   Number         0  indicate_semi.o ABSOLUTE
    ../clib/angel/sys.s                      0x00000000   Number         0  use_no_semi.o ABSOLUTE
    ../clib/angel/sysapp.c                   0x00000000   Number         0  sys_exit.o ABSOLUTE
    ../clib/angel/sysapp.c                   0x00000000   Number         0  sys_wrch.o ABSOLUTE
    ../clib/angel/sysapp.c                   0x00000000   Number         0  sys_command.o ABSOLUTE
    ../clib/armsys.c                         0x00000000   Number         0  no_argv.o ABSOLUTE
    ../clib/armsys.c                         0x00000000   Number         0  _get_argv_nomalloc.o ABSOLUTE
    ../clib/armsys.c                         0x00000000   Number         0  argv_veneer.o ABSOLUTE
    ../clib/armsys.c                         0x00000000   Number         0  argv_veneer.o ABSOLUTE
    ../clib/heapalloc.c                      0x00000000   Number         0  hrguard.o ABSOLUTE
    ../clib/heapaux.c                        0x00000000   Number         0  heapauxi.o ABSOLUTE
    ../clib/libinit.s                        0x00000000   Number         0  libshutdown.o ABSOLUTE
    ../clib/libinit.s                        0x00000000   Number         0  libinit2.o ABSOLUTE
    ../clib/libinit.s                        0x00000000   Number         0  libinit.o ABSOLUTE
    ../clib/libinit.s                        0x00000000   Number         0  libshutdown2.o ABSOLUTE
    ../clib/longlong.s                       0x00000000   Number         0  llushr.o ABSOLUTE
    ../clib/memcpset.s                       0x00000000   Number         0  rt_memcpy_w.o ABSOLUTE
    ../clib/signal.c                         0x00000000   Number         0  defsig_stak_inner.o ABSOLUTE
    ../clib/signal.c                         0x00000000   Number         0  defsig_rtred_inner.o ABSOLUTE
    ../clib/signal.c                         0x00000000   Number         0  defsig_fpe_inner.o ABSOLUTE
    ../clib/signal.c                         0x00000000   Number         0  defsig_abrt_inner.o ABSOLUTE
    ../clib/signal.c                         0x00000000   Number         0  __raise.o ABSOLUTE
    ../clib/signal.c                         0x00000000   Number         0  defsig_rtmem_inner.o ABSOLUTE
    ../clib/signal.c                         0x00000000   Number         0  defsig_exit.o ABSOLUTE
    ../clib/signal.c                         0x00000000   Number         0  defsig_other.o ABSOLUTE
    ../clib/signal.c                         0x00000000   Number         0  defsig_rtmem_formal.o ABSOLUTE
    ../clib/signal.c                         0x00000000   Number         0  defsig_rtmem_outer.o ABSOLUTE
    ../clib/signal.c                         0x00000000   Number         0  defsig_segv_inner.o ABSOLUTE
    ../clib/signal.c                         0x00000000   Number         0  defsig_cppl_inner.o ABSOLUTE
    ../clib/signal.c                         0x00000000   Number         0  defsig_pvfn_inner.o ABSOLUTE
    ../clib/signal.c                         0x00000000   Number         0  defsig_general.o ABSOLUTE
    ../clib/signal.s                         0x00000000   Number         0  defsig.o ABSOLUTE
    ../clib/stdlib.c                         0x00000000   Number         0  exit.o ABSOLUTE
    ../fplib/fpinit.s                        0x00000000   Number         0  fpinit.o ABSOLUTE
    ..\DEVICE_BSP\bsp_beep.c                 0x00000000   Number         0  bsp_beep.o ABSOLUTE
    ..\DEVICE_BSP\bsp_crc.c                  0x00000000   Number         0  bsp_crc.o ABSOLUTE
    ..\DEVICE_BSP\bsp_dma.c                  0x00000000   Number         0  bsp_dma.o ABSOLUTE
    ..\DEVICE_BSP\bsp_flash.c                0x00000000   Number         0  bsp_flash.o ABSOLUTE
    ..\DEVICE_BSP\bsp_in_io.c                0x00000000   Number         0  bsp_in_io.o ABSOLUTE
    ..\DEVICE_BSP\bsp_iwdg.c                 0x00000000   Number         0  bsp_iwdg.o ABSOLUTE
    ..\DEVICE_BSP\bsp_key.c                  0x00000000   Number         0  bsp_key.o ABSOLUTE
    ..\DEVICE_BSP\bsp_led.c                  0x00000000   Number         0  bsp_led.o ABSOLUTE
    ..\DEVICE_BSP\bsp_oled_operation.c       0x00000000   Number         0  bsp_oled_operation.o ABSOLUTE
    ..\DEVICE_BSP\bsp_out_io.c               0x00000000   Number         0  bsp_out_io.o ABSOLUTE
    ..\DEVICE_BSP\bsp_sysclock_config.c      0x00000000   Number         0  bsp_sysclock_config.o ABSOLUTE
    ..\DEVICE_BSP\bsp_systick.c              0x00000000   Number         0  bsp_systick.o ABSOLUTE
    ..\DEVICE_BSP\bsp_uart.c                 0x00000000   Number         0  bsp_uart.o ABSOLUTE
    ..\DEVICE_BSP\stm32f1xx_hal_msp.c        0x00000000   Number         0  stm32f1xx_hal_msp.o ABSOLUTE
    ..\DEVICE_BSP\stm32f1xx_it.c             0x00000000   Number         0  stm32f1xx_it.o ABSOLUTE
    ..\DEVICE_BSP\system_stm32f1xx.c         0x00000000   Number         0  system_stm32f1xx.o ABSOLUTE
    ..\DEVICE_CORE\startup_stm32f103xe.s     0x00000000   Number         0  startup_stm32f103xe.o ABSOLUTE
    ..\DEVICE_LIB\Src\stm32f1xx_hal.c        0x00000000   Number         0  stm32f1xx_hal.o ABSOLUTE
    ..\DEVICE_LIB\Src\stm32f1xx_hal_adc.c    0x00000000   Number         0  stm32f1xx_hal_adc.o ABSOLUTE
    ..\DEVICE_LIB\Src\stm32f1xx_hal_adc_ex.c 0x00000000   Number         0  stm32f1xx_hal_adc_ex.o ABSOLUTE
    ..\DEVICE_LIB\Src\stm32f1xx_hal_can.c    0x00000000   Number         0  stm32f1xx_hal_can.o ABSOLUTE
    ..\DEVICE_LIB\Src\stm32f1xx_hal_cec.c    0x00000000   Number         0  stm32f1xx_hal_cec.o ABSOLUTE
    ..\DEVICE_LIB\Src\stm32f1xx_hal_cortex.c 0x00000000   Number         0  stm32f1xx_hal_cortex.o ABSOLUTE
    ..\DEVICE_LIB\Src\stm32f1xx_hal_crc.c    0x00000000   Number         0  stm32f1xx_hal_crc.o ABSOLUTE
    ..\DEVICE_LIB\Src\stm32f1xx_hal_dac.c    0x00000000   Number         0  stm32f1xx_hal_dac.o ABSOLUTE
    ..\DEVICE_LIB\Src\stm32f1xx_hal_dac_ex.c 0x00000000   Number         0  stm32f1xx_hal_dac_ex.o ABSOLUTE
    ..\DEVICE_LIB\Src\stm32f1xx_hal_dma.c    0x00000000   Number         0  stm32f1xx_hal_dma.o ABSOLUTE
    ..\DEVICE_LIB\Src\stm32f1xx_hal_eth.c    0x00000000   Number         0  stm32f1xx_hal_eth.o ABSOLUTE
    ..\DEVICE_LIB\Src\stm32f1xx_hal_exti.c   0x00000000   Number         0  stm32f1xx_hal_exti.o ABSOLUTE
    ..\DEVICE_LIB\Src\stm32f1xx_hal_flash.c  0x00000000   Number         0  stm32f1xx_hal_flash.o ABSOLUTE
    ..\DEVICE_LIB\Src\stm32f1xx_hal_flash_ex.c 0x00000000   Number         0  stm32f1xx_hal_flash_ex.o ABSOLUTE
    ..\DEVICE_LIB\Src\stm32f1xx_hal_gpio.c   0x00000000   Number         0  stm32f1xx_hal_gpio.o ABSOLUTE
    ..\DEVICE_LIB\Src\stm32f1xx_hal_gpio_ex.c 0x00000000   Number         0  stm32f1xx_hal_gpio_ex.o ABSOLUTE
    ..\DEVICE_LIB\Src\stm32f1xx_hal_hcd.c    0x00000000   Number         0  stm32f1xx_hal_hcd.o ABSOLUTE
    ..\DEVICE_LIB\Src\stm32f1xx_hal_i2c.c    0x00000000   Number         0  stm32f1xx_hal_i2c.o ABSOLUTE
    ..\DEVICE_LIB\Src\stm32f1xx_hal_i2s.c    0x00000000   Number         0  stm32f1xx_hal_i2s.o ABSOLUTE
    ..\DEVICE_LIB\Src\stm32f1xx_hal_irda.c   0x00000000   Number         0  stm32f1xx_hal_irda.o ABSOLUTE
    ..\DEVICE_LIB\Src\stm32f1xx_hal_iwdg.c   0x00000000   Number         0  stm32f1xx_hal_iwdg.o ABSOLUTE
    ..\DEVICE_LIB\Src\stm32f1xx_hal_mmc.c    0x00000000   Number         0  stm32f1xx_hal_mmc.o ABSOLUTE
    ..\DEVICE_LIB\Src\stm32f1xx_hal_nand.c   0x00000000   Number         0  stm32f1xx_hal_nand.o ABSOLUTE
    ..\DEVICE_LIB\Src\stm32f1xx_hal_nor.c    0x00000000   Number         0  stm32f1xx_hal_nor.o ABSOLUTE
    ..\DEVICE_LIB\Src\stm32f1xx_hal_pccard.c 0x00000000   Number         0  stm32f1xx_hal_pccard.o ABSOLUTE
    ..\DEVICE_LIB\Src\stm32f1xx_hal_pcd.c    0x00000000   Number         0  stm32f1xx_hal_pcd.o ABSOLUTE
    ..\DEVICE_LIB\Src\stm32f1xx_hal_pcd_ex.c 0x00000000   Number         0  stm32f1xx_hal_pcd_ex.o ABSOLUTE
    ..\DEVICE_LIB\Src\stm32f1xx_hal_pwr.c    0x00000000   Number         0  stm32f1xx_hal_pwr.o ABSOLUTE
    ..\DEVICE_LIB\Src\stm32f1xx_hal_rcc.c    0x00000000   Number         0  stm32f1xx_hal_rcc.o ABSOLUTE
    ..\DEVICE_LIB\Src\stm32f1xx_hal_rcc_ex.c 0x00000000   Number         0  stm32f1xx_hal_rcc_ex.o ABSOLUTE
    ..\DEVICE_LIB\Src\stm32f1xx_hal_rtc.c    0x00000000   Number         0  stm32f1xx_hal_rtc.o ABSOLUTE
    ..\DEVICE_LIB\Src\stm32f1xx_hal_rtc_ex.c 0x00000000   Number         0  stm32f1xx_hal_rtc_ex.o ABSOLUTE
    ..\DEVICE_LIB\Src\stm32f1xx_hal_sd.c     0x00000000   Number         0  stm32f1xx_hal_sd.o ABSOLUTE
    ..\DEVICE_LIB\Src\stm32f1xx_hal_smartcard.c 0x00000000   Number         0  stm32f1xx_hal_smartcard.o ABSOLUTE
    ..\DEVICE_LIB\Src\stm32f1xx_hal_spi.c    0x00000000   Number         0  stm32f1xx_hal_spi.o ABSOLUTE
    ..\DEVICE_LIB\Src\stm32f1xx_hal_sram.c   0x00000000   Number         0  stm32f1xx_hal_sram.o ABSOLUTE
    ..\DEVICE_LIB\Src\stm32f1xx_hal_tim.c    0x00000000   Number         0  stm32f1xx_hal_tim.o ABSOLUTE
    ..\DEVICE_LIB\Src\stm32f1xx_hal_tim_ex.c 0x00000000   Number         0  stm32f1xx_hal_tim_ex.o ABSOLUTE
    ..\DEVICE_LIB\Src\stm32f1xx_hal_uart.c   0x00000000   Number         0  stm32f1xx_hal_uart.o ABSOLUTE
    ..\DEVICE_LIB\Src\stm32f1xx_hal_usart.c  0x00000000   Number         0  stm32f1xx_hal_usart.o ABSOLUTE
    ..\DEVICE_LIB\Src\stm32f1xx_hal_wwdg.c   0x00000000   Number         0  stm32f1xx_hal_wwdg.o ABSOLUTE
    ..\DEVICE_LIB\Src\stm32f1xx_ll_adc.c     0x00000000   Number         0  stm32f1xx_ll_adc.o ABSOLUTE
    ..\DEVICE_LIB\Src\stm32f1xx_ll_crc.c     0x00000000   Number         0  stm32f1xx_ll_crc.o ABSOLUTE
    ..\DEVICE_LIB\Src\stm32f1xx_ll_dac.c     0x00000000   Number         0  stm32f1xx_ll_dac.o ABSOLUTE
    ..\DEVICE_LIB\Src\stm32f1xx_ll_dma.c     0x00000000   Number         0  stm32f1xx_ll_dma.o ABSOLUTE
    ..\DEVICE_LIB\Src\stm32f1xx_ll_exti.c    0x00000000   Number         0  stm32f1xx_ll_exti.o ABSOLUTE
    ..\DEVICE_LIB\Src\stm32f1xx_ll_fsmc.c    0x00000000   Number         0  stm32f1xx_ll_fsmc.o ABSOLUTE
    ..\DEVICE_LIB\Src\stm32f1xx_ll_gpio.c    0x00000000   Number         0  stm32f1xx_ll_gpio.o ABSOLUTE
    ..\DEVICE_LIB\Src\stm32f1xx_ll_i2c.c     0x00000000   Number         0  stm32f1xx_ll_i2c.o ABSOLUTE
    ..\DEVICE_LIB\Src\stm32f1xx_ll_pwr.c     0x00000000   Number         0  stm32f1xx_ll_pwr.o ABSOLUTE
    ..\DEVICE_LIB\Src\stm32f1xx_ll_rcc.c     0x00000000   Number         0  stm32f1xx_ll_rcc.o ABSOLUTE
    ..\DEVICE_LIB\Src\stm32f1xx_ll_rtc.c     0x00000000   Number         0  stm32f1xx_ll_rtc.o ABSOLUTE
    ..\DEVICE_LIB\Src\stm32f1xx_ll_sdmmc.c   0x00000000   Number         0  stm32f1xx_ll_sdmmc.o ABSOLUTE
    ..\DEVICE_LIB\Src\stm32f1xx_ll_spi.c     0x00000000   Number         0  stm32f1xx_ll_spi.o ABSOLUTE
    ..\DEVICE_LIB\Src\stm32f1xx_ll_tim.c     0x00000000   Number         0  stm32f1xx_ll_tim.o ABSOLUTE
    ..\DEVICE_LIB\Src\stm32f1xx_ll_usart.c   0x00000000   Number         0  stm32f1xx_ll_usart.o ABSOLUTE
    ..\DEVICE_LIB\Src\stm32f1xx_ll_usb.c     0x00000000   Number         0  stm32f1xx_ll_usb.o ABSOLUTE
    ..\DEVICE_LIB\Src\stm32f1xx_ll_utils.c   0x00000000   Number         0  stm32f1xx_ll_utils.o ABSOLUTE
    ..\USR_APP\app_oled_display.c            0x00000000   Number         0  app_oled_display.o ABSOLUTE
    ..\USR_FUNC\func_beep.c                  0x00000000   Number         0  func_beep.o ABSOLUTE
    ..\USR_FUNC\func_delay.c                 0x00000000   Number         0  func_delay.o ABSOLUTE
    ..\USR_FUNC\func_key_dg.c                0x00000000   Number         0  func_key_dg.o ABSOLUTE
    ..\USR_FUNC\func_oled.c                  0x00000000   Number         0  func_oled.o ABSOLUTE
    ..\USR_FUNC\func_s_crc16.c               0x00000000   Number         0  func_s_crc16.o ABSOLUTE
    ..\USR_FUNC\func_s_crc8.c                0x00000000   Number         0  func_s_crc8.o ABSOLUTE
    ..\USR_FUNC\func_s_data_flow_process.c   0x00000000   Number         0  func_s_data_flow_process.o ABSOLUTE
    ..\USR_FUNC\func_s_delay.c               0x00000000   Number         0  func_s_delay.o ABSOLUTE
    ..\USR_FUNC\func_s_ring_queue.c          0x00000000   Number         0  func_s_ring_queue.o ABSOLUTE
    ..\USR_FUNC\func_s_state_machine.c       0x00000000   Number         0  func_s_state_machine.o ABSOLUTE
    ..\USR_FUNC\func_s_string_process.c      0x00000000   Number         0  func_s_string_process.o ABSOLUTE
    ..\USR_FUNC\func_s_xorc8.c               0x00000000   Number         0  func_s_xorc8.o ABSOLUTE
    ..\USR_FUNC\func_time_mark.c             0x00000000   Number         0  func_time_mark.o ABSOLUTE
    ..\USR_MAIN\main.c                       0x00000000   Number         0  main.o ABSOLUTE
    ..\\DEVICE_BSP\\bsp_beep.c               0x00000000   Number         0  bsp_beep.o ABSOLUTE
    ..\\DEVICE_BSP\\bsp_crc.c                0x00000000   Number         0  bsp_crc.o ABSOLUTE
    ..\\DEVICE_BSP\\bsp_dma.c                0x00000000   Number         0  bsp_dma.o ABSOLUTE
    ..\\DEVICE_BSP\\bsp_flash.c              0x00000000   Number         0  bsp_flash.o ABSOLUTE
    ..\\DEVICE_BSP\\bsp_in_io.c              0x00000000   Number         0  bsp_in_io.o ABSOLUTE
    ..\\DEVICE_BSP\\bsp_iwdg.c               0x00000000   Number         0  bsp_iwdg.o ABSOLUTE
    ..\\DEVICE_BSP\\bsp_key.c                0x00000000   Number         0  bsp_key.o ABSOLUTE
    ..\\DEVICE_BSP\\bsp_led.c                0x00000000   Number         0  bsp_led.o ABSOLUTE
    ..\\DEVICE_BSP\\bsp_oled_operation.c     0x00000000   Number         0  bsp_oled_operation.o ABSOLUTE
    ..\\DEVICE_BSP\\bsp_out_io.c             0x00000000   Number         0  bsp_out_io.o ABSOLUTE
    ..\\DEVICE_BSP\\bsp_sysclock_config.c    0x00000000   Number         0  bsp_sysclock_config.o ABSOLUTE
    ..\\DEVICE_BSP\\bsp_systick.c            0x00000000   Number         0  bsp_systick.o ABSOLUTE
    ..\\DEVICE_BSP\\bsp_uart.c               0x00000000   Number         0  bsp_uart.o ABSOLUTE
    ..\\DEVICE_BSP\\stm32f1xx_hal_msp.c      0x00000000   Number         0  stm32f1xx_hal_msp.o ABSOLUTE
    ..\\DEVICE_BSP\\stm32f1xx_it.c           0x00000000   Number         0  stm32f1xx_it.o ABSOLUTE
    ..\\DEVICE_BSP\\system_stm32f1xx.c       0x00000000   Number         0  system_stm32f1xx.o ABSOLUTE
    ..\\DEVICE_LIB\\Src\\stm32f1xx_hal.c     0x00000000   Number         0  stm32f1xx_hal.o ABSOLUTE
    ..\\DEVICE_LIB\\Src\\stm32f1xx_hal_adc.c 0x00000000   Number         0  stm32f1xx_hal_adc.o ABSOLUTE
    ..\\DEVICE_LIB\\Src\\stm32f1xx_hal_adc_ex.c 0x00000000   Number         0  stm32f1xx_hal_adc_ex.o ABSOLUTE
    ..\\DEVICE_LIB\\Src\\stm32f1xx_hal_can.c 0x00000000   Number         0  stm32f1xx_hal_can.o ABSOLUTE
    ..\\DEVICE_LIB\\Src\\stm32f1xx_hal_cec.c 0x00000000   Number         0  stm32f1xx_hal_cec.o ABSOLUTE
    ..\\DEVICE_LIB\\Src\\stm32f1xx_hal_cortex.c 0x00000000   Number         0  stm32f1xx_hal_cortex.o ABSOLUTE
    ..\\DEVICE_LIB\\Src\\stm32f1xx_hal_crc.c 0x00000000   Number         0  stm32f1xx_hal_crc.o ABSOLUTE
    ..\\DEVICE_LIB\\Src\\stm32f1xx_hal_dac.c 0x00000000   Number         0  stm32f1xx_hal_dac.o ABSOLUTE
    ..\\DEVICE_LIB\\Src\\stm32f1xx_hal_dac_ex.c 0x00000000   Number         0  stm32f1xx_hal_dac_ex.o ABSOLUTE
    ..\\DEVICE_LIB\\Src\\stm32f1xx_hal_dma.c 0x00000000   Number         0  stm32f1xx_hal_dma.o ABSOLUTE
    ..\\DEVICE_LIB\\Src\\stm32f1xx_hal_eth.c 0x00000000   Number         0  stm32f1xx_hal_eth.o ABSOLUTE
    ..\\DEVICE_LIB\\Src\\stm32f1xx_hal_exti.c 0x00000000   Number         0  stm32f1xx_hal_exti.o ABSOLUTE
    ..\\DEVICE_LIB\\Src\\stm32f1xx_hal_flash.c 0x00000000   Number         0  stm32f1xx_hal_flash.o ABSOLUTE
    ..\\DEVICE_LIB\\Src\\stm32f1xx_hal_flash_ex.c 0x00000000   Number         0  stm32f1xx_hal_flash_ex.o ABSOLUTE
    ..\\DEVICE_LIB\\Src\\stm32f1xx_hal_gpio.c 0x00000000   Number         0  stm32f1xx_hal_gpio.o ABSOLUTE
    ..\\DEVICE_LIB\\Src\\stm32f1xx_hal_gpio_ex.c 0x00000000   Number         0  stm32f1xx_hal_gpio_ex.o ABSOLUTE
    ..\\DEVICE_LIB\\Src\\stm32f1xx_hal_hcd.c 0x00000000   Number         0  stm32f1xx_hal_hcd.o ABSOLUTE
    ..\\DEVICE_LIB\\Src\\stm32f1xx_hal_i2c.c 0x00000000   Number         0  stm32f1xx_hal_i2c.o ABSOLUTE
    ..\\DEVICE_LIB\\Src\\stm32f1xx_hal_i2s.c 0x00000000   Number         0  stm32f1xx_hal_i2s.o ABSOLUTE
    ..\\DEVICE_LIB\\Src\\stm32f1xx_hal_irda.c 0x00000000   Number         0  stm32f1xx_hal_irda.o ABSOLUTE
    ..\\DEVICE_LIB\\Src\\stm32f1xx_hal_iwdg.c 0x00000000   Number         0  stm32f1xx_hal_iwdg.o ABSOLUTE
    ..\\DEVICE_LIB\\Src\\stm32f1xx_hal_mmc.c 0x00000000   Number         0  stm32f1xx_hal_mmc.o ABSOLUTE
    ..\\DEVICE_LIB\\Src\\stm32f1xx_hal_nand.c 0x00000000   Number         0  stm32f1xx_hal_nand.o ABSOLUTE
    ..\\DEVICE_LIB\\Src\\stm32f1xx_hal_nor.c 0x00000000   Number         0  stm32f1xx_hal_nor.o ABSOLUTE
    ..\\DEVICE_LIB\\Src\\stm32f1xx_hal_pccard.c 0x00000000   Number         0  stm32f1xx_hal_pccard.o ABSOLUTE
    ..\\DEVICE_LIB\\Src\\stm32f1xx_hal_pcd.c 0x00000000   Number         0  stm32f1xx_hal_pcd.o ABSOLUTE
    ..\\DEVICE_LIB\\Src\\stm32f1xx_hal_pcd_ex.c 0x00000000   Number         0  stm32f1xx_hal_pcd_ex.o ABSOLUTE
    ..\\DEVICE_LIB\\Src\\stm32f1xx_hal_pwr.c 0x00000000   Number         0  stm32f1xx_hal_pwr.o ABSOLUTE
    ..\\DEVICE_LIB\\Src\\stm32f1xx_hal_rcc.c 0x00000000   Number         0  stm32f1xx_hal_rcc.o ABSOLUTE
    ..\\DEVICE_LIB\\Src\\stm32f1xx_hal_rcc_ex.c 0x00000000   Number         0  stm32f1xx_hal_rcc_ex.o ABSOLUTE
    ..\\DEVICE_LIB\\Src\\stm32f1xx_hal_rtc.c 0x00000000   Number         0  stm32f1xx_hal_rtc.o ABSOLUTE
    ..\\DEVICE_LIB\\Src\\stm32f1xx_hal_rtc_ex.c 0x00000000   Number         0  stm32f1xx_hal_rtc_ex.o ABSOLUTE
    ..\\DEVICE_LIB\\Src\\stm32f1xx_hal_sd.c  0x00000000   Number         0  stm32f1xx_hal_sd.o ABSOLUTE
    ..\\DEVICE_LIB\\Src\\stm32f1xx_hal_smartcard.c 0x00000000   Number         0  stm32f1xx_hal_smartcard.o ABSOLUTE
    ..\\DEVICE_LIB\\Src\\stm32f1xx_hal_spi.c 0x00000000   Number         0  stm32f1xx_hal_spi.o ABSOLUTE
    ..\\DEVICE_LIB\\Src\\stm32f1xx_hal_sram.c 0x00000000   Number         0  stm32f1xx_hal_sram.o ABSOLUTE
    ..\\DEVICE_LIB\\Src\\stm32f1xx_hal_tim.c 0x00000000   Number         0  stm32f1xx_hal_tim.o ABSOLUTE
    ..\\DEVICE_LIB\\Src\\stm32f1xx_hal_tim_ex.c 0x00000000   Number         0  stm32f1xx_hal_tim_ex.o ABSOLUTE
    ..\\DEVICE_LIB\\Src\\stm32f1xx_hal_uart.c 0x00000000   Number         0  stm32f1xx_hal_uart.o ABSOLUTE
    ..\\DEVICE_LIB\\Src\\stm32f1xx_hal_usart.c 0x00000000   Number         0  stm32f1xx_hal_usart.o ABSOLUTE
    ..\\DEVICE_LIB\\Src\\stm32f1xx_hal_wwdg.c 0x00000000   Number         0  stm32f1xx_hal_wwdg.o ABSOLUTE
    ..\\DEVICE_LIB\\Src\\stm32f1xx_ll_fsmc.c 0x00000000   Number         0  stm32f1xx_ll_fsmc.o ABSOLUTE
    ..\\DEVICE_LIB\\Src\\stm32f1xx_ll_sdmmc.c 0x00000000   Number         0  stm32f1xx_ll_sdmmc.o ABSOLUTE
    ..\\DEVICE_LIB\\Src\\stm32f1xx_ll_usb.c  0x00000000   Number         0  stm32f1xx_ll_usb.o ABSOLUTE
    ..\\DEVICE_LIB\\Src\\stm32f1xx_ll_utils.c 0x00000000   Number         0  stm32f1xx_ll_utils.o ABSOLUTE
    ..\\USR_APP\\app_oled_display.c          0x00000000   Number         0  app_oled_display.o ABSOLUTE
    ..\\USR_FUNC\\func_beep.c                0x00000000   Number         0  func_beep.o ABSOLUTE
    ..\\USR_FUNC\\func_delay.c               0x00000000   Number         0  func_delay.o ABSOLUTE
    ..\\USR_FUNC\\func_key_dg.c              0x00000000   Number         0  func_key_dg.o ABSOLUTE
    ..\\USR_FUNC\\func_oled.c                0x00000000   Number         0  func_oled.o ABSOLUTE
    ..\\USR_FUNC\\func_s_data_flow_process.c 0x00000000   Number         0  func_s_data_flow_process.o ABSOLUTE
    ..\\USR_FUNC\\func_s_ring_queue.c        0x00000000   Number         0  func_s_ring_queue.o ABSOLUTE
    ..\\USR_FUNC\\func_s_string_process.c    0x00000000   Number         0  func_s_string_process.o ABSOLUTE
    ..\\USR_FUNC\\func_time_mark.c           0x00000000   Number         0  func_time_mark.o ABSOLUTE
    ..\\USR_MAIN\\main.c                     0x00000000   Number         0  main.o ABSOLUTE
    dc.s                                     0x00000000   Number         0  dc.o ABSOLUTE
    RESET                                    0x08000000   Section      304  startup_stm32f103xe.o(RESET)
    !!!main                                  0x08000130   Section        8  __main.o(!!!main)
    !!!scatter                               0x08000138   Section       52  __scatter.o(!!!scatter)
    !!handler_copy                           0x0800016c   Section       26  __scatter_copy.o(!!handler_copy)
    !!handler_zi                             0x08000188   Section       28  __scatter_zi.o(!!handler_zi)
    .ARM.Collect$$libinit$$00000000          0x080001a4   Section        2  libinit.o(.ARM.Collect$$libinit$$00000000)
    .ARM.Collect$$libinit$$00000002          0x080001a6   Section        0  libinit2.o(.ARM.Collect$$libinit$$00000002)
    .ARM.Collect$$libinit$$00000004          0x080001a6   Section        0  libinit2.o(.ARM.Collect$$libinit$$00000004)
    .ARM.Collect$$libinit$$0000000A          0x080001a6   Section        0  libinit2.o(.ARM.Collect$$libinit$$0000000A)
    .ARM.Collect$$libinit$$0000000C          0x080001a6   Section        0  libinit2.o(.ARM.Collect$$libinit$$0000000C)
    .ARM.Collect$$libinit$$0000000E          0x080001a6   Section        0  libinit2.o(.ARM.Collect$$libinit$$0000000E)
    .ARM.Collect$$libinit$$00000011          0x080001a6   Section        0  libinit2.o(.ARM.Collect$$libinit$$00000011)
    .ARM.Collect$$libinit$$00000013          0x080001a6   Section        0  libinit2.o(.ARM.Collect$$libinit$$00000013)
    .ARM.Collect$$libinit$$00000015          0x080001a6   Section        0  libinit2.o(.ARM.Collect$$libinit$$00000015)
    .ARM.Collect$$libinit$$00000017          0x080001a6   Section        0  libinit2.o(.ARM.Collect$$libinit$$00000017)
    .ARM.Collect$$libinit$$00000019          0x080001a6   Section        0  libinit2.o(.ARM.Collect$$libinit$$00000019)
    .ARM.Collect$$libinit$$0000001B          0x080001a6   Section        0  libinit2.o(.ARM.Collect$$libinit$$0000001B)
    .ARM.Collect$$libinit$$0000001D          0x080001a6   Section        0  libinit2.o(.ARM.Collect$$libinit$$0000001D)
    .ARM.Collect$$libinit$$0000001F          0x080001a6   Section        0  libinit2.o(.ARM.Collect$$libinit$$0000001F)
    .ARM.Collect$$libinit$$00000021          0x080001a6   Section        0  libinit2.o(.ARM.Collect$$libinit$$00000021)
    .ARM.Collect$$libinit$$00000023          0x080001a6   Section        0  libinit2.o(.ARM.Collect$$libinit$$00000023)
    .ARM.Collect$$libinit$$00000025          0x080001a6   Section        0  libinit2.o(.ARM.Collect$$libinit$$00000025)
    .ARM.Collect$$libinit$$0000002C          0x080001a6   Section        0  libinit2.o(.ARM.Collect$$libinit$$0000002C)
    .ARM.Collect$$libinit$$0000002E          0x080001a6   Section        0  libinit2.o(.ARM.Collect$$libinit$$0000002E)
    .ARM.Collect$$libinit$$00000030          0x080001a6   Section        0  libinit2.o(.ARM.Collect$$libinit$$00000030)
    .ARM.Collect$$libinit$$00000032          0x080001a6   Section        0  libinit2.o(.ARM.Collect$$libinit$$00000032)
    .ARM.Collect$$libinit$$00000033          0x080001a6   Section        2  libinit2.o(.ARM.Collect$$libinit$$00000033)
    .ARM.Collect$$libshutdown$$00000000      0x080001a8   Section        2  libshutdown.o(.ARM.Collect$$libshutdown$$00000000)
    .ARM.Collect$$libshutdown$$00000002      0x080001aa   Section        0  libshutdown2.o(.ARM.Collect$$libshutdown$$00000002)
    .ARM.Collect$$libshutdown$$00000004      0x080001aa   Section        0  libshutdown2.o(.ARM.Collect$$libshutdown$$00000004)
    .ARM.Collect$$libshutdown$$00000007      0x080001aa   Section        0  libshutdown2.o(.ARM.Collect$$libshutdown$$00000007)
    .ARM.Collect$$libshutdown$$0000000A      0x080001aa   Section        0  libshutdown2.o(.ARM.Collect$$libshutdown$$0000000A)
    .ARM.Collect$$libshutdown$$0000000C      0x080001aa   Section        0  libshutdown2.o(.ARM.Collect$$libshutdown$$0000000C)
    .ARM.Collect$$libshutdown$$0000000F      0x080001aa   Section        0  libshutdown2.o(.ARM.Collect$$libshutdown$$0000000F)
    .ARM.Collect$$libshutdown$$00000010      0x080001aa   Section        2  libshutdown2.o(.ARM.Collect$$libshutdown$$00000010)
    .ARM.Collect$$rtentry$$00000000          0x080001ac   Section        0  __rtentry.o(.ARM.Collect$$rtentry$$00000000)
    .ARM.Collect$$rtentry$$00000002          0x080001ac   Section        0  __rtentry2.o(.ARM.Collect$$rtentry$$00000002)
    .ARM.Collect$$rtentry$$00000004          0x080001ac   Section        6  __rtentry4.o(.ARM.Collect$$rtentry$$00000004)
    .ARM.Collect$$rtentry$$00000009          0x080001b2   Section        0  __rtentry2.o(.ARM.Collect$$rtentry$$00000009)
    .ARM.Collect$$rtentry$$0000000A          0x080001b2   Section        4  __rtentry2.o(.ARM.Collect$$rtentry$$0000000A)
    .ARM.Collect$$rtentry$$0000000C          0x080001b6   Section        0  __rtentry2.o(.ARM.Collect$$rtentry$$0000000C)
    .ARM.Collect$$rtentry$$0000000D          0x080001b6   Section        8  __rtentry2.o(.ARM.Collect$$rtentry$$0000000D)
    .ARM.Collect$$rtexit$$00000000           0x080001be   Section        2  rtexit.o(.ARM.Collect$$rtexit$$00000000)
    .ARM.Collect$$rtexit$$00000002           0x080001c0   Section        0  rtexit2.o(.ARM.Collect$$rtexit$$00000002)
    .ARM.Collect$$rtexit$$00000003           0x080001c0   Section        4  rtexit2.o(.ARM.Collect$$rtexit$$00000003)
    .ARM.Collect$$rtexit$$00000004           0x080001c4   Section        6  rtexit2.o(.ARM.Collect$$rtexit$$00000004)
    .text                                    0x080001cc   Section       64  startup_stm32f103xe.o(.text)
    .text                                    0x0800020c   Section        0  heapauxi.o(.text)
    .text                                    0x08000212   Section       74  sys_stackheap_outer.o(.text)
    .text                                    0x0800025c   Section        0  exit.o(.text)
    .text                                    0x08000270   Section        8  libspace.o(.text)
    .text                                    0x08000278   Section        0  sys_exit.o(.text)
    .text                                    0x08000284   Section        2  use_no_semi.o(.text)
    .text                                    0x08000286   Section        0  indicate_semi.o(.text)
    i.APP_OLED_DISPLAY_PICTURE               0x08000288   Section        0  app_oled_display.o(i.APP_OLED_DISPLAY_PICTURE)
    i.BSP_LED_INIT                           0x08000320   Section        0  bsp_led.o(i.BSP_LED_INIT)
    i.BSP_OLED_INIT                          0x08000388   Section        0  bsp_oled_operation.o(i.BSP_OLED_INIT)
    i.BSP_OLED_REFRESH_GRAM                  0x08000480   Section        0  bsp_oled_operation.o(i.BSP_OLED_REFRESH_GRAM)
    i.BSP_OLED_RST                           0x080004c8   Section        0  bsp_oled_operation.o(i.BSP_OLED_RST)
    i.BSP_SYSCLOCK_INIT                      0x080004e8   Section        0  bsp_sysclock_config.o(i.BSP_SYSCLOCK_INIT)
    i.BSP_SYSTICK_INIT                       0x0800052c   Section        0  bsp_systick.o(i.BSP_SYSTICK_INIT)
    i.BusFault_Handler                       0x08000560   Section        0  stm32f1xx_it.o(i.BusFault_Handler)
    i.DMA1_Channel1_IRQHandler               0x08000562   Section        0  bsp_dma.o(i.DMA1_Channel1_IRQHandler)
    i.DMA1_Channel2_IRQHandler               0x08000564   Section        0  bsp_dma.o(i.DMA1_Channel2_IRQHandler)
    i.DMA1_Channel3_IRQHandler               0x08000570   Section        0  bsp_dma.o(i.DMA1_Channel3_IRQHandler)
    i.DMA1_Channel4_IRQHandler               0x0800057c   Section        0  bsp_dma.o(i.DMA1_Channel4_IRQHandler)
    i.DMA1_Channel5_IRQHandler               0x08000588   Section        0  bsp_dma.o(i.DMA1_Channel5_IRQHandler)
    i.DMA1_Channel6_IRQHandler               0x08000594   Section        0  bsp_dma.o(i.DMA1_Channel6_IRQHandler)
    i.DMA1_Channel7_IRQHandler               0x080005a0   Section        0  bsp_dma.o(i.DMA1_Channel7_IRQHandler)
    i.DebugMon_Handler                       0x080005ac   Section        0  stm32f1xx_it.o(i.DebugMon_Handler)
    i.FUNC_DELAY_MS                          0x080005ae   Section        0  func_delay.o(i.FUNC_DELAY_MS)
    i.FUNC_DELAY_US                          0x080005c8   Section        0  func_delay.o(i.FUNC_DELAY_US)
    i.FUNC_OLED_DRAWPOINT                    0x080005fc   Section        0  func_oled.o(i.FUNC_OLED_DRAWPOINT)
    i.FUNC_OLED_GRAM_ALL_CLEAR               0x08000634   Section        0  func_oled.o(i.FUNC_OLED_GRAM_ALL_CLEAR)
    i.FUNC_OLED_GRAM_ALL_SET                 0x08000650   Section        0  func_oled.o(i.FUNC_OLED_GRAM_ALL_SET)
    i.FUNC_OLED_GRAM_INIT                    0x0800066c   Section        0  func_oled.o(i.FUNC_OLED_GRAM_INIT)
    i.FUNC_OLED_GRAM_REFRESH                 0x08000670   Section        0  func_oled.o(i.FUNC_OLED_GRAM_REFRESH)
    i.FUNC_OLED_INIT                         0x08000674   Section        0  func_oled.o(i.FUNC_OLED_INIT)
    i.FUNC_OLED_Show_ASCII_Mat               0x08000688   Section        0  func_oled.o(i.FUNC_OLED_Show_ASCII_Mat)
    i.FUNC_OLED_Show_Str                     0x08000754   Section        0  func_oled.o(i.FUNC_OLED_Show_Str)
    i.FUNC_S_DELAY_MS_TICK_INC               0x08000824   Section        0  func_s_delay.o(i.FUNC_S_DELAY_MS_TICK_INC)
    i.FUNC_S_NB_DELAY_MS_START               0x08000834   Section        0  func_s_delay.o(i.FUNC_S_NB_DELAY_MS_START)
    i.FUNC_S_NB_DELAY_MS_STATE               0x0800085c   Section        0  func_s_delay.o(i.FUNC_S_NB_DELAY_MS_STATE)
    i.FUNC_S_STATE_MACHINE1_INIT             0x08000884   Section        0  func_s_state_machine.o(i.FUNC_S_STATE_MACHINE1_INIT)
    i.FUNC_S_STATE_MACHINE1_SCHANGE          0x08000896   Section        0  func_s_state_machine.o(i.FUNC_S_STATE_MACHINE1_SCHANGE)
    i.GET_OLED_DATA                          0x080008a4   Section        0  app_oled_display.o(i.GET_OLED_DATA)
    i.HAL_DMA_IRQHandler                     0x080008a8   Section        0  stm32f1xx_hal_dma.o(i.HAL_DMA_IRQHandler)
    i.HAL_GPIO_Init                          0x08000a10   Section        0  stm32f1xx_hal_gpio.o(i.HAL_GPIO_Init)
    i.HAL_GetTick                            0x08000c00   Section        0  stm32f1xx_hal.o(i.HAL_GetTick)
    i.HAL_IncTick                            0x08000c0c   Section        0  stm32f1xx_hal.o(i.HAL_IncTick)
    i.HAL_Init                               0x08000c1c   Section        0  stm32f1xx_hal.o(i.HAL_Init)
    i.HAL_InitTick                           0x08000c3c   Section        0  stm32f1xx_hal.o(i.HAL_InitTick)
    i.HAL_MspInit                            0x08000c80   Section        0  stm32f1xx_hal_msp.o(i.HAL_MspInit)
    i.HAL_NVIC_SetPriority                   0x08000c84   Section        0  stm32f1xx_hal_cortex.o(i.HAL_NVIC_SetPriority)
    i.HAL_NVIC_SetPriorityGrouping           0x08000cc4   Section        0  stm32f1xx_hal_cortex.o(i.HAL_NVIC_SetPriorityGrouping)
    i.HAL_RCC_ClockConfig                    0x08000ce8   Section        0  stm32f1xx_hal_rcc.o(i.HAL_RCC_ClockConfig)
    i.HAL_RCC_GetSysClockFreq                0x08000e3c   Section        0  stm32f1xx_hal_rcc.o(i.HAL_RCC_GetSysClockFreq)
    i.HAL_RCC_OscConfig                      0x08000eb0   Section        0  stm32f1xx_hal_rcc.o(i.HAL_RCC_OscConfig)
    i.HAL_SYSTICK_Config                     0x08001234   Section        0  stm32f1xx_hal_cortex.o(i.HAL_SYSTICK_Config)
    i.HardFault_Handler                      0x0800125c   Section        0  stm32f1xx_it.o(i.HardFault_Handler)
    i.MemManage_Handler                      0x0800125e   Section        0  stm32f1xx_it.o(i.MemManage_Handler)
    i.NMI_Handler                            0x08001260   Section        0  stm32f1xx_it.o(i.NMI_Handler)
    i.PendSV_Handler                         0x08001262   Section        0  stm32f1xx_it.o(i.PendSV_Handler)
    i.RCC_Delay                              0x08001264   Section        0  stm32f1xx_hal_rcc.o(i.RCC_Delay)
    RCC_Delay                                0x08001265   Thumb Code    30  stm32f1xx_hal_rcc.o(i.RCC_Delay)
    i.SVC_Handler                            0x08001288   Section        0  stm32f1xx_it.o(i.SVC_Handler)
    i.SysTick_Handler                        0x0800128c   Section        0  bsp_systick.o(i.SysTick_Handler)
    i.SystemInit                             0x080012a4   Section        0  system_stm32f1xx.o(i.SystemInit)
    i.USART1_IRQHandler                      0x080012ec   Section        0  bsp_uart.o(i.USART1_IRQHandler)
    i.USART2_IRQHandler                      0x080013b4   Section        0  bsp_uart.o(i.USART2_IRQHandler)
    i.USART3_IRQHandler                      0x0800147c   Section        0  bsp_uart.o(i.USART3_IRQHandler)
    i.UsageFault_Handler                     0x08001544   Section        0  stm32f1xx_it.o(i.UsageFault_Handler)
    i.__NVIC_SetPriority                     0x08001546   Section        0  stm32f1xx_hal_cortex.o(i.__NVIC_SetPriority)
    __NVIC_SetPriority                       0x08001547   Thumb Code    32  stm32f1xx_hal_cortex.o(i.__NVIC_SetPriority)
    i.bsp_oled_delay2                        0x08001566   Section        0  bsp_oled_operation.o(i.bsp_oled_delay2)
    i.bsp_oled_io_config                     0x08001570   Section        0  bsp_oled_operation.o(i.bsp_oled_io_config)
    i.bsp_oled_wr_byte                       0x080015bc   Section        0  bsp_oled_operation.o(i.bsp_oled_wr_byte)
    i.bsp_spi_send_byte                      0x080015e0   Section        0  bsp_oled_operation.o(i.bsp_spi_send_byte)
    i.main                                   0x08001620   Section        0  main.o(i.main)
    i.ringbuf_write                          0x08001784   Section        0  bsp_uart.o(i.ringbuf_write)
    ringbuf_write                            0x08001785   Thumb Code    68  bsp_uart.o(i.ringbuf_write)
    i.show_debug_picture_value               0x080017c8   Section        0  app_oled_display.o(i.show_debug_picture_value)
    i.show_idle_picture_value                0x080017ca   Section        0  app_oled_display.o(i.show_idle_picture_value)
    .constdata                               0x080017cc   Section       16  system_stm32f1xx.o(.constdata)
    .constdata                               0x080017dc   Section     6080  func_oled.o(.constdata)
    .data                                    0x20000000   Section       12  stm32f1xx_hal.o(.data)
    .data                                    0x2000000c   Section        4  bsp_systick.o(.data)
    .data                                    0x20000010   Section        4  system_stm32f1xx.o(.data)
    .data                                    0x20000014   Section        4  func_s_delay.o(.data)
    func_s_delay_time_tick                   0x20000014   Data           4  func_s_delay.o(.data)
    .data                                    0x20000018   Section        3  app_oled_display.o(.data)
    arg_picture_id_last                      0x20000019   Data           1  app_oled_display.o(.data)
    static_pic_refresh_mark                  0x2000001a   Data           1  app_oled_display.o(.data)
    .data                                    0x2000001b   Section        6  main.o(.data)
    .bss                                     0x20000024   Section      612  bsp_dma.o(.bss)
    .bss                                     0x20000288   Section     1032  bsp_uart.o(.bss)
    .bss                                     0x20000690   Section     1024  func_oled.o(.bss)
    .bss                                     0x20000a90   Section       12  main.o(.bss)
    main_nb_delay_ms1                        0x20000a90   Data          12  main.o(.bss)
    .bss                                     0x20000a9c   Section       96  libspace.o(.bss)
    HEAP                                     0x20000b00   Section      512  startup_stm32f103xe.o(HEAP)
    Heap_Mem                                 0x20000b00   Data         512  startup_stm32f103xe.o(HEAP)
    STACK                                    0x20000d00   Section     2048  startup_stm32f103xe.o(STACK)
    Stack_Mem                                0x20000d00   Data        2048  startup_stm32f103xe.o(STACK)
    __initial_sp                             0x20001500   Data           0  startup_stm32f103xe.o(STACK)

    Global Symbols

    Symbol Name                              Value     Ov Type        Size  Object(Section)

    BuildAttributes$$THM_ISAv4$P$D$K$B$S$PE$A:L22UL41UL21$X:L11$S22US41US21$IEEE1$IW$USESV6$~STKCKD$USESV7$~SHL$OSPACE$ROPI$EBA8$UX$STANDARDLIB$REQ8$PRES8$EABIv2 0x00000000   Number         0  anon$$obj.o ABSOLUTE
    __ARM_use_no_argv                        0x00000000   Number         0  main.o ABSOLUTE
    __ARM_exceptions_init                     - Undefined Weak Reference
    __alloca_initialize                       - Undefined Weak Reference
    __arm_preinit_                            - Undefined Weak Reference
    __cpp_initialize__aeabi_                  - Undefined Weak Reference
    __cxa_finalize                            - Undefined Weak Reference
    __rt_locale                               - Undefined Weak Reference
    __sigvec_lookup                           - Undefined Weak Reference
    _atexit_init                              - Undefined Weak Reference
    _call_atexit_fns                          - Undefined Weak Reference
    _clock_init                               - Undefined Weak Reference
    _fp_trap_init                             - Undefined Weak Reference
    _fp_trap_shutdown                         - Undefined Weak Reference
    _get_lc_collate                           - Undefined Weak Reference
    _get_lc_ctype                             - Undefined Weak Reference
    _get_lc_monetary                          - Undefined Weak Reference
    _get_lc_numeric                           - Undefined Weak Reference
    _get_lc_time                              - Undefined Weak Reference
    _getenv_init                              - Undefined Weak Reference
    _handle_redirection                       - Undefined Weak Reference
    _init_alloc                               - Undefined Weak Reference
    _init_user_alloc                          - Undefined Weak Reference
    _initio                                   - Undefined Weak Reference
    _rand_init                                - Undefined Weak Reference
    _signal_finish                            - Undefined Weak Reference
    _signal_init                              - Undefined Weak Reference
    _terminate_alloc                          - Undefined Weak Reference
    _terminate_user_alloc                     - Undefined Weak Reference
    _terminateio                              - Undefined Weak Reference
    __Vectors_Size                           0x00000130   Number         0  startup_stm32f103xe.o ABSOLUTE
    __Vectors                                0x08000000   Data           4  startup_stm32f103xe.o(RESET)
    __Vectors_End                            0x08000130   Data           0  startup_stm32f103xe.o(RESET)
    __main                                   0x08000131   Thumb Code     8  __main.o(!!!main)
    __scatterload                            0x08000139   Thumb Code     0  __scatter.o(!!!scatter)
    __scatterload_rt2                        0x08000139   Thumb Code    44  __scatter.o(!!!scatter)
    __scatterload_rt2_thumb_only             0x08000139   Thumb Code     0  __scatter.o(!!!scatter)
    __scatterload_null                       0x08000147   Thumb Code     0  __scatter.o(!!!scatter)
    __scatterload_copy                       0x0800016d   Thumb Code    26  __scatter_copy.o(!!handler_copy)
    __scatterload_zeroinit                   0x08000189   Thumb Code    28  __scatter_zi.o(!!handler_zi)
    __rt_lib_init                            0x080001a5   Thumb Code     0  libinit.o(.ARM.Collect$$libinit$$00000000)
    __rt_lib_init_alloca_1                   0x080001a7   Thumb Code     0  libinit2.o(.ARM.Collect$$libinit$$0000002E)
    __rt_lib_init_argv_1                     0x080001a7   Thumb Code     0  libinit2.o(.ARM.Collect$$libinit$$0000002C)
    __rt_lib_init_atexit_1                   0x080001a7   Thumb Code     0  libinit2.o(.ARM.Collect$$libinit$$0000001B)
    __rt_lib_init_clock_1                    0x080001a7   Thumb Code     0  libinit2.o(.ARM.Collect$$libinit$$00000021)
    __rt_lib_init_cpp_1                      0x080001a7   Thumb Code     0  libinit2.o(.ARM.Collect$$libinit$$00000032)
    __rt_lib_init_exceptions_1               0x080001a7   Thumb Code     0  libinit2.o(.ARM.Collect$$libinit$$00000030)
    __rt_lib_init_fp_1                       0x080001a7   Thumb Code     0  libinit2.o(.ARM.Collect$$libinit$$00000002)
    __rt_lib_init_fp_trap_1                  0x080001a7   Thumb Code     0  libinit2.o(.ARM.Collect$$libinit$$0000001F)
    __rt_lib_init_getenv_1                   0x080001a7   Thumb Code     0  libinit2.o(.ARM.Collect$$libinit$$00000023)
    __rt_lib_init_heap_1                     0x080001a7   Thumb Code     0  libinit2.o(.ARM.Collect$$libinit$$0000000A)
    __rt_lib_init_lc_collate_1               0x080001a7   Thumb Code     0  libinit2.o(.ARM.Collect$$libinit$$00000011)
    __rt_lib_init_lc_ctype_1                 0x080001a7   Thumb Code     0  libinit2.o(.ARM.Collect$$libinit$$00000013)
    __rt_lib_init_lc_monetary_1              0x080001a7   Thumb Code     0  libinit2.o(.ARM.Collect$$libinit$$00000015)
    __rt_lib_init_lc_numeric_1               0x080001a7   Thumb Code     0  libinit2.o(.ARM.Collect$$libinit$$00000017)
    __rt_lib_init_lc_time_1                  0x080001a7   Thumb Code     0  libinit2.o(.ARM.Collect$$libinit$$00000019)
    __rt_lib_init_preinit_1                  0x080001a7   Thumb Code     0  libinit2.o(.ARM.Collect$$libinit$$00000004)
    __rt_lib_init_rand_1                     0x080001a7   Thumb Code     0  libinit2.o(.ARM.Collect$$libinit$$0000000E)
    __rt_lib_init_return                     0x080001a7   Thumb Code     0  libinit2.o(.ARM.Collect$$libinit$$00000033)
    __rt_lib_init_signal_1                   0x080001a7   Thumb Code     0  libinit2.o(.ARM.Collect$$libinit$$0000001D)
    __rt_lib_init_stdio_1                    0x080001a7   Thumb Code     0  libinit2.o(.ARM.Collect$$libinit$$00000025)
    __rt_lib_init_user_alloc_1               0x080001a7   Thumb Code     0  libinit2.o(.ARM.Collect$$libinit$$0000000C)
    __rt_lib_shutdown                        0x080001a9   Thumb Code     0  libshutdown.o(.ARM.Collect$$libshutdown$$00000000)
    __rt_lib_shutdown_cpp_1                  0x080001ab   Thumb Code     0  libshutdown2.o(.ARM.Collect$$libshutdown$$00000002)
    __rt_lib_shutdown_fp_trap_1              0x080001ab   Thumb Code     0  libshutdown2.o(.ARM.Collect$$libshutdown$$00000007)
    __rt_lib_shutdown_heap_1                 0x080001ab   Thumb Code     0  libshutdown2.o(.ARM.Collect$$libshutdown$$0000000F)
    __rt_lib_shutdown_return                 0x080001ab   Thumb Code     0  libshutdown2.o(.ARM.Collect$$libshutdown$$00000010)
    __rt_lib_shutdown_signal_1               0x080001ab   Thumb Code     0  libshutdown2.o(.ARM.Collect$$libshutdown$$0000000A)
    __rt_lib_shutdown_stdio_1                0x080001ab   Thumb Code     0  libshutdown2.o(.ARM.Collect$$libshutdown$$00000004)
    __rt_lib_shutdown_user_alloc_1           0x080001ab   Thumb Code     0  libshutdown2.o(.ARM.Collect$$libshutdown$$0000000C)
    __rt_entry                               0x080001ad   Thumb Code     0  __rtentry.o(.ARM.Collect$$rtentry$$00000000)
    __rt_entry_presh_1                       0x080001ad   Thumb Code     0  __rtentry2.o(.ARM.Collect$$rtentry$$00000002)
    __rt_entry_sh                            0x080001ad   Thumb Code     0  __rtentry4.o(.ARM.Collect$$rtentry$$00000004)
    __rt_entry_li                            0x080001b3   Thumb Code     0  __rtentry2.o(.ARM.Collect$$rtentry$$0000000A)
    __rt_entry_postsh_1                      0x080001b3   Thumb Code     0  __rtentry2.o(.ARM.Collect$$rtentry$$00000009)
    __rt_entry_main                          0x080001b7   Thumb Code     0  __rtentry2.o(.ARM.Collect$$rtentry$$0000000D)
    __rt_entry_postli_1                      0x080001b7   Thumb Code     0  __rtentry2.o(.ARM.Collect$$rtentry$$0000000C)
    __rt_exit                                0x080001bf   Thumb Code     0  rtexit.o(.ARM.Collect$$rtexit$$00000000)
    __rt_exit_ls                             0x080001c1   Thumb Code     0  rtexit2.o(.ARM.Collect$$rtexit$$00000003)
    __rt_exit_prels_1                        0x080001c1   Thumb Code     0  rtexit2.o(.ARM.Collect$$rtexit$$00000002)
    __rt_exit_exit                           0x080001c5   Thumb Code     0  rtexit2.o(.ARM.Collect$$rtexit$$00000004)
    Reset_Handler                            0x080001cd   Thumb Code     8  startup_stm32f103xe.o(.text)
    ADC1_2_IRQHandler                        0x080001e7   Thumb Code     0  startup_stm32f103xe.o(.text)
    ADC3_IRQHandler                          0x080001e7   Thumb Code     0  startup_stm32f103xe.o(.text)
    CAN1_RX1_IRQHandler                      0x080001e7   Thumb Code     0  startup_stm32f103xe.o(.text)
    CAN1_SCE_IRQHandler                      0x080001e7   Thumb Code     0  startup_stm32f103xe.o(.text)
    DMA2_Channel1_IRQHandler                 0x080001e7   Thumb Code     0  startup_stm32f103xe.o(.text)
    DMA2_Channel2_IRQHandler                 0x080001e7   Thumb Code     0  startup_stm32f103xe.o(.text)
    DMA2_Channel3_IRQHandler                 0x080001e7   Thumb Code     0  startup_stm32f103xe.o(.text)
    DMA2_Channel4_5_IRQHandler               0x080001e7   Thumb Code     0  startup_stm32f103xe.o(.text)
    EXTI0_IRQHandler                         0x080001e7   Thumb Code     0  startup_stm32f103xe.o(.text)
    EXTI15_10_IRQHandler                     0x080001e7   Thumb Code     0  startup_stm32f103xe.o(.text)
    EXTI1_IRQHandler                         0x080001e7   Thumb Code     0  startup_stm32f103xe.o(.text)
    EXTI2_IRQHandler                         0x080001e7   Thumb Code     0  startup_stm32f103xe.o(.text)
    EXTI3_IRQHandler                         0x080001e7   Thumb Code     0  startup_stm32f103xe.o(.text)
    EXTI4_IRQHandler                         0x080001e7   Thumb Code     0  startup_stm32f103xe.o(.text)
    EXTI9_5_IRQHandler                       0x080001e7   Thumb Code     0  startup_stm32f103xe.o(.text)
    FLASH_IRQHandler                         0x080001e7   Thumb Code     0  startup_stm32f103xe.o(.text)
    FSMC_IRQHandler                          0x080001e7   Thumb Code     0  startup_stm32f103xe.o(.text)
    I2C1_ER_IRQHandler                       0x080001e7   Thumb Code     0  startup_stm32f103xe.o(.text)
    I2C1_EV_IRQHandler                       0x080001e7   Thumb Code     0  startup_stm32f103xe.o(.text)
    I2C2_ER_IRQHandler                       0x080001e7   Thumb Code     0  startup_stm32f103xe.o(.text)
    I2C2_EV_IRQHandler                       0x080001e7   Thumb Code     0  startup_stm32f103xe.o(.text)
    PVD_IRQHandler                           0x080001e7   Thumb Code     0  startup_stm32f103xe.o(.text)
    RCC_IRQHandler                           0x080001e7   Thumb Code     0  startup_stm32f103xe.o(.text)
    RTC_Alarm_IRQHandler                     0x080001e7   Thumb Code     0  startup_stm32f103xe.o(.text)
    RTC_IRQHandler                           0x080001e7   Thumb Code     0  startup_stm32f103xe.o(.text)
    SDIO_IRQHandler                          0x080001e7   Thumb Code     0  startup_stm32f103xe.o(.text)
    SPI1_IRQHandler                          0x080001e7   Thumb Code     0  startup_stm32f103xe.o(.text)
    SPI2_IRQHandler                          0x080001e7   Thumb Code     0  startup_stm32f103xe.o(.text)
    SPI3_IRQHandler                          0x080001e7   Thumb Code     0  startup_stm32f103xe.o(.text)
    TAMPER_IRQHandler                        0x080001e7   Thumb Code     0  startup_stm32f103xe.o(.text)
    TIM1_BRK_IRQHandler                      0x080001e7   Thumb Code     0  startup_stm32f103xe.o(.text)
    TIM1_CC_IRQHandler                       0x080001e7   Thumb Code     0  startup_stm32f103xe.o(.text)
    TIM1_TRG_COM_IRQHandler                  0x080001e7   Thumb Code     0  startup_stm32f103xe.o(.text)
    TIM1_UP_IRQHandler                       0x080001e7   Thumb Code     0  startup_stm32f103xe.o(.text)
    TIM2_IRQHandler                          0x080001e7   Thumb Code     0  startup_stm32f103xe.o(.text)
    TIM3_IRQHandler                          0x080001e7   Thumb Code     0  startup_stm32f103xe.o(.text)
    TIM4_IRQHandler                          0x080001e7   Thumb Code     0  startup_stm32f103xe.o(.text)
    TIM5_IRQHandler                          0x080001e7   Thumb Code     0  startup_stm32f103xe.o(.text)
    TIM6_IRQHandler                          0x080001e7   Thumb Code     0  startup_stm32f103xe.o(.text)
    TIM7_IRQHandler                          0x080001e7   Thumb Code     0  startup_stm32f103xe.o(.text)
    TIM8_BRK_IRQHandler                      0x080001e7   Thumb Code     0  startup_stm32f103xe.o(.text)
    TIM8_CC_IRQHandler                       0x080001e7   Thumb Code     0  startup_stm32f103xe.o(.text)
    TIM8_TRG_COM_IRQHandler                  0x080001e7   Thumb Code     0  startup_stm32f103xe.o(.text)
    TIM8_UP_IRQHandler                       0x080001e7   Thumb Code     0  startup_stm32f103xe.o(.text)
    UART4_IRQHandler                         0x080001e7   Thumb Code     0  startup_stm32f103xe.o(.text)
    UART5_IRQHandler                         0x080001e7   Thumb Code     0  startup_stm32f103xe.o(.text)
    USBWakeUp_IRQHandler                     0x080001e7   Thumb Code     0  startup_stm32f103xe.o(.text)
    USB_HP_CAN1_TX_IRQHandler                0x080001e7   Thumb Code     0  startup_stm32f103xe.o(.text)
    USB_LP_CAN1_RX0_IRQHandler               0x080001e7   Thumb Code     0  startup_stm32f103xe.o(.text)
    WWDG_IRQHandler                          0x080001e7   Thumb Code     0  startup_stm32f103xe.o(.text)
    __user_initial_stackheap                 0x080001e9   Thumb Code     0  startup_stm32f103xe.o(.text)
    __use_two_region_memory                  0x0800020d   Thumb Code     2  heapauxi.o(.text)
    __rt_heap_escrow$2region                 0x0800020f   Thumb Code     2  heapauxi.o(.text)
    __rt_heap_expand$2region                 0x08000211   Thumb Code     2  heapauxi.o(.text)
    __user_setup_stackheap                   0x08000213   Thumb Code    74  sys_stackheap_outer.o(.text)
    exit                                     0x0800025d   Thumb Code    18  exit.o(.text)
    __user_libspace                          0x08000271   Thumb Code     8  libspace.o(.text)
    __user_perproc_libspace                  0x08000271   Thumb Code     0  libspace.o(.text)
    __user_perthread_libspace                0x08000271   Thumb Code     0  libspace.o(.text)
    _sys_exit                                0x08000279   Thumb Code     8  sys_exit.o(.text)
    __I$use$semihosting                      0x08000285   Thumb Code     0  use_no_semi.o(.text)
    __use_no_semihosting_swi                 0x08000285   Thumb Code     2  use_no_semi.o(.text)
    __semihosting_library_function           0x08000287   Thumb Code     0  indicate_semi.o(.text)
    APP_OLED_DISPLAY_PICTURE                 0x08000289   Thumb Code   136  app_oled_display.o(i.APP_OLED_DISPLAY_PICTURE)
    BSP_LED_INIT                             0x08000321   Thumb Code    88  bsp_led.o(i.BSP_LED_INIT)
    BSP_OLED_INIT                            0x08000389   Thumb Code   246  bsp_oled_operation.o(i.BSP_OLED_INIT)
    BSP_OLED_REFRESH_GRAM                    0x08000481   Thumb Code    66  bsp_oled_operation.o(i.BSP_OLED_REFRESH_GRAM)
    BSP_OLED_RST                             0x080004c9   Thumb Code    28  bsp_oled_operation.o(i.BSP_OLED_RST)
    BSP_SYSCLOCK_INIT                        0x080004e9   Thumb Code    68  bsp_sysclock_config.o(i.BSP_SYSCLOCK_INIT)
    BSP_SYSTICK_INIT                         0x0800052d   Thumb Code    48  bsp_systick.o(i.BSP_SYSTICK_INIT)
    BusFault_Handler                         0x08000561   Thumb Code     2  stm32f1xx_it.o(i.BusFault_Handler)
    DMA1_Channel1_IRQHandler                 0x08000563   Thumb Code     2  bsp_dma.o(i.DMA1_Channel1_IRQHandler)
    DMA1_Channel2_IRQHandler                 0x08000565   Thumb Code     6  bsp_dma.o(i.DMA1_Channel2_IRQHandler)
    DMA1_Channel3_IRQHandler                 0x08000571   Thumb Code     6  bsp_dma.o(i.DMA1_Channel3_IRQHandler)
    DMA1_Channel4_IRQHandler                 0x0800057d   Thumb Code     6  bsp_dma.o(i.DMA1_Channel4_IRQHandler)
    DMA1_Channel5_IRQHandler                 0x08000589   Thumb Code     6  bsp_dma.o(i.DMA1_Channel5_IRQHandler)
    DMA1_Channel6_IRQHandler                 0x08000595   Thumb Code     6  bsp_dma.o(i.DMA1_Channel6_IRQHandler)
    DMA1_Channel7_IRQHandler                 0x080005a1   Thumb Code     6  bsp_dma.o(i.DMA1_Channel7_IRQHandler)
    DebugMon_Handler                         0x080005ad   Thumb Code     2  stm32f1xx_it.o(i.DebugMon_Handler)
    FUNC_DELAY_MS                            0x080005af   Thumb Code    26  func_delay.o(i.FUNC_DELAY_MS)
    FUNC_DELAY_US                            0x080005c9   Thumb Code    50  func_delay.o(i.FUNC_DELAY_US)
    FUNC_OLED_DRAWPOINT                      0x080005fd   Thumb Code    50  func_oled.o(i.FUNC_OLED_DRAWPOINT)
    FUNC_OLED_GRAM_ALL_CLEAR                 0x08000635   Thumb Code    22  func_oled.o(i.FUNC_OLED_GRAM_ALL_CLEAR)
    FUNC_OLED_GRAM_ALL_SET                   0x08000651   Thumb Code    22  func_oled.o(i.FUNC_OLED_GRAM_ALL_SET)
    FUNC_OLED_GRAM_INIT                      0x0800066d   Thumb Code     4  func_oled.o(i.FUNC_OLED_GRAM_INIT)
    FUNC_OLED_GRAM_REFRESH                   0x08000671   Thumb Code     4  func_oled.o(i.FUNC_OLED_GRAM_REFRESH)
    FUNC_OLED_INIT                           0x08000675   Thumb Code    18  func_oled.o(i.FUNC_OLED_INIT)
    FUNC_OLED_Show_ASCII_Mat                 0x08000689   Thumb Code   190  func_oled.o(i.FUNC_OLED_Show_ASCII_Mat)
    FUNC_OLED_Show_Str                       0x08000755   Thumb Code   206  func_oled.o(i.FUNC_OLED_Show_Str)
    FUNC_S_DELAY_MS_TICK_INC                 0x08000825   Thumb Code    10  func_s_delay.o(i.FUNC_S_DELAY_MS_TICK_INC)
    FUNC_S_NB_DELAY_MS_START                 0x08000835   Thumb Code    34  func_s_delay.o(i.FUNC_S_NB_DELAY_MS_START)
    FUNC_S_NB_DELAY_MS_STATE                 0x0800085d   Thumb Code    36  func_s_delay.o(i.FUNC_S_NB_DELAY_MS_STATE)
    FUNC_S_STATE_MACHINE1_INIT               0x08000885   Thumb Code    18  func_s_state_machine.o(i.FUNC_S_STATE_MACHINE1_INIT)
    FUNC_S_STATE_MACHINE1_SCHANGE            0x08000897   Thumb Code    14  func_s_state_machine.o(i.FUNC_S_STATE_MACHINE1_SCHANGE)
    GET_OLED_DATA                            0x080008a5   Thumb Code     2  app_oled_display.o(i.GET_OLED_DATA)
    HAL_DMA_IRQHandler                       0x080008a9   Thumb Code   336  stm32f1xx_hal_dma.o(i.HAL_DMA_IRQHandler)
    HAL_GPIO_Init                            0x08000a11   Thumb Code   464  stm32f1xx_hal_gpio.o(i.HAL_GPIO_Init)
    HAL_GetTick                              0x08000c01   Thumb Code     6  stm32f1xx_hal.o(i.HAL_GetTick)
    HAL_IncTick                              0x08000c0d   Thumb Code    12  stm32f1xx_hal.o(i.HAL_IncTick)
    HAL_Init                                 0x08000c1d   Thumb Code    26  stm32f1xx_hal.o(i.HAL_Init)
    HAL_InitTick                             0x08000c3d   Thumb Code    58  stm32f1xx_hal.o(i.HAL_InitTick)
    HAL_MspInit                              0x08000c81   Thumb Code     2  stm32f1xx_hal_msp.o(i.HAL_MspInit)
    HAL_NVIC_SetPriority                     0x08000c85   Thumb Code    60  stm32f1xx_hal_cortex.o(i.HAL_NVIC_SetPriority)
    HAL_NVIC_SetPriorityGrouping             0x08000cc5   Thumb Code    26  stm32f1xx_hal_cortex.o(i.HAL_NVIC_SetPriorityGrouping)
    HAL_RCC_ClockConfig                      0x08000ce9   Thumb Code   318  stm32f1xx_hal_rcc.o(i.HAL_RCC_ClockConfig)
    HAL_RCC_GetSysClockFreq                  0x08000e3d   Thumb Code    82  stm32f1xx_hal_rcc.o(i.HAL_RCC_GetSysClockFreq)
    HAL_RCC_OscConfig                        0x08000eb1   Thumb Code   882  stm32f1xx_hal_rcc.o(i.HAL_RCC_OscConfig)
    HAL_SYSTICK_Config                       0x08001235   Thumb Code    40  stm32f1xx_hal_cortex.o(i.HAL_SYSTICK_Config)
    HardFault_Handler                        0x0800125d   Thumb Code     2  stm32f1xx_it.o(i.HardFault_Handler)
    MemManage_Handler                        0x0800125f   Thumb Code     2  stm32f1xx_it.o(i.MemManage_Handler)
    NMI_Handler                              0x08001261   Thumb Code     2  stm32f1xx_it.o(i.NMI_Handler)
    PendSV_Handler                           0x08001263   Thumb Code     2  stm32f1xx_it.o(i.PendSV_Handler)
    SVC_Handler                              0x08001289   Thumb Code     2  stm32f1xx_it.o(i.SVC_Handler)
    SysTick_Handler                          0x0800128d   Thumb Code    20  bsp_systick.o(i.SysTick_Handler)
    SystemInit                               0x080012a5   Thumb Code    56  system_stm32f1xx.o(i.SystemInit)
    USART1_IRQHandler                        0x080012ed   Thumb Code   188  bsp_uart.o(i.USART1_IRQHandler)
    USART2_IRQHandler                        0x080013b5   Thumb Code   188  bsp_uart.o(i.USART2_IRQHandler)
    USART3_IRQHandler                        0x0800147d   Thumb Code   188  bsp_uart.o(i.USART3_IRQHandler)
    UsageFault_Handler                       0x08001545   Thumb Code     2  stm32f1xx_it.o(i.UsageFault_Handler)
    bsp_oled_delay2                          0x08001567   Thumb Code    10  bsp_oled_operation.o(i.bsp_oled_delay2)
    bsp_oled_io_config                       0x08001571   Thumb Code    62  bsp_oled_operation.o(i.bsp_oled_io_config)
    bsp_oled_wr_byte                         0x080015bd   Thumb Code    32  bsp_oled_operation.o(i.bsp_oled_wr_byte)
    bsp_spi_send_byte                        0x080015e1   Thumb Code    60  bsp_oled_operation.o(i.bsp_spi_send_byte)
    main                                     0x08001621   Thumb Code   332  main.o(i.main)
    show_debug_picture_value                 0x080017c9   Thumb Code     2  app_oled_display.o(i.show_debug_picture_value)
    show_idle_picture_value                  0x080017cb   Thumb Code     2  app_oled_display.o(i.show_idle_picture_value)
    AHBPrescTable                            0x080017cc   Data          16  system_stm32f1xx.o(.constdata)
    asc2_1206                                0x080017dc   Data        1140  func_oled.o(.constdata)
    asc2_1608                                0x08001c50   Data        1520  func_oled.o(.constdata)
    asc2_2412                                0x08002240   Data        3420  func_oled.o(.constdata)
    Region$$Table$$Base                      0x08002f9c   Number         0  anon$$obj.o(Region$$Table)
    Region$$Table$$Limit                     0x08002fbc   Number         0  anon$$obj.o(Region$$Table)
    uwTickFreq                               0x20000000   Data           1  stm32f1xx_hal.o(.data)
    uwTickPrio                               0x20000004   Data           4  stm32f1xx_hal.o(.data)
    uwTick                                   0x20000008   Data           4  stm32f1xx_hal.o(.data)
    bsp_systick_count                        0x2000000c   Data           4  bsp_systick.o(.data)
    SystemCoreClock                          0x20000010   Data           4  system_stm32f1xx.o(.data)
    APP_OLED_REFRESH_OLED_RAM_MARK           0x20000018   Data           1  app_oled_display.o(.data)
    MAIN_CON_SM                              0x2000001b   Data           6  main.o(.data)
    hdma_adc1                                0x20000024   Data          68  bsp_dma.o(.bss)
    hdma_tim1_ch1                            0x20000068   Data          68  bsp_dma.o(.bss)
    hdma_tim1_ch2                            0x200000ac   Data          68  bsp_dma.o(.bss)
    hdma_uart1tx                             0x200000f0   Data          68  bsp_dma.o(.bss)
    hdma_uart1rx                             0x20000134   Data          68  bsp_dma.o(.bss)
    hdma_uart2tx                             0x20000178   Data          68  bsp_dma.o(.bss)
    hdma_uart2rx                             0x200001bc   Data          68  bsp_dma.o(.bss)
    hdma_uart3tx                             0x20000200   Data          68  bsp_dma.o(.bss)
    hdma_uart3rx                             0x20000244   Data          68  bsp_dma.o(.bss)
    UART1_Handler                            0x20000288   Data          64  bsp_uart.o(.bss)
    BSP_UART1_DMA_RX_BUF                     0x200002c8   Data          50  bsp_uart.o(.bss)
    BSP_UART1_DMA_RX                         0x200002fc   Data          12  bsp_uart.o(.bss)
    BSP_UART1_RX_BUF                         0x20000308   Data         200  bsp_uart.o(.bss)
    BSP_UART1_RX                             0x200003d0   Data          16  bsp_uart.o(.bss)
    UART2_Handler                            0x200003e0   Data          64  bsp_uart.o(.bss)
    BSP_UART2_DMA_RX_BUF                     0x20000420   Data          50  bsp_uart.o(.bss)
    BSP_UART2_DMA_RX                         0x20000454   Data          12  bsp_uart.o(.bss)
    BSP_UART2_RX_BUF                         0x20000460   Data         200  bsp_uart.o(.bss)
    BSP_UART2_RX                             0x20000528   Data          16  bsp_uart.o(.bss)
    UART3_Handler                            0x20000538   Data          64  bsp_uart.o(.bss)
    BSP_UART3_DMA_RX_BUF                     0x20000578   Data          50  bsp_uart.o(.bss)
    BSP_UART3_DMA_RX                         0x200005ac   Data          12  bsp_uart.o(.bss)
    BSP_UART3_RX_BUF                         0x200005b8   Data         200  bsp_uart.o(.bss)
    BSP_UART3_RX                             0x20000680   Data          16  bsp_uart.o(.bss)
    FUNC_OLED_GRAM                           0x20000690   Data        1024  func_oled.o(.bss)
    __libspace_start                         0x20000a9c   Data          96  libspace.o(.bss)
    __temporary_stack_top$libspace           0x20000afc   Data           0  libspace.o(.bss)



==============================================================================

Memory Map of the image

  Image Entry point : 0x08000131

  Load Region LR_IROM1 (Base: 0x08000000, Size: 0x00002fe0, Max: 0x00008000, ABSOLUTE)

    Execution Region ER_IROM1 (Exec base: 0x08000000, Load base: 0x08000000, Size: 0x00002fbc, Max: 0x00008000, ABSOLUTE)

    Exec Addr    Load Addr    Size         Type   Attr      Idx    E Section Name        Object

    0x08000000   0x08000000   0x00000130   Data   RO            3    RESET               startup_stm32f103xe.o
    0x08000130   0x08000130   0x00000008   Code   RO         7469  * !!!main             c_w.l(__main.o)
    0x08000138   0x08000138   0x00000034   Code   RO         7626    !!!scatter          c_w.l(__scatter.o)
    0x0800016c   0x0800016c   0x0000001a   Code   RO         7628    !!handler_copy      c_w.l(__scatter_copy.o)
    0x08000186   0x08000186   0x00000002   PAD
    0x08000188   0x08000188   0x0000001c   Code   RO         7630    !!handler_zi        c_w.l(__scatter_zi.o)
    0x080001a4   0x080001a4   0x00000002   Code   RO         7496    .ARM.Collect$$libinit$$00000000  c_w.l(libinit.o)
    0x080001a6   0x080001a6   0x00000000   Code   RO         7503    .ARM.Collect$$libinit$$00000002  c_w.l(libinit2.o)
    0x080001a6   0x080001a6   0x00000000   Code   RO         7505    .ARM.Collect$$libinit$$00000004  c_w.l(libinit2.o)
    0x080001a6   0x080001a6   0x00000000   Code   RO         7508    .ARM.Collect$$libinit$$0000000A  c_w.l(libinit2.o)
    0x080001a6   0x080001a6   0x00000000   Code   RO         7510    .ARM.Collect$$libinit$$0000000C  c_w.l(libinit2.o)
    0x080001a6   0x080001a6   0x00000000   Code   RO         7512    .ARM.Collect$$libinit$$0000000E  c_w.l(libinit2.o)
    0x080001a6   0x080001a6   0x00000000   Code   RO         7515    .ARM.Collect$$libinit$$00000011  c_w.l(libinit2.o)
    0x080001a6   0x080001a6   0x00000000   Code   RO         7517    .ARM.Collect$$libinit$$00000013  c_w.l(libinit2.o)
    0x080001a6   0x080001a6   0x00000000   Code   RO         7519    .ARM.Collect$$libinit$$00000015  c_w.l(libinit2.o)
    0x080001a6   0x080001a6   0x00000000   Code   RO         7521    .ARM.Collect$$libinit$$00000017  c_w.l(libinit2.o)
    0x080001a6   0x080001a6   0x00000000   Code   RO         7523    .ARM.Collect$$libinit$$00000019  c_w.l(libinit2.o)
    0x080001a6   0x080001a6   0x00000000   Code   RO         7525    .ARM.Collect$$libinit$$0000001B  c_w.l(libinit2.o)
    0x080001a6   0x080001a6   0x00000000   Code   RO         7527    .ARM.Collect$$libinit$$0000001D  c_w.l(libinit2.o)
    0x080001a6   0x080001a6   0x00000000   Code   RO         7529    .ARM.Collect$$libinit$$0000001F  c_w.l(libinit2.o)
    0x080001a6   0x080001a6   0x00000000   Code   RO         7531    .ARM.Collect$$libinit$$00000021  c_w.l(libinit2.o)
    0x080001a6   0x080001a6   0x00000000   Code   RO         7533    .ARM.Collect$$libinit$$00000023  c_w.l(libinit2.o)
    0x080001a6   0x080001a6   0x00000000   Code   RO         7535    .ARM.Collect$$libinit$$00000025  c_w.l(libinit2.o)
    0x080001a6   0x080001a6   0x00000000   Code   RO         7539    .ARM.Collect$$libinit$$0000002C  c_w.l(libinit2.o)
    0x080001a6   0x080001a6   0x00000000   Code   RO         7541    .ARM.Collect$$libinit$$0000002E  c_w.l(libinit2.o)
    0x080001a6   0x080001a6   0x00000000   Code   RO         7543    .ARM.Collect$$libinit$$00000030  c_w.l(libinit2.o)
    0x080001a6   0x080001a6   0x00000000   Code   RO         7545    .ARM.Collect$$libinit$$00000032  c_w.l(libinit2.o)
    0x080001a6   0x080001a6   0x00000002   Code   RO         7546    .ARM.Collect$$libinit$$00000033  c_w.l(libinit2.o)
    0x080001a8   0x080001a8   0x00000002   Code   RO         7566    .ARM.Collect$$libshutdown$$00000000  c_w.l(libshutdown.o)
    0x080001aa   0x080001aa   0x00000000   Code   RO         7579    .ARM.Collect$$libshutdown$$00000002  c_w.l(libshutdown2.o)
    0x080001aa   0x080001aa   0x00000000   Code   RO         7581    .ARM.Collect$$libshutdown$$00000004  c_w.l(libshutdown2.o)
    0x080001aa   0x080001aa   0x00000000   Code   RO         7584    .ARM.Collect$$libshutdown$$00000007  c_w.l(libshutdown2.o)
    0x080001aa   0x080001aa   0x00000000   Code   RO         7587    .ARM.Collect$$libshutdown$$0000000A  c_w.l(libshutdown2.o)
    0x080001aa   0x080001aa   0x00000000   Code   RO         7589    .ARM.Collect$$libshutdown$$0000000C  c_w.l(libshutdown2.o)
    0x080001aa   0x080001aa   0x00000000   Code   RO         7592    .ARM.Collect$$libshutdown$$0000000F  c_w.l(libshutdown2.o)
    0x080001aa   0x080001aa   0x00000002   Code   RO         7593    .ARM.Collect$$libshutdown$$00000010  c_w.l(libshutdown2.o)
    0x080001ac   0x080001ac   0x00000000   Code   RO         7471    .ARM.Collect$$rtentry$$00000000  c_w.l(__rtentry.o)
    0x080001ac   0x080001ac   0x00000000   Code   RO         7473    .ARM.Collect$$rtentry$$00000002  c_w.l(__rtentry2.o)
    0x080001ac   0x080001ac   0x00000006   Code   RO         7485    .ARM.Collect$$rtentry$$00000004  c_w.l(__rtentry4.o)
    0x080001b2   0x080001b2   0x00000000   Code   RO         7475    .ARM.Collect$$rtentry$$00000009  c_w.l(__rtentry2.o)
    0x080001b2   0x080001b2   0x00000004   Code   RO         7476    .ARM.Collect$$rtentry$$0000000A  c_w.l(__rtentry2.o)
    0x080001b6   0x080001b6   0x00000000   Code   RO         7478    .ARM.Collect$$rtentry$$0000000C  c_w.l(__rtentry2.o)
    0x080001b6   0x080001b6   0x00000008   Code   RO         7479    .ARM.Collect$$rtentry$$0000000D  c_w.l(__rtentry2.o)
    0x080001be   0x080001be   0x00000002   Code   RO         7500    .ARM.Collect$$rtexit$$00000000  c_w.l(rtexit.o)
    0x080001c0   0x080001c0   0x00000000   Code   RO         7548    .ARM.Collect$$rtexit$$00000002  c_w.l(rtexit2.o)
    0x080001c0   0x080001c0   0x00000004   Code   RO         7549    .ARM.Collect$$rtexit$$00000003  c_w.l(rtexit2.o)
    0x080001c4   0x080001c4   0x00000006   Code   RO         7550    .ARM.Collect$$rtexit$$00000004  c_w.l(rtexit2.o)
    0x080001ca   0x080001ca   0x00000002   PAD
    0x080001cc   0x080001cc   0x00000040   Code   RO            4    .text               startup_stm32f103xe.o
    0x0800020c   0x0800020c   0x00000006   Code   RO         7467    .text               c_w.l(heapauxi.o)
    0x08000212   0x08000212   0x0000004a   Code   RO         7487    .text               c_w.l(sys_stackheap_outer.o)
    0x0800025c   0x0800025c   0x00000012   Code   RO         7489    .text               c_w.l(exit.o)
    0x0800026e   0x0800026e   0x00000002   PAD
    0x08000270   0x08000270   0x00000008   Code   RO         7497    .text               c_w.l(libspace.o)
    0x08000278   0x08000278   0x0000000c   Code   RO         7558    .text               c_w.l(sys_exit.o)
    0x08000284   0x08000284   0x00000002   Code   RO         7569    .text               c_w.l(use_no_semi.o)
    0x08000286   0x08000286   0x00000000   Code   RO         7571    .text               c_w.l(indicate_semi.o)
    0x08000286   0x08000286   0x00000002   PAD
    0x08000288   0x08000288   0x00000098   Code   RO         7373    i.APP_OLED_DISPLAY_PICTURE  app_oled_display.o
    0x08000320   0x08000320   0x00000068   Code   RO         6216    i.BSP_LED_INIT      bsp_led.o
    0x08000388   0x08000388   0x000000f6   Code   RO         6491    i.BSP_OLED_INIT     bsp_oled_operation.o
    0x0800047e   0x0800047e   0x00000002   PAD
    0x08000480   0x08000480   0x00000048   Code   RO         6492    i.BSP_OLED_REFRESH_GRAM  bsp_oled_operation.o
    0x080004c8   0x080004c8   0x00000020   Code   RO         6493    i.BSP_OLED_RST      bsp_oled_operation.o
    0x080004e8   0x080004e8   0x00000044   Code   RO         5861    i.BSP_SYSCLOCK_INIT  bsp_sysclock_config.o
    0x0800052c   0x0800052c   0x00000034   Code   RO         5955    i.BSP_SYSTICK_INIT  bsp_systick.o
    0x08000560   0x08000560   0x00000002   Code   RO         6624    i.BusFault_Handler  stm32f1xx_it.o
    0x08000562   0x08000562   0x00000002   Code   RO         6051    i.DMA1_Channel1_IRQHandler  bsp_dma.o
    0x08000564   0x08000564   0x0000000c   Code   RO         6052    i.DMA1_Channel2_IRQHandler  bsp_dma.o
    0x08000570   0x08000570   0x0000000c   Code   RO         6053    i.DMA1_Channel3_IRQHandler  bsp_dma.o
    0x0800057c   0x0800057c   0x0000000c   Code   RO         6054    i.DMA1_Channel4_IRQHandler  bsp_dma.o
    0x08000588   0x08000588   0x0000000c   Code   RO         6055    i.DMA1_Channel5_IRQHandler  bsp_dma.o
    0x08000594   0x08000594   0x0000000c   Code   RO         6056    i.DMA1_Channel6_IRQHandler  bsp_dma.o
    0x080005a0   0x080005a0   0x0000000c   Code   RO         6057    i.DMA1_Channel7_IRQHandler  bsp_dma.o
    0x080005ac   0x080005ac   0x00000002   Code   RO         6625    i.DebugMon_Handler  stm32f1xx_it.o
    0x080005ae   0x080005ae   0x0000001a   Code   RO         7119    i.FUNC_DELAY_MS     func_delay.o
    0x080005c8   0x080005c8   0x00000032   Code   RO         7120    i.FUNC_DELAY_US     func_delay.o
    0x080005fa   0x080005fa   0x00000002   PAD
    0x080005fc   0x080005fc   0x00000038   Code   RO         7249    i.FUNC_OLED_DRAWPOINT  func_oled.o
    0x08000634   0x08000634   0x0000001c   Code   RO         7254    i.FUNC_OLED_GRAM_ALL_CLEAR  func_oled.o
    0x08000650   0x08000650   0x0000001c   Code   RO         7255    i.FUNC_OLED_GRAM_ALL_SET  func_oled.o
    0x0800066c   0x0800066c   0x00000004   Code   RO         7256    i.FUNC_OLED_GRAM_INIT  func_oled.o
    0x08000670   0x08000670   0x00000004   Code   RO         7257    i.FUNC_OLED_GRAM_REFRESH  func_oled.o
    0x08000674   0x08000674   0x00000012   Code   RO         7258    i.FUNC_OLED_INIT    func_oled.o
    0x08000686   0x08000686   0x00000002   PAD
    0x08000688   0x08000688   0x000000cc   Code   RO         7259    i.FUNC_OLED_Show_ASCII_Mat  func_oled.o
    0x08000754   0x08000754   0x000000ce   Code   RO         7260    i.FUNC_OLED_Show_Str  func_oled.o
    0x08000822   0x08000822   0x00000002   PAD
    0x08000824   0x08000824   0x00000010   Code   RO         7055    i.FUNC_S_DELAY_MS_TICK_INC  func_s_delay.o
    0x08000834   0x08000834   0x00000028   Code   RO         7056    i.FUNC_S_NB_DELAY_MS_START  func_s_delay.o
    0x0800085c   0x0800085c   0x00000028   Code   RO         7057    i.FUNC_S_NB_DELAY_MS_STATE  func_s_delay.o
    0x08000884   0x08000884   0x00000012   Code   RO         6728    i.FUNC_S_STATE_MACHINE1_INIT  func_s_state_machine.o
    0x08000896   0x08000896   0x0000000e   Code   RO         6729    i.FUNC_S_STATE_MACHINE1_SCHANGE  func_s_state_machine.o
    0x080008a4   0x080008a4   0x00000002   Code   RO         7374    i.GET_OLED_DATA     app_oled_display.o
    0x080008a6   0x080008a6   0x00000002   PAD
    0x080008a8   0x080008a8   0x00000168   Code   RO         1094    i.HAL_DMA_IRQHandler  stm32f1xx_hal_dma.o
    0x08000a10   0x08000a10   0x000001f0   Code   RO         1485    i.HAL_GPIO_Init     stm32f1xx_hal_gpio.o
    0x08000c00   0x08000c00   0x0000000c   Code   RO           24    i.HAL_GetTick       stm32f1xx_hal.o
    0x08000c0c   0x08000c0c   0x00000010   Code   RO           30    i.HAL_IncTick       stm32f1xx_hal.o
    0x08000c1c   0x08000c1c   0x00000020   Code   RO           31    i.HAL_Init          stm32f1xx_hal.o
    0x08000c3c   0x08000c3c   0x00000044   Code   RO           32    i.HAL_InitTick      stm32f1xx_hal.o
    0x08000c80   0x08000c80   0x00000002   Code   RO         6588    i.HAL_MspInit       stm32f1xx_hal_msp.o
    0x08000c82   0x08000c82   0x00000002   PAD
    0x08000c84   0x08000c84   0x00000040   Code   RO          883    i.HAL_NVIC_SetPriority  stm32f1xx_hal_cortex.o
    0x08000cc4   0x08000cc4   0x00000024   Code   RO          884    i.HAL_NVIC_SetPriorityGrouping  stm32f1xx_hal_cortex.o
    0x08000ce8   0x08000ce8   0x00000154   Code   RO         2850    i.HAL_RCC_ClockConfig  stm32f1xx_hal_rcc.o
    0x08000e3c   0x08000e3c   0x00000074   Code   RO         2859    i.HAL_RCC_GetSysClockFreq  stm32f1xx_hal_rcc.o
    0x08000eb0   0x08000eb0   0x00000384   Code   RO         2862    i.HAL_RCC_OscConfig  stm32f1xx_hal_rcc.o
    0x08001234   0x08001234   0x00000028   Code   RO          888    i.HAL_SYSTICK_Config  stm32f1xx_hal_cortex.o
    0x0800125c   0x0800125c   0x00000002   Code   RO         6626    i.HardFault_Handler  stm32f1xx_it.o
    0x0800125e   0x0800125e   0x00000002   Code   RO         6627    i.MemManage_Handler  stm32f1xx_it.o
    0x08001260   0x08001260   0x00000002   Code   RO         6628    i.NMI_Handler       stm32f1xx_it.o
    0x08001262   0x08001262   0x00000002   Code   RO         6629    i.PendSV_Handler    stm32f1xx_it.o
    0x08001264   0x08001264   0x00000024   Code   RO         2863    i.RCC_Delay         stm32f1xx_hal_rcc.o
    0x08001288   0x08001288   0x00000002   Code   RO         6630    i.SVC_Handler       stm32f1xx_it.o
    0x0800128a   0x0800128a   0x00000002   PAD
    0x0800128c   0x0800128c   0x00000018   Code   RO         5956    i.SysTick_Handler   bsp_systick.o
    0x080012a4   0x080012a4   0x00000048   Code   RO         6694    i.SystemInit        system_stm32f1xx.o
    0x080012ec   0x080012ec   0x000000c8   Code   RO         6264    i.USART1_IRQHandler  bsp_uart.o
    0x080013b4   0x080013b4   0x000000c8   Code   RO         6265    i.USART2_IRQHandler  bsp_uart.o
    0x0800147c   0x0800147c   0x000000c8   Code   RO         6266    i.USART3_IRQHandler  bsp_uart.o
    0x08001544   0x08001544   0x00000002   Code   RO         6631    i.UsageFault_Handler  stm32f1xx_it.o
    0x08001546   0x08001546   0x00000020   Code   RO          890    i.__NVIC_SetPriority  stm32f1xx_hal_cortex.o
    0x08001566   0x08001566   0x0000000a   Code   RO         6495    i.bsp_oled_delay2   bsp_oled_operation.o
    0x08001570   0x08001570   0x0000004c   Code   RO         6496    i.bsp_oled_io_config  bsp_oled_operation.o
    0x080015bc   0x080015bc   0x00000024   Code   RO         6497    i.bsp_oled_wr_byte  bsp_oled_operation.o
    0x080015e0   0x080015e0   0x00000040   Code   RO         6498    i.bsp_spi_send_byte  bsp_oled_operation.o
    0x08001620   0x08001620   0x00000164   Code   RO         7425    i.main              main.o
    0x08001784   0x08001784   0x00000044   Code   RO         6271    i.ringbuf_write     bsp_uart.o
    0x080017c8   0x080017c8   0x00000002   Code   RO         7375    i.show_debug_picture_value  app_oled_display.o
    0x080017ca   0x080017ca   0x00000002   Code   RO         7376    i.show_idle_picture_value  app_oled_display.o
    0x080017cc   0x080017cc   0x00000010   Data   RO         6695    .constdata          system_stm32f1xx.o
    0x080017dc   0x080017dc   0x000017c0   Data   RO         7266    .constdata          func_oled.o
    0x08002f9c   0x08002f9c   0x00000020   Data   RO         7624    Region$$Table       anon$$obj.o


    Execution Region RW_IRAM1 (Exec base: 0x20000000, Load base: 0x08002fbc, Size: 0x00001500, Max: 0x0000c000, ABSOLUTE)

    Exec Addr    Load Addr    Size         Type   Attr      Idx    E Section Name        Object

    0x20000000   0x08002fbc   0x0000000c   Data   RW           38    .data               stm32f1xx_hal.o
    0x2000000c   0x08002fc8   0x00000004   Data   RW         5957    .data               bsp_systick.o
    0x20000010   0x08002fcc   0x00000004   Data   RW         6697    .data               system_stm32f1xx.o
    0x20000014   0x08002fd0   0x00000004   Data   RW         7058    .data               func_s_delay.o
    0x20000018   0x08002fd4   0x00000003   Data   RW         7377    .data               app_oled_display.o
    0x2000001b   0x08002fd7   0x00000006   Data   RW         7427    .data               main.o
    0x20000021   0x08002fdd   0x00000003   PAD
    0x20000024        -       0x00000264   Zero   RW         6058    .bss                bsp_dma.o
    0x20000288        -       0x00000408   Zero   RW         6272    .bss                bsp_uart.o
    0x20000690        -       0x00000400   Zero   RW         7265    .bss                func_oled.o
    0x20000a90        -       0x0000000c   Zero   RW         7426    .bss                main.o
    0x20000a9c        -       0x00000060   Zero   RW         7498    .bss                c_w.l(libspace.o)
    0x20000afc   0x08002fdd   0x00000004   PAD
    0x20000b00        -       0x00000200   Zero   RW            2    HEAP                startup_stm32f103xe.o
    0x20000d00        -       0x00000800   Zero   RW            1    STACK               startup_stm32f103xe.o


==============================================================================

Image component sizes


      Code (inc. data)   RO Data    RW Data    ZI Data      Debug   Object Name

       158         16          0          3          0       2321   app_oled_display.o
        74         36          0          0        612       4629   bsp_dma.o
       104         16          0          0          0        967   bsp_led.o
       536         32          0          0          0       4573   bsp_oled_operation.o
        68          0          0          0          0      10656   bsp_sysclock_config.o
        76          8          0          4          0       1529   bsp_systick.o
       668         36          0          0       1032       4764   bsp_uart.o
        76          0          0          0          0       1088   func_delay.o
       548         32       6080          0       1024       6233   func_oled.o
        96         16          0          4          0       2241   func_s_delay.o
        32          0          0          0          0       1469   func_s_state_machine.o
       356         24          0          6         12       1789   main.o
        64         26        304          0       2560        816   startup_stm32f103xe.o
       128         26          0         12          0     396253   stm32f1xx_hal.o
       172         14          0          0          0      28042   stm32f1xx_hal_cortex.o
       360         24          0          0          0       1433   stm32f1xx_hal_dma.o
       496         32          0          0          0       2144   stm32f1xx_hal_gpio.o
         2          0          0          0          0        906   stm32f1xx_hal_msp.o
      1392         80          0          0          0       4824   stm32f1xx_hal_rcc.o
        16          0          0          0          0       3264   stm32f1xx_it.o
        72         16         16          4          0       1195   system_stm32f1xx.o

    ----------------------------------------------------------------------
      5508        434       6432         36       5240     481136   Object Totals
         0          0         32          0          0          0   (incl. Generated)
        14          0          0          3          0          0   (incl. Padding)

    ----------------------------------------------------------------------

      Code (inc. data)   RO Data    RW Data    ZI Data      Debug   Library Member Name

         8          0          0          0          0         68   __main.o
         0          0          0          0          0          0   __rtentry.o
        12          0          0          0          0          0   __rtentry2.o
         6          0          0          0          0          0   __rtentry4.o
        52          8          0          0          0          0   __scatter.o
        26          0          0          0          0          0   __scatter_copy.o
        28          0          0          0          0          0   __scatter_zi.o
        18          0          0          0          0         80   exit.o
         6          0          0          0          0        152   heapauxi.o
         0          0          0          0          0          0   indicate_semi.o
         2          0          0          0          0          0   libinit.o
         2          0          0          0          0          0   libinit2.o
         2          0          0          0          0          0   libshutdown.o
         2          0          0          0          0          0   libshutdown2.o
         8          4          0          0         96         68   libspace.o
         2          0          0          0          0          0   rtexit.o
        10          0          0          0          0          0   rtexit2.o
        12          4          0          0          0         68   sys_exit.o
        74          0          0          0          0         80   sys_stackheap_outer.o
         2          0          0          0          0         68   use_no_semi.o

    ----------------------------------------------------------------------
       280         16          0          0        100        584   Library Totals
         8          0          0          0          4          0   (incl. Padding)

    ----------------------------------------------------------------------

      Code (inc. data)   RO Data    RW Data    ZI Data      Debug   Library Name

       272         16          0          0         96        584   c_w.l

    ----------------------------------------------------------------------
       280         16          0          0        100        584   Library Totals

    ----------------------------------------------------------------------

==============================================================================


      Code (inc. data)   RO Data    RW Data    ZI Data      Debug   

      5788        450       6432         36       5340     478336   Grand Totals
      5788        450       6432         36       5340     478336   ELF Image Totals
      5788        450       6432         36          0          0   ROM Totals

==============================================================================

    Total RO  Size (Code + RO Data)                12220 (  11.93kB)
    Total RW  Size (RW Data + ZI Data)              5376 (   5.25kB)
    Total ROM Size (Code + RO Data + RW Data)      12256 (  11.97kB)

==============================================================================

